
> build · mimo-v2.5

→ Read D:/apps/decoded-ops-website/.context/briefs/BRIEF-staging-vocab-strings.md

$ Test-Path "D:\apps\worktrees\decoded-ops-website\staging-vocab-strings\node_modules" -ErrorAction SilentlyContinue
False

# Todos
[•] npm ci --legacy-peer-deps
[ ] Fix 1-3: Sector metadata rewrites (signs, awards, labels)
[ ] Fix 4: systems-dont-talk description
[ ] Fix 5: Other sector descriptions (problem-first rewrite)
[ ] Fix 6: Homepage metadata description
[ ] Fix 7: teamwear-clubwear body strings (×2)
[ ] Fix 8: workwear body strings (×2)
[ ] Fix 9: promotional-merchandise body string
[ ] Fix 10: Quote-to-order card titles (×2)
[ ] Fix 11: digitisation→digitising (garment-decoration)
[ ] Fix 12: wrong-erp-software FAQ line
[ ] Addition: Remove Khaos overclaim from hanicks + data-app
[ ] Verify: grep checks + next build + diff stat

$ npm ci --legacy-peer-deps 2>&1 | Select-Object -Last 5
npm warn allow-scripts   cpu-features@0.0.10 (install: node buildcheck.js > buildcheck.gypi && node-gyp rebuild)
npm warn allow-scripts   ssh2@1.17.0 (install: node install.js)
npm warn allow-scripts   unrs-resolver@1.12.2 (postinstall: node postinstall.js)
npm warn allow-scripts
npm warn allow-scripts Run `npm approve-scripts --allow-scripts-pending` to review, or `npm approve-scripts <pkg>` to allow.

→ Read app/sectors/signs-graphics/page.tsx
→ Read app/sectors/awards-engraving/page.tsx
→ Read app/sectors/labels-packaging/page.tsx
→ Read app/problems/systems-dont-talk/page.tsx
→ Read app/page.tsx [limit=80]
→ Read app/sectors/teamwear-clubwear/page.tsx
Now let me read all the files I need to modify:

# Todos
[✓] npm ci --legacy-peer-deps
[•] Fix 1-3: Sector metadata rewrites (signs, awards, labels)
[ ] Fix 4: systems-dont-talk description
[ ] Fix 5: Other sector descriptions (problem-first rewrite)
[ ] Fix 6: Homepage metadata description
[ ] Fix 7: teamwear-clubwear body strings (×2)
[ ] Fix 8: workwear body strings (×2)
[ ] Fix 9: promotional-merchandise body string
[ ] Fix 10: Quote-to-order card titles (×2)
[ ] Fix 11: digitisation→digitising (garment-decoration)
[ ] Fix 12: wrong-erp-software FAQ line
[ ] Addition: Remove Khaos overclaim from hanicks + data-app
[ ] Verify: grep checks + next build + diff stat

→ Read app/sectors/workwear/page.tsx
→ Read app/sectors/promotional-merchandise/page.tsx
→ Read app/sectors/print-promotional/page.tsx
→ Read app/sectors/garment-decoration/page.tsx
→ Read app/problems/wrong-erp-software/page.tsx
→ Read app/case-studies/hanicks/page.tsx
→ Read app/apps/data-app/page.tsx
✱ Glob "app/sectors/*/page.tsx" in . · 9 matches
Now let me find all remaining sector pages that need fix 5, and check for any other sector files:

$ git grep -n -iE "khaos" app/
app/apps/commerce/page.tsx:105:              <p>Multi-site storefronts, ERP integration (Khaos Control sync and similar), and bespoke
app/apps/commerce/page.tsx:182:                into Khaos Control. That&rsquo;s scoped and quoted like any other full custom build, not read
app/apps/data-app/page.tsx:99:                  <text x="310" y="646" className="p-mono" fontSize="18" opacity=".85">Khaos Control ·
app/apps/data-app/page.tsx:151:              <p className="stat-label">pushed live to Khaos Control within weeks</p>
app/apps/page.tsx:68:                Hanicks&rsquo; migration off WooCommerce and back into Khaos Control is
app/apps/page.tsx:148:                        fontWeight="600">Khaos Control · Symphony · yours</text>
app/case-studies/hanicks/page.tsx:8:  title: 'Hanicks: Khaos Control ERP + Custom App | Decoded Ops',
app/case-studies/hanicks/page.tsx:9:  description: 'Project-leading a Khaos Control ERP implementation for Hanicks alongside a custom app for supplier data, Amazon FBA, and channel automation.',
app/case-studies/hanicks/page.tsx:13:    title: 'Hanicks: Khaos Control ERP + Custom App | Decoded Ops',
app/case-studies/hanicks/page.tsx:14:    description: 'Project-leading a Khaos Control ERP implementation alongside a custom app for supplier data, Amazon FBA, and channel automation.',
app/case-studies/hanicks/page.tsx:19:    title: 'Hanicks: Khaos Control ERP + Custom App | Decoded Ops',
app/case-studies/hanicks/page.tsx:20:    description: 'Project-leading a Khaos Control ERP implementation alongside a custom app.',
app/case-studies/hanicks/page.tsx:29:      headline: 'Hanicks: Khaos Control ERP + Custom App',
app/case-studies/hanicks/page.tsx:30:      description: 'Project-leading a Khaos Control ERP implementation for Hanicks alongside a custom app for supplier data, Amazon FBA, and channel automation.',
app/case-studies/hanicks/page.tsx:85:            <p className="lede" style={{ marginTop: 16 }}>164,752 products imported from supplier feeds. 127,135 matched automatically on the first run, a 77% match rate, without anyone re-keying a row. 11,064 pushed live to Khaos Control within weeks.</p>
app/case-studies/hanicks/page.tsx:128:                    <text x="890" y="472" className="p-ink">11,064 live at Khaos Control</text>
app/case-studies/hanicks/page.tsx:167:                <p className="stat-label">push-eligible products live to Khaos Control</p>
app/case-studies/hanicks/page.tsx:186:              A Clarity Audit picked the platform first: Khaos Control, an off-the-shelf ERP. Khaos does not handle supplier feed ingestion, data enrichment, or catalogue maintenance across channels well. So the Data App was built to do exactly that, sitting alongside Khaos rather than replacing it. This is rung 2 of how I work: keep the platform that fits, build the layer it does not do.
app/case-studies/hanicks/page.tsx:189:              The Data App took in every supplier catalogue, matched it against what Hanicks already sold, and pushed the clean result live to Khaos Control.
app/case-studies/page.tsx:29:    desc: 'I\'m leading a Khaos Control ERP implementation, with a custom app for supplier data, Amazon FBA, and channel automation.',
app/case-studies/page.tsx:159:                    <text x="80" y="382" className="p-mono" fontSize="16" opacity=".62">Khaos Control ERP, plus a custom app for supplier data and channel automation</text>
app/case-studies/tacklebag/page.tsx:30:      description: 'Clarity Audit into a Deliver engagement, building a Stock Control module ahead of a Khaos Control ERP implementation, nine supplier feeds fully automated.',
app/clients/[clientId]/components/RoadmapSection.tsx:59:  'ERP Evaluation (Tracker · Pantha · Khaos · Orderflo)',
app/clients/[clientId]/data/hanicks-proposal.ts:12:    subtitle: 'A structured three-month programme to build the IBasis App, lead the Khaos Control implementation, and connect all three sales channels. Craig as project lead — coordinating everything from data migration to go-live.',
app/clients/[clientId]/data/hanicks-proposal.ts:71:      erp:         { x: 420, y: 170, label: 'Khaos Control', color: '#FFB703', r: 36 },
app/clients/[clientId]/data/hanicks-proposal.ts:114:      'Stock synchronised across website and Amazon through Khaos — no manual updates',
app/clients/[clientId]/data/hanicks-proposal.ts:116:      'WooCommerce and Amazon connected natively through Khaos — direct orders entered centrally',
app/clients/[clientId]/data/hanicks-proposal.ts:117:      'Khaos Control as the operational backbone — stock, orders, purchasing, accounts',
app/clients/[clientId]/data/hanicks-proposal.ts:122:      'Khaos Control implemented against a documented requirements brief — no scope creep, no surprises',
app/clients/[clientId]/data/hanicks-proposal.ts:128:    subtitle: 'Each month builds on the last. The IBasis App creates the data foundation that feeds Khaos Control directly — so the ERP goes live on clean, normalised data, not manually compiled spreadsheets. Channel automation connects everything outward.',
app/clients/[clientId]/data/hanicks-proposal.ts:133:        details: 'On-site Discovery Day. Full operational audit. Khaos Control requirements document. IBasis App technical specification. Amazon FBA integration scoped. Craig joins Khaos Zoho Projects as client-side project lead. Data migration templates defined.',
app/clients/[clientId]/data/hanicks-proposal.ts:137:        name: 'Month 2 — IBasis App Build & Khaos Configuration',
app/clients/[clientId]/data/hanicks-proposal.ts:139:        details: 'IBasis App Phase 1: IBasis data ingestion, product normalisation, GS1 barcode mapping, internal API. Khaos system configuration — customers, suppliers, stock settings. Khaos training sessions coordinated. WooCommerce and Amazon channel integrations configured in Khaos.',
app/clients/[clientId]/data/hanicks-proposal.ts:145:        details: 'IBasis App Phase 2: HRP and DHS supplier data ingestion, admin interface. Khaos go-live — stock level import, data migration, UAT completion. Documentation, handover and own-brand product roadmap. Retained proposal delivered.',
app/clients/[clientId]/data/hanicks-proposal.ts:153:        { label: 'PHASE 2 · Khaos & IBasis Build', color: '#219EBC', rows: [3, 4, 5] },
app/clients/[clientId]/data/hanicks-proposal.ts:158:        { label: 'Supplier Data Audit & Khaos Requirements Document', color: '#FB8500', cells: [true, false, false] },
app/clients/[clientId]/data/hanicks-proposal.ts:160:        { label: 'Khaos Configuration (customers, suppliers, stock, accounts)', color: '#219EBC', cells: [false, true, false] },
app/clients/[clientId]/data/hanicks-proposal.ts:161:        { label: 'Khaos Channel Setup (WooCommerce · Amazon)', color: '#219EBC', cells: [false, true, true] },
app/clients/[clientId]/data/hanicks-proposal.ts:163:        { label: 'Khaos Go-Live — Data Migration & UAT', color: '#023047', cells: [false, false, true] },
app/clients/[clientId]/data/hanicks-proposal.ts:193:      title: 'Khaos Control Requirements & Implementation Plan',
app/clients/[clientId]/data/hanicks-proposal.ts:195:      what: 'Structured requirements document covering stock management, purchasing, order flows across website, Amazon and direct, supplier lead times, channel integrations, GS1 barcodes and reporting. Feeds directly into the Khaos implementation plan and data migration specification — so Hanicks and Khaos both start from the same documented baseline.',
app/clients/[clientId]/data/hanicks-proposal.ts:196:      impact: 'Grounds the Khaos Control implementation in Hanicks\' actual operational requirements. Prevents scope creep, protects against mid-project re-negotiation, and ensures the go-live date is achievable.',
app/clients/[clientId]/data/hanicks-proposal.ts:197:      carries: 'The requirements document becomes the Khaos project brief. Every configuration decision, data migration template, and UAT test case is derived from it. Nothing needs to be re-discovered mid-implementation.',
app/clients/[clientId]/data/hanicks-proposal.ts:219:      what: 'WooCommerce and Amazon connect natively through Khaos Control — stock levels, orders and pricing managed from a single system. Direct orders (phone and email) are entered into Khaos directly, giving a complete picture of all sales regardless of how they came in. The IBasis App feeds clean, normalised product data into Khaos so every channel always works from the same product master.',
app/clients/[clientId]/data/hanicks-proposal.ts:221:      carries: 'When Hanicks adds further sales channels in future, they connect into Khaos rather than requiring a separate integration project from scratch.',
app/clients/[clientId]/data/hanicks-proposal.ts:227:      what: 'Stock levels from the IBasis App flow into Khaos and synchronise automatically across WooCommerce and Amazon. Automated despatch notifications and order confirmations configured within Khaos. Direct orders entered centrally — no separate tracking outside the system.',
app/clients/[clientId]/data/hanicks-proposal.ts:229:      carries: 'Khaos handles the channel sync. Adding new sales channels in future connects into the same stock and order management layer without rebuilding anything.',
app/clients/[clientId]/data/hanicks-proposal.ts:277:    noteText: 'The real IBasis App would connect directly to IBasis, HRP and DHS supplier data sources, ingesting product data, normalising it, and serving it to Khaos Control, WooCommerce and Amazon. All data structured to export cleanly into your ERP.',
app/clients/[clientId]/data/hanicks-proposal.ts:303:        decoded: 'Requirements mapped first — Khaos configured to fit how Hanicks actually operates, not the other way round',
app/clients/[clientId]/data/hanicks-proposal.ts:328:        bestFor: 'A single structured day on-site. I map your current operations, audit supplier data infrastructure across IBasis, HRP and DHS, and deliver a written assessment with priority issues, IBasis App specification, Khaos Control requirements document, and a recommended roadmap. £1,500 credited against Tier 2 or 3 if you proceed within 60 days.',
app/clients/[clientId]/data/hanicks-proposal.ts:333:          { label: 'Khaos Control requirements document', value: 'Included' },
app/clients/[clientId]/data/hanicks-proposal.ts:345:        bestFor: 'Craig as project lead for the Khaos Control implementation and channel strategy — without the bespoke IBasis App build. Requirements document, data migration planning, Khaos configuration oversight, UAT coordination, and N8N automation design. Choose this if you would prefer to appoint a separate developer for the IBasis App, or manage that workstream in-house.',
app/clients/[clientId]/data/hanicks-proposal.ts:348:          { label: 'Khaos Control requirements doc + implementation planning', value: 'Included' },
app/clients/[clientId]/data/hanicks-proposal.ts:349:          { label: 'Craig as client-side PM in Khaos Zoho Projects', value: 'Included' },
app/clients/[clientId]/data/hanicks-proposal.ts:350:          { label: 'Khaos configuration oversight + UAT coordination', value: 'Included' },
app/clients/[clientId]/data/hanicks-proposal.ts:351:          { label: 'Channel integration — website, Amazon, direct orders via Khaos', value: 'Included' },
app/clients/[clientId]/data/hanicks-proposal.ts:364:        bestFor: 'The full programme — Clarity audit included, IBasis App built by Craig personally, Khaos Control implemented against a documented requirements brief, Craig as project lead throughout. App hosted in Hanicks\' own Vercel account from day one. The post-programme retained arrangement is shown separately below.',
app/clients/[clientId]/data/hanicks-proposal.ts:371:          { label: 'Craig as client-side PM in Khaos Zoho Projects', value: 'Included' },
app/clients/[clientId]/data/hanicks-proposal.ts:386:          { label: 'No Khaos implementation oversight or project lead', style: 'bad' },
app/clients/[clientId]/data/hanicks-proposal.ts:397:          { label: 'Khaos implementation without independent project oversight', style: 'bad' },
app/clients/[clientId]/data/hanicks-proposal.ts:398:          { label: 'Channel integration without Khaos expertise — implementation risk', style: 'bad' },
app/clients/[clientId]/data/hanicks-proposal.ts:406:          { label: 'IBasis App built + Khaos led + website, Amazon and direct connected', style: 'good' },
app/clients/[clientId]/data/hanicks-proposal.ts:407:          { label: 'Craig as project lead in Khaos Zoho Projects from day one', style: 'good' },
app/clients/[clientId]/data/hanicks-proposal.ts:421:        area: 'Khaos implementation risk',
app/clients/[clientId]/data/hanicks-proposal.ts:427:        basis: 'No central stock view across website and Amazon leads to overselling, returns and marketplace penalties. Khaos eliminates this.',
app/clients/[clientId]/data/hanicks-proposal.ts:432:        basis: 'Orders currently tracked separately per channel. Khaos gives one view of all orders — website, Amazon and direct — with no manual reconciliation.',
app/clients/[clientId]/data/hanicks-proposal.ts:451:      'Khaos Control software licence (£504/month, payable direct to Khaos Control)',
app/clients/[clientId]/data/hanicks-proposal.ts:452:      'Khaos Control Managed Onboarding setup fee (£3,000, payable direct to Khaos Control)',
app/clients/[clientId]/data/hanicks-proposal.ts:463:    subtitle: 'To hit a June start and keep the Khaos Control implementation on schedule, here is what needs to happen.',
app/clients/[clientId]/data/hanicks-proposal.ts:477:        description: 'Brief call to confirm the approach, agree the tier, and set the Discovery Day date. I\'ll also confirm the Khaos Zoho Projects onboarding so we\'re ready to go from day one.',
app/clients/[clientId]/data/hanicks-proposal.ts:483:        description: 'Sign the acceptance below and I\'ll confirm the June kickoff date within 2 working days. Khaos can be notified immediately so their PM and ours are aligned from the start.',
app/clients/[clientId]/data/hanicks-proposal.ts:513:      { id: 'C', name: 'Tier 1 — Discovery Day', desc: 'On-site audit + written assessment + IBasis App spec + Khaos requirements document', price: '£1,500 fixed' },
app/clients/[clientId]/data/hanicks-proposal.ts:514:      { id: 'B', name: 'Tier 2 — Deliver (Project Lead)', desc: 'Craig as project lead for Khaos implementation and channel automation. Excludes IBasis App build.', price: '£2,500/month · 3 months' },
app/clients/[clientId]/data/hanicks-proposal.ts:515:      { id: 'A', name: 'Tier 3 — Transform + IBasis App ⭐', desc: 'Full programme — IBasis App built, Khaos implemented, Craig as project lead throughout. (Recommended)', price: '£17,200 / 3 months' },
app/clients/[clientId]/data/tacklebag-proposal.ts:50:        description: 'Khaos Control is planned for November. Without warehouse specs, clean SKU data, and a requirements brief ready, the first 4–6 weeks of that engagement is just gathering what I will already have by the end of July.',
app/clients/[clientId]/data/tacklebag-proposal.ts:76:      'Khaos requirements brief ready — ERP starts in Week 1',
app/clients/[clientId]/data/tacklebag-proposal.ts:119:        { label: 'ERP requirements brief (Khaos)', color: '#8ECAE6', cells: [false, false, true, true, true, true, true, true, false] },
app/clients/[clientId]/data/tacklebag-proposal.ts:138:      carries: 'The bin numbering scheme and picking path map directly to the ERP warehouse module. When Khaos lands in November, the physical locations are already defined and labelled — setup starts in Week 1, not Week 6.',
app/clients/[clientId]/data/tacklebag-proposal.ts:146:      carries: 'Forecast logic feeds directly into the Khaos purchasing module. What I build manually now, the ERP automates — clean forecast data is the training set.',
app/clients/[clientId]/data/tacklebag-proposal.ts:154:      carries: 'Clean SKU data is the single most important ERP groundwork item. Khaos implementation starts weeks ahead of schedule because the data is already structured.',
app/clients/[clientId]/data/tacklebag-proposal.ts:158:      title: 'ERP Requirements Brief (Khaos Control)',
app/clients/[clientId]/data/tacklebag-proposal.ts:160:      what: 'Structured requirements captured across the 2 months as I get embedded. Warehouse operations, product data, purchasing, sales, and integration requirements documented. Khaos-ready brief complete by end of Week 8.',
app/clients/[clientId]/data/tacklebag-proposal.ts:162:      carries: 'The requirements brief IS the ERP SOW. It gets handed to Khaos as a completed specification — reducing their discovery cost and risk, and tightening their fixed-price quote.',
app/clients/[clientId]/data/tacklebag-proposal.ts:235:          { label: 'ERP requirements brief (Khaos-ready)', value: 'Included' },
app/clients/[clientId]/data/tacklebag-proposal.ts:286:          { label: 'Khaos ERP brief written from Week 1 context', style: 'good' },
app/page.tsx:292:                      <text x="60" y="522" className="p-mono" fontSize="16" opacity=".4">to Khaos
app/problems/data-scattered/page.tsx:213:       a 77% match rate, with 11,064 pushed live to Khaos Control within weeks. Same principle,
app/problems/erp-implementation-failure/page.tsx:173:         <><b>11,064</b> pushed live to Khaos Control within weeks</>,
app/transform/page.tsx:91:                  <text x="890" y="462" className="p-ink">11,064 live at Khaos Control</text>
app/transform/page.tsx:125:                <li>Hanicks: <strong>77%</strong> matched automatically, <strong>11,064</strong> live at Khaos Control</li>

→ Read app/sectors/schoolwear/page.tsx [limit=60]
→ Read app/problems/data-scattered/page.tsx [offset=205, limit=20]
→ Read app/problems/erp-implementation-failure/page.tsx [offset=165, limit=20]
→ Read app/transform/page.tsx [offset=85, limit=45]
Let me read the schoolwear page and the sector-routing data:

← Edit app/sectors/signs-graphics/page.tsx
Index: D:\apps\worktrees\decoded-ops-website\staging-vocab-strings\app\sectors\signs-graphics\page.tsx
===================================================================
--- D:\apps\worktrees\decoded-ops-website\staging-vocab-strings\app\sectors\signs-graphics\page.tsx
+++ D:\apps\worktrees\decoded-ops-website\staging-vocab-strings\app\sectors\signs-graphics\page.tsx
@@ -8,21 +8,21 @@
 import { sectorRouting } from '@/data/sector-routing';
 import styles from '@/components/SectorPageDS.module.css';
 
 export const metadata: Metadata = {
-  title: 'Signs & Graphics Technology | Decoded Ops',
-  description: 'Technology and operations consultancy for signs and graphics businesses. Systems audit, project delivery, and fractional CTO support.',
+  title: 'Software & Systems for Sign Makers | Decoded Ops',
+  description: 'Job tracking from site survey to installation, quoting complex jobs without the margin leak, and software that fits how a sign shop actually runs.',
   alternates: { canonical: '/sectors/signs-graphics' },
   openGraph: {
-    title: 'Signs & Graphics Technology | Decoded Ops',
-    description: 'Technology and operations consultancy for signs and graphics businesses. Systems audit, project delivery, and fractional CTO support.',
+    title: 'Software & Systems for Sign Makers | Decoded Ops',
+    description: 'Job tracking from site survey to installation, quoting complex jobs without the margin leak, and software that fits how a sign shop actually runs.',
     url: 'https://decodedops.co.uk/sectors/signs-graphics',
     images: [{ url: '/opengraph-image', width: 1200, height: 630 }],
   },
   twitter: {
     card: 'summary_large_image',
-    title: 'Signs & Graphics Technology | Decoded Ops',
-    description: 'Technology and operations consultancy for signs and graphics businesses. Systems audit, project delivery, and fractional CTO support.',
+    title: 'Software & Systems for Sign Makers | Decoded Ops',
+    description: 'Job tracking from site survey to installation, quoting complex jobs without the margin leak, and software that fits how a sign shop actually runs.',
   },
 };
 
 const sectorSchema = {


← Edit app/sectors/signs-graphics/page.tsx
Index: D:\apps\worktrees\decoded-ops-website\staging-vocab-strings\app\sectors\signs-graphics\page.tsx
===================================================================
--- D:\apps\worktrees\decoded-ops-website\staging-vocab-strings\app\sectors\signs-graphics\page.tsx
+++ D:\apps\worktrees\decoded-ops-website\staging-vocab-strings\app\sectors\signs-graphics\page.tsx
@@ -29,10 +29,10 @@
   '@context': 'https://schema.org',
   '@type': 'WebPage',
   '@id': 'https://decodedops.co.uk/sectors/signs-graphics#webpage',
   url: 'https://decodedops.co.uk/sectors/signs-graphics',
-  name: 'Signs & Graphics Technology | Decoded Ops',
-  description: 'Technology and operations consultancy for signs and graphics businesses. Systems audit, project delivery, and fractional CTO support.',
+  name: 'Software & Systems for Sign Makers | Decoded Ops',
+  description: 'Job tracking from site survey to installation, quoting complex jobs without the margin leak, and software that fits how a sign shop actually runs.',
   isPartOf: { '@id': 'https://decodedops.co.uk/#organization' },
 };
 
 const tagline = 'Signs and graphics businesses run on ||tight margins, and every job starts with a site survey.||';


← Edit app/sectors/awards-engraving/page.tsx
Index: D:\apps\worktrees\decoded-ops-website\staging-vocab-strings\app\sectors\awards-engraving\page.tsx
===================================================================
--- D:\apps\worktrees\decoded-ops-website\staging-vocab-strings\app\sectors\awards-engraving\page.tsx
+++ D:\apps\worktrees\decoded-ops-website\staging-vocab-strings\app\sectors\awards-engraving\page.tsx
@@ -8,21 +8,21 @@
 import { sectorRouting } from '@/data/sector-routing';
 import styles from '@/components/SectorPageDS.module.css';
 
 export const metadata: Metadata = {
-  title: 'Awards & Engraving Technology | Decoded Ops',
-  description: 'Technology and operations consultancy for awards and engraving businesses. Systems audit, project delivery, and fractional CTO support.',
+  title: 'Software & Systems for Awards & Engraving | Decoded Ops',
+  description: 'Getting names, dates and titles from customer to engraver without errors, proofs approved at volume, and jobs scheduled back from the event date.',
   alternates: { canonical: '/sectors/awards-engraving' },
   openGraph: {
-    title: 'Awards & Engraving Technology | Decoded Ops',
-    description: 'Technology and operations consultancy for awards and engraving businesses. Systems audit, project delivery, and fractional CTO support.',
+    title: 'Software & Systems for Awards & Engraving | Decoded Ops',
+    description: 'Getting names, dates and titles from customer to engraver without errors, proofs approved at volume, and jobs scheduled back from the event date.',
     url: 'https://decodedops.co.uk/sectors/awards-engraving',
     images: [{ url: '/opengraph-image', width: 1200, height: 630 }],
   },
   twitter: {
     card: 'summary_large_image',
-    title: 'Awards & Engraving Technology | Decoded Ops',
-    description: 'Technology and operations consultancy for awards and engraving businesses. Systems audit, project delivery, and fractional CTO support.',
+    title: 'Software & Systems for Awards & Engraving | Decoded Ops',
+    description: 'Getting names, dates and titles from customer to engraver without errors, proofs approved at volume, and jobs scheduled back from the event date.',
   },
 };
 
 const sectorSchema = {


← Edit app/sectors/awards-engraving/page.tsx
Index: D:\apps\worktrees\decoded-ops-website\staging-vocab-strings\app\sectors\awards-engraving\page.tsx
===================================================================
--- D:\apps\worktrees\decoded-ops-website\staging-vocab-strings\app\sectors\awards-engraving\page.tsx
+++ D:\apps\worktrees\decoded-ops-website\staging-vocab-strings\app\sectors\awards-engraving\page.tsx
@@ -29,10 +29,10 @@
   '@context': 'https://schema.org',
   '@type': 'WebPage',
   '@id': 'https://decodedops.co.uk/sectors/awards-engraving#webpage',
   url: 'https://decodedops.co.uk/sectors/awards-engraving',
-  name: 'Awards & Engraving Technology | Decoded Ops',
-  description: 'Technology and operations consultancy for awards and engraving businesses. Systems audit, project delivery, and fractional CTO support.',
+  name: 'Software & Systems for Awards & Engraving | Decoded Ops',
+  description: 'Getting names, dates and titles from customer to engraver without errors, proofs approved at volume, and jobs scheduled back from the event date.',
   isPartOf: { '@id': 'https://decodedops.co.uk/#organization' },
 };
 
 const tagline = 'Personalisation at scale is hard. ||Most awards businesses still do it by hand.||';


← Edit app/sectors/labels-packaging/page.tsx
Index: D:\apps\worktrees\decoded-ops-website\staging-vocab-strings\app\sectors\labels-packaging\page.tsx
===================================================================
--- D:\apps\worktrees\decoded-ops-website\staging-vocab-strings\app\sectors\labels-packaging\page.tsx
+++ D:\apps\worktrees\decoded-ops-website\staging-vocab-strings\app\sectors\labels-packaging\page.tsx
@@ -8,21 +8,21 @@
 import { sectorRouting } from '@/data/sector-routing';
 import styles from '@/components/SectorPageDS.module.css';
 
 export const metadata: Metadata = {
-  title: 'Labels & Packaging Technology | Decoded Ops',
-  description: 'Technology and operations consultancy for labels and packaging businesses. Systems audit, project delivery, and fractional CTO support.',
+  title: 'Software & Systems for Label & Packaging Printers | Decoded Ops',
+  description: 'The right label version on press every time, variable data without workarounds, and the EDI your bigger customers keep asking for.',
   alternates: { canonical: '/sectors/labels-packaging' },
   openGraph: {
-    title: 'Labels & Packaging Technology | Decoded Ops',
-    description: 'Technology and operations consultancy for labels and packaging businesses. Systems audit, project delivery, and fractional CTO support.',
+    title: 'Software & Systems for Label & Packaging Printers | Decoded Ops',
+    description: 'The right label version on press every time, variable data without workarounds, and the EDI your bigger customers keep asking for.',
     url: 'https://decodedops.co.uk/sectors/labels-packaging',
     images: [{ url: '/opengraph-image', width: 1200, height: 630 }],
   },
   twitter: {
     card: 'summary_large_image',
-    title: 'Labels & Packaging Technology | Decoded Ops',
-    description: 'Technology and operations consultancy for labels and packaging businesses. Systems audit, project delivery, and fractional CTO support.',
+    title: 'Software & Systems for Label & Packaging Printers | Decoded Ops',
+    description: 'The right label version on press every time, variable data without workarounds, and the EDI your bigger customers keep asking for.',
   },
 };
 
 const sectorSchema = {


← Edit app/sectors/labels-packaging/page.tsx
Index: D:\apps\worktrees\decoded-ops-website\staging-vocab-strings\app\sectors\labels-packaging\page.tsx
===================================================================
--- D:\apps\worktrees\decoded-ops-website\staging-vocab-strings\app\sectors\labels-packaging\page.tsx
+++ D:\apps\worktrees\decoded-ops-website\staging-vocab-strings\app\sectors\labels-packaging\page.tsx
@@ -29,10 +29,10 @@
   '@context': 'https://schema.org',
   '@type': 'WebPage',
   '@id': 'https://decodedops.co.uk/sectors/labels-packaging#webpage',
   url: 'https://decodedops.co.uk/sectors/labels-packaging',
-  name: 'Labels & Packaging Technology | Decoded Ops',
-  description: 'Technology and operations consultancy for labels and packaging businesses. Systems audit, project delivery, and fractional CTO support.',
+  name: 'Software & Systems for Label & Packaging Printers | Decoded Ops',
+  description: 'The right label version on press every time, variable data without workarounds, and the EDI your bigger customers keep asking for.',
   isPartOf: { '@id': 'https://decodedops.co.uk/#organization' },
 };
 
 const tagline = 'Variable data printing and compliance labelling ||demand precision most systems can\'t deliver.||';


Now I have all the context. Let me start making all the edits. I'll work through them systematically.

**Fix 1: signs-graphics metadata**
← Edit app/problems/systems-dont-talk/page.tsx
Index: D:\apps\worktrees\decoded-ops-website\staging-vocab-strings\app\problems\systems-dont-talk\page.tsx
===================================================================
--- D:\apps\worktrees\decoded-ops-website\staging-vocab-strings\app\problems\systems-dont-talk\page.tsx
+++ D:\apps\worktrees\decoded-ops-website\staging-vocab-strings\app\problems\systems-dont-talk\page.tsx
@@ -6,21 +6,21 @@
 import { problemRouting } from '@/data/problem-routing';
 
 export const metadata: Metadata = {
  title: 'When Your Systems Don\'t Talk to Each Other | Decoded Ops',
- description: 'Disconnected systems mean manual rekeying, errors, and hidden costs. Find out what your disconnected software stack is actually costing you each week.',
- alternates: { canonical: '/problems/systems-dont-talk' },
- openGraph: {
-  title: 'When Your Systems Don\'t Talk to Each Other | Decoded Ops',
-  description: 'Disconnected systems mean manual rekeying, errors, and hidden costs. Find out what your disconnected software stack is actually costing you each week.',
-  url: 'https://decodedops.co.uk/problems/systems-dont-talk',
-  images: [{ url: '/opengraph-image', width: 1200, height: 630 }],
- },
- twitter: {
-  card: 'summary_large_image',
-  title: 'When Your Systems Don\'t Talk to Each Other | Decoded Ops',
-  description: 'Disconnected systems mean manual rekeying, errors, and hidden costs. Find out what your disconnected software stack is actually costing you each week.',
- },
+ description: 'Disconnected systems mean manual rekeying, errors, and hidden costs. Find out what re-keying orders between systems that don\'t talk is actually costing you each week.',
+  alternates: { canonical: '/problems/systems-dont-talk' },
+  openGraph: {
+   title: 'When Your Systems Don\'t Talk to Each Other | Decoded Ops',
+   description: 'Disconnected systems mean manual rekeying, errors, and hidden costs. Find out what re-keying orders between systems that don\'t talk is actually costing you each week.',
+   url: 'https://decodedops.co.uk/problems/systems-dont-talk',
+   images: [{ url: '/opengraph-image', width: 1200, height: 630 }],
+  },
+  twitter: {
+   card: 'summary_large_image',
+   title: 'When Your Systems Don\'t Talk to Each Other | Decoded Ops',
+   description: 'Disconnected systems mean manual rekeying, errors, and hidden costs. Find out what re-keying orders between systems that don\'t talk is actually costing you each week.',
+  },
 };
 
 const systemsDontTalkSchema = {
  '@context': 'https://schema.org',


← Edit app/sectors/schoolwear/page.tsx
Index: D:\apps\worktrees\decoded-ops-website\staging-vocab-strings\app\sectors\schoolwear\page.tsx
===================================================================
--- D:\apps\worktrees\decoded-ops-website\staging-vocab-strings\app\sectors\schoolwear\page.tsx
+++ D:\apps\worktrees\decoded-ops-website\staging-vocab-strings\app\sectors\schoolwear\page.tsx
@@ -5,20 +5,20 @@
 import { BreadcrumbSchema } from '@/components/BreadcrumbSchema';
 
 export const metadata: Metadata = {
   title: 'Schoolwear | Decoded Ops',
-  description: 'Technology and operations consultancy for schoolwear suppliers. Supplier feeds current before the back-to-school peak, sizing that scales with growing pupils, proven at TackleBag.',
+  description: 'Keeping supplier feeds current before the back-to-school peak, badge data that scales with growing pupils, and production scheduling that hits September every time.',
   alternates: { canonical: '/sectors/schoolwear' },
   openGraph: {
     title: 'Schoolwear | Decoded Ops',
-    description: 'Technology and operations consultancy for schoolwear suppliers. Supplier feeds current before the back-to-school peak, sizing that scales with growing pupils, proven at TackleBag.',
+    description: 'Keeping supplier feeds current before the back-to-school peak, badge data that scales with growing pupils, and production scheduling that hits September every time.',
     url: 'https://decodedops.co.uk/sectors/schoolwear',
     images: [{ url: '/opengraph-image', width: 1200, height: 630 }],
   },
   twitter: {
     card: 'summary_large_image',
     title: 'Schoolwear | Decoded Ops',
-    description: 'Technology and operations consultancy for schoolwear suppliers. Supplier feeds current before the back-to-school peak, sizing that scales with growing pupils, proven at TackleBag.',
+    description: 'Keeping supplier feeds current before the back-to-school peak, badge data that scales with growing pupils, and production scheduling that hits September every time.',
   },
 };
 
 const sectorSchema = {


← Edit app/sectors/schoolwear/page.tsx
Index: D:\apps\worktrees\decoded-ops-website\staging-vocab-strings\app\sectors\schoolwear\page.tsx
===================================================================
--- D:\apps\worktrees\decoded-ops-website\staging-vocab-strings\app\sectors\schoolwear\page.tsx
+++ D:\apps\worktrees\decoded-ops-website\staging-vocab-strings\app\sectors\schoolwear\page.tsx
@@ -26,9 +26,9 @@
   '@type': 'WebPage',
   '@id': 'https://decodedops.co.uk/sectors/schoolwear#webpage',
   url: 'https://decodedops.co.uk/sectors/schoolwear',
   name: 'Schoolwear | Decoded Ops',
-  description: 'Technology and operations consultancy for schoolwear suppliers. Supplier feeds current before the back-to-school peak, sizing that scales with growing pupils, proven at TackleBag.',
+  description: 'Keeping supplier feeds current before the back-to-school peak, badge data that scales with growing pupils, and production scheduling that hits September every time.',
   isPartOf: { '@id': 'https://decodedops.co.uk/#organization' },
 };
 
 export default function SchoolwearPage() {


← Edit app/sectors/workwear/page.tsx
Index: D:\apps\worktrees\decoded-ops-website\staging-vocab-strings\app\sectors\workwear\page.tsx
===================================================================
--- D:\apps\worktrees\decoded-ops-website\staging-vocab-strings\app\sectors\workwear\page.tsx
+++ D:\apps\worktrees\decoded-ops-website\staging-vocab-strings\app\sectors\workwear\page.tsx
@@ -5,20 +5,20 @@
 import { BreadcrumbSchema } from '@/components/BreadcrumbSchema';
 
 export const metadata: Metadata = {
   title: 'Workwear | Decoded Ops',
-  description: "Technology and operations consultancy for workwear businesses. Supplier feed chaos solved, decoration and stock in the same picture, and replenishment that doesn't wait on you.",
+  description: "Supplier feed chaos solved, decoration and stock in the same picture, and replenishment that doesn't wait on you.",
   alternates: { canonical: '/sectors/workwear' },
   openGraph: {
     title: 'Workwear | Decoded Ops',
-    description: "Technology and operations consultancy for workwear businesses. Supplier feed chaos solved, decoration and stock in the same picture, and replenishment that doesn't wait on you.",
+    description: "Supplier feed chaos solved, decoration and stock in the same picture, and replenishment that doesn't wait on you.",
     url: 'https://decodedops.co.uk/sectors/workwear',
     images: [{ url: '/opengraph-image', width: 1200, height: 630 }],
   },
   twitter: {
     card: 'summary_large_image',
     title: 'Workwear | Decoded Ops',
-    description: "Technology and operations consultancy for workwear businesses. Supplier feed chaos solved, decoration and stock in the same picture, and replenishment that doesn't wait on you.",
+    description: "Supplier feed chaos solved, decoration and stock in the same picture, and replenishment that doesn't wait on you.",
   },
 };
 
 const sectorSchema = {


← Edit app/sectors/workwear/page.tsx
Index: D:\apps\worktrees\decoded-ops-website\staging-vocab-strings\app\sectors\workwear\page.tsx
===================================================================
--- D:\apps\worktrees\decoded-ops-website\staging-vocab-strings\app\sectors\workwear\page.tsx
+++ D:\apps\worktrees\decoded-ops-website\staging-vocab-strings\app\sectors\workwear\page.tsx
@@ -26,9 +26,9 @@
   '@type': 'WebPage',
   '@id': 'https://decodedops.co.uk/sectors/workwear#webpage',
   url: 'https://decodedops.co.uk/sectors/workwear',
   name: 'Workwear | Decoded Ops',
-  description: "Technology and operations consultancy for workwear businesses. Supplier feed chaos solved, decoration and stock in the same picture, and replenishment that doesn't wait on you.",
+  description: "Supplier feed chaos solved, decoration and stock in the same picture, and replenishment that doesn't wait on you.",
   isPartOf: { '@id': 'https://decodedops.co.uk/#organization' },
 };
 
 export default function WorkwearPage() {


← Edit app/sectors/promotional-merchandise/page.tsx
Index: D:\apps\worktrees\decoded-ops-website\staging-vocab-strings\app\sectors\promotional-merchandise\page.tsx
===================================================================
--- D:\apps\worktrees\decoded-ops-website\staging-vocab-strings\app\sectors\promotional-merchandise\page.tsx
+++ D:\apps\worktrees\decoded-ops-website\staging-vocab-strings\app\sectors\promotional-merchandise\page.tsx
@@ -5,20 +5,20 @@
 import { BreadcrumbSchema } from '@/components/BreadcrumbSchema';
 
 export const metadata: Metadata = {
   title: 'Promotional merchandise | Decoded Ops',
-  description: 'Technology and operations consultancy for promotional merchandise businesses. Every supplier in one clean catalogue, artwork that doesn\'t live in email, and margin protected at the order level.',
+  description: 'Every supplier in one clean catalogue, artwork that doesn\'t live in email, and margin protected at the order level.',
   alternates: { canonical: '/sectors/promotional-merchandise' },
   openGraph: {
     title: 'Promotional merchandise | Decoded Ops',
-    description: 'Technology and operations consultancy for promotional merchandise businesses. Every supplier in one clean catalogue, artwork that doesn\'t live in email, and margin protected at the order level.',
+    description: 'Every supplier in one clean catalogue, artwork that doesn\'t live in email, and margin protected at the order level.',
     url: 'https://decodedops.co.uk/sectors/promotional-merchandise',
     images: [{ url: '/opengraph-image', width: 1200, height: 630 }],
   },
   twitter: {
     card: 'summary_large_image',
     title: 'Promotional merchandise | Decoded Ops',
-    description: 'Technology and operations consultancy for promotional merchandise businesses. Every supplier in one clean catalogue, artwork that doesn\'t live in email, and margin protected at the order level.',
+    description: 'Every supplier in one clean catalogue, artwork that doesn\'t live in email, and margin protected at the order level.',
   },
 };
 
 const sectorSchema = {


← Edit app/sectors/promotional-merchandise/page.tsx
Index: D:\apps\worktrees\decoded-ops-website\staging-vocab-strings\app\sectors\promotional-merchandise\page.tsx
===================================================================
--- D:\apps\worktrees\decoded-ops-website\staging-vocab-strings\app\sectors\promotional-merchandise\page.tsx
+++ D:\apps\worktrees\decoded-ops-website\staging-vocab-strings\app\sectors\promotional-merchandise\page.tsx
@@ -26,9 +26,9 @@
   '@type': 'WebPage',
   '@id': 'https://decodedops.co.uk/sectors/promotional-merchandise#webpage',
   url: 'https://decodedops.co.uk/sectors/promotional-merchandise',
   name: 'Promotional merchandise | Decoded Ops',
-  description: 'Technology and operations consultancy for promotional merchandise businesses. Every supplier in one clean catalogue, artwork that doesn\'t live in email, and margin protected at the order level.',
+  description: 'Every supplier in one clean catalogue, artwork that doesn\'t live in email, and margin protected at the order level.',
   isPartOf: { '@id': 'https://decodedops.co.uk/#organization' },
 };
 
 export default function PromotionalMerchandisePage() {


← Edit app/sectors/teamwear-clubwear/page.tsx
Index: D:\apps\worktrees\decoded-ops-website\staging-vocab-strings\app\sectors\teamwear-clubwear\page.tsx
===================================================================
--- D:\apps\worktrees\decoded-ops-website\staging-vocab-strings\app\sectors\teamwear-clubwear\page.tsx
+++ D:\apps\worktrees\decoded-ops-website\staging-vocab-strings\app\sectors\teamwear-clubwear\page.tsx
@@ -5,20 +5,20 @@
 import { BreadcrumbSchema } from '@/components/BreadcrumbSchema';
 
 export const metadata: Metadata = {
   title: 'Teamwear & Clubwear | Decoded Ops',
-  description: 'Technology and operations consultancy for teamwear and clubwear businesses. Squad numbers, sponsor logos and a hard deadline before the first match, proven at TackleBag.',
+  description: 'Squad numbers, sponsor logos and a hard deadline before the first match. The proof and approval loop that eats time before the season starts.',
   alternates: { canonical: '/sectors/teamwear-clubwear' },
   openGraph: {
     title: 'Teamwear & Clubwear | Decoded Ops',
-    description: 'Technology and operations consultancy for teamwear and clubwear businesses. Squad numbers, sponsor logos and a hard deadline before the first match, proven at TackleBag.',
+    description: 'Squad numbers, sponsor logos and a hard deadline before the first match. The proof and approval loop that eats time before the season starts.',
     url: 'https://decodedops.co.uk/sectors/teamwear-clubwear',
     images: [{ url: '/opengraph-image', width: 1200, height: 630 }],
   },
   twitter: {
     card: 'summary_large_image',
     title: 'Teamwear & Clubwear | Decoded Ops',
-    description: 'Technology and operations consultancy for teamwear and clubwear businesses. Squad numbers, sponsor logos and a hard deadline before the first match, proven at TackleBag.',
+    description: 'Squad numbers, sponsor logos and a hard deadline before the first match. The proof and approval loop that eats time before the season starts.',
   },
 };
 
 const sectorSchema = {


← Edit app/sectors/teamwear-clubwear/page.tsx
Index: D:\apps\worktrees\decoded-ops-website\staging-vocab-strings\app\sectors\teamwear-clubwear\page.tsx
===================================================================
--- D:\apps\worktrees\decoded-ops-website\staging-vocab-strings\app\sectors\teamwear-clubwear\page.tsx
+++ D:\apps\worktrees\decoded-ops-website\staging-vocab-strings\app\sectors\teamwear-clubwear\page.tsx
@@ -26,9 +26,9 @@
   '@type': 'WebPage',
   '@id': 'https://decodedops.co.uk/sectors/teamwear-clubwear#webpage',
   url: 'https://decodedops.co.uk/sectors/teamwear-clubwear',
   name: 'Teamwear & Clubwear | Decoded Ops',
-  description: 'Technology and operations consultancy for teamwear and clubwear businesses. Squad numbers, sponsor logos and a hard deadline before the first match, proven at TackleBag.',
+  description: 'Squad numbers, sponsor logos and a hard deadline before the first match. The proof and approval loop that eats time before the season starts.',
   isPartOf: { '@id': 'https://decodedops.co.uk/#organization' },
 };
 
 export default function TeamwearClubwearPage() {


← Edit app/sectors/garment-decoration/page.tsx
Index: D:\apps\worktrees\decoded-ops-website\staging-vocab-strings\app\sectors\garment-decoration\page.tsx
===================================================================
--- D:\apps\worktrees\decoded-ops-website\staging-vocab-strings\app\sectors\garment-decoration\page.tsx
+++ D:\apps\worktrees\decoded-ops-website\staging-vocab-strings\app\sectors\garment-decoration\page.tsx
@@ -9,20 +9,20 @@
 import styles from '@/components/SectorPageDS.module.css';
 
 export const metadata: Metadata = {
   title: 'Garment Decoration Operations & Systems Consultant | Decoded Ops',
-  description: 'Technology and operations consultancy for garment decoration businesses. Artwork management, ERP selection, eCommerce integration, and production workflow, for businesses doing embroidery, screen print, DTF, and DTG.',
+  description: 'Artwork that doesn\'t get approved by email, production scheduling that accounts for embroidery, screen print, DTF, and DTG, and systems that match how you actually decorate.',
   alternates: { canonical: '/sectors/garment-decoration' },
   openGraph: {
     title: 'Garment Decoration Operations & Systems Consultant | Decoded Ops',
-    description: 'Technology and operations consultancy for garment decoration businesses. Artwork management, ERP selection, eCommerce integration, and production workflow, for businesses doing embroidery, screen print, DTF, and DTG.',
+    description: 'Artwork that doesn\'t get approved by email, production scheduling that accounts for embroidery, screen print, DTF, and DTG, and systems that match how you actually decorate.',
     url: 'https://decodedops.co.uk/sectors/garment-decoration',
     images: [{ url: '/opengraph-image', width: 1200, height: 630 }],
   },
   twitter: {
     card: 'summary_large_image',
     title: 'Garment Decoration Operations & Systems Consultant | Decoded Ops',
-    description: 'Technology and operations consultancy for garment decoration businesses. Artwork management, ERP selection, eCommerce integration, and production workflow, for businesses doing embroidery, screen print, DTF, and DTG.',
+    description: 'Artwork that doesn\'t get approved by email, production scheduling that accounts for embroidery, screen print, DTF, and DTG, and systems that match how you actually decorate.',
   },
 };
 
 const sectorSchema = {


← Edit app/sectors/garment-decoration/page.tsx
Index: D:\apps\worktrees\decoded-ops-website\staging-vocab-strings\app\sectors\garment-decoration\page.tsx
===================================================================
--- D:\apps\worktrees\decoded-ops-website\staging-vocab-strings\app\sectors\garment-decoration\page.tsx
+++ D:\apps\worktrees\decoded-ops-website\staging-vocab-strings\app\sectors\garment-decoration\page.tsx
@@ -32,9 +32,9 @@
   '@type': 'WebPage',
   '@id': 'https://decodedops.co.uk/sectors/garment-decoration#webpage',
   url: 'https://decodedops.co.uk/sectors/garment-decoration',
   name: 'Garment Decoration Business Systems & Operations Consultant | Decoded Ops',
-  description: 'Technology and operations consultancy for garment decoration businesses.',
+  description: 'Artwork that doesn\'t get approved by email, production scheduling that accounts for embroidery, screen print, DTF, and DTG, and systems that match how you actually decorate.',
   isPartOf: { '@id': 'https://decodedops.co.uk/#organization' },
 },
 {
   '@type': 'FAQPage',


✗ Edit app/sectors/print-promotional/page.tsx failed
Error: Found multiple matches for oldString. Provide more surrounding context to make the match unique.
Now fix 4, 5, and 6:

← Edit app/sectors/print-promotional/page.tsx
Index: D:\apps\worktrees\decoded-ops-website\staging-vocab-strings\app\sectors\print-promotional\page.tsx
===================================================================
--- D:\apps\worktrees\decoded-ops-website\staging-vocab-strings\app\sectors\print-promotional\page.tsx
+++ D:\apps\worktrees\decoded-ops-website\staging-vocab-strings\app\sectors\print-promotional\page.tsx
@@ -32,9 +32,9 @@
   '@type': 'WebPage',
   '@id': 'https://decodedops.co.uk/sectors/print-promotional#webpage',
   url: 'https://decodedops.co.uk/sectors/print-promotional',
   name: 'Print Shop Operations Management & Systems Consultant | Decoded Ops',
-  description: 'Technology and operations consultancy for print shops and promotional merchandise businesses.',
+  description: 'Production scheduling that accounts for method and substrate, artwork approval that doesn\'t live in email, and order management that connects to your shop.',
   isPartOf: { '@id': 'https://decodedops.co.uk/#organization' },
 },
 {
   '@type': 'FAQPage',


✗ Edit app/sectors/garment-decoration/page.tsx failed
Error: Could not find oldString in the file. It must match exactly, including whitespace, indentation, and line endings.

← Edit app/page.tsx
Index: D:\apps\worktrees\decoded-ops-website\staging-vocab-strings\app\page.tsx
===================================================================
--- D:\apps\worktrees\decoded-ops-website\staging-vocab-strings\app\page.tsx
+++ D:\apps\worktrees\decoded-ops-website\staging-vocab-strings\app\page.tsx
@@ -8,19 +8,19 @@
 import './homepage.css';
 
 export const metadata: Metadata = {
   title: 'Decoded Ops: operations and technology consultancy for decorated goods',
-  description: 'Independent operations and technology consultancy for UK print, embroidery, workwear and promotional merchandise businesses. A Clarity Audit gets you a full day on site and a written plan.',
+  description: 'Independent operations and technology consultancy for UK print shops, embroiderers, workwear and promo merch suppliers. A Clarity Audit gets you a full day on site and a written plan.',
   alternates: { canonical: '/' },
   openGraph: {
     title: 'Decoded Ops: operations and technology consultancy for decorated goods',
-    description: 'Independent operations and technology consultancy for UK print, embroidery, workwear and promotional merchandise businesses. A Clarity Audit gets you a full day on site and a written plan.',
+    description: 'Independent operations and technology consultancy for UK print shops, embroiderers, workwear and promo merch suppliers. A Clarity Audit gets you a full day on site and a written plan.',
     url: 'https://decodedops.co.uk',
   },
   twitter: {
     card: 'summary_large_image',
     title: 'Decoded Ops: operations and technology consultancy for decorated goods',
-    description: 'Independent operations and technology consultancy for UK print, embroidery, workwear and promotional merchandise businesses.',
+    description: 'Independent operations and technology consultancy for UK print shops, embroiderers, workwear and promo merch suppliers.',
   },
 };
 
 const homepageSchema = {


→ Read app/sectors/garment-decoration/page.tsx [offset=28, limit=15]

# Todos
[✓] npm ci --legacy-peer-deps
[✓] Fix 1-3: Sector metadata rewrites (signs, awards, labels)
[✓] Fix 4: systems-dont-talk description
[✓] Fix 5: Other sector descriptions (problem-first rewrite)
[✓] Fix 6: Homepage metadata description
[•] Fix 7: teamwear-clubwear body strings (×2)
[ ] Fix 8: workwear body strings (×2)
[ ] Fix 9: promotional-merchandise body string
[ ] Fix 10: Quote-to-order card titles (×2)
[ ] Fix 11: digitisation→digitising (garment-decoration)
[ ] Fix 12: wrong-erp-software FAQ line
[ ] Addition: Remove Khaos overclaim from hanicks + data-app
[ ] Verify: grep checks + next build + diff stat

Good, the garment-decoration schema was already updated by the metadata edit. Now let me do the body string fixes (7-12) and the homepage schema description:
← Edit app/page.tsx
Index: D:\apps\worktrees\decoded-ops-website\staging-vocab-strings\app\page.tsx
===================================================================
--- D:\apps\worktrees\decoded-ops-website\staging-vocab-strings\app\page.tsx
+++ D:\apps\worktrees\decoded-ops-website\staging-vocab-strings\app\page.tsx
@@ -30,9 +30,9 @@
   '@type': 'WebPage',
   '@id': 'https://decodedops.co.uk/#webpage',
   url: 'https://decodedops.co.uk',
   name: 'Decoded Ops | operations and technology consultancy for decorated goods',
-  description: 'Independent operations and technology consultancy for UK print, embroidery, workwear and promotional merchandise businesses. A Clarity Audit gets you a full day on site and a written plan.',
+  description: 'Independent operations and technology consultancy for UK print shops, embroiderers, workwear and promo merch suppliers. A Clarity Audit gets you a full day on site and a written plan.',
   isPartOf: { '@id': 'https://decodedops.co.uk/#organization' },
 },
 {
   '@type': 'ItemList',


← Edit app/sectors/teamwear-clubwear/page.tsx
Index: D:\apps\worktrees\decoded-ops-website\staging-vocab-strings\app\sectors\teamwear-clubwear\page.tsx
===================================================================
--- D:\apps\worktrees\decoded-ops-website\staging-vocab-strings\app\sectors\teamwear-clubwear\page.tsx
+++ D:\apps\worktrees\decoded-ops-website\staging-vocab-strings\app\sectors\teamwear-clubwear\page.tsx
@@ -139,9 +139,9 @@
         <path d="M4 6h16M4 12h16M4 18h10" /><path d="M9 18l3-3 3 3" />
       </svg>
     ),
     title: 'The proof and approval bottleneck',
-    body: 'When twenty-four kits each need a proof, the approval cycle can consume more time than the production itself. Automating that loop is one of the most impactful levers in teamwear operations.',
+    body: 'When twenty-four kits each need a proof, the approval cycle can consume more time than the production itself. Fix that loop and you win back more time than anywhere else in the job.',
   },
 ]}
 checklistHeading="An independent audit of the whole teamwear workflow."
 checklist={[
@@ -173,9 +173,9 @@
       { title: 'Squad-level personalisation data', body: "Names, numbers, sponsor logos: every kit is a variant of the same product. Systems that treat that as one SKU force manual workarounds on every order." },
       { title: 'Seasonal deadline pressure', body: "The first match of the season is a fixed date. The tolerance for lateness is zero. Production scheduling has to work backwards from that, and most systems don't account for it." },
       { title: 'Kit range churn', body: "Kit ranges change season to season. Keeping supplier data current across every channel is a constant maintenance task. When it's wrong, it's the order that fails, not the system." },
       { title: 'Sponsor logo management', body: "Every sponsor has their own logo specifications, positioning requirements, and approval process. Managing that at squad scale across multiple teams and age groups is a dedicated workflow that email can't handle." },
-      { title: 'The proof and approval bottleneck', body: "When twenty-four kits each need a proof, the approval cycle can consume more time than the production itself. Automating that loop is one of the most impactful levers in teamwear operations." },
+      { title: 'The proof and approval bottleneck', body: "When twenty-four kits each need a proof, the approval cycle can consume more time than the production itself. Fix that loop and you win back more time than anywhere else in the job." },
     ].map((c, i) => (
       <article key={i} className="card">
         <span className="kicker">{String(i + 1).padStart(2, '0')} &middot; {c.title}</span>
         <p>{c.body}</p>


← Edit app/sectors/workwear/page.tsx
Index: D:\apps\worktrees\decoded-ops-website\staging-vocab-strings\app\sectors\workwear\page.tsx
===================================================================
--- D:\apps\worktrees\decoded-ops-website\staging-vocab-strings\app\sectors\workwear\page.tsx
+++ D:\apps\worktrees\decoded-ops-website\staging-vocab-strings\app\sectors\workwear\page.tsx
@@ -103,9 +103,9 @@
       <path d="M4 6h16M4 12h16M4 18h10" /><circle cx="18.5" cy="18" r="2.2" />
     </svg>
   ),
   title: 'Supplier feed chaos',
-  body: 'Workwear catalogues change constantly. New ranges, discontinued colours, updated sizing. Keeping that current across every channel without re-keying it by hand is one of the most common operational drags in the sector.',
+  body: 'Workwear catalogues change constantly. New ranges, discontinued colours, updated sizing. Keeping that current across every channel without re-keying it by hand eats more admin hours than anything else in this trade.',
 },
 {
   icon: (
     <svg viewBox="0 0 24 24" fill="none" stroke="currentColor" strokeWidth="1.6" strokeLinecap="round" strokeLinejoin="round">
@@ -169,9 +169,9 @@
 <div className="hair" />
 <p className="lede">In workwear, the same operational problems appear in different shapes across different businesses. These are the ones that cost the most.</p>
 <div className="grid grid--2">
   {[
-    { title: 'Supplier feed chaos', body: 'Workwear catalogues change constantly. New ranges, discontinued colours, updated sizing. Keeping that current across every channel without re-keying it by hand is one of the most common operational drags in the sector.' },
+    { title: 'Supplier feed chaos', body: 'Workwear catalogues change constantly. New ranges, discontinued colours, updated sizing. Keeping that current across every channel without re-keying it by hand eats more admin hours than anything else in this trade.' },
     { title: 'Decoration and stock, in the same picture', body: "A plain garment isn't the same SKU as the decorated one. Systems that don't understand that force workarounds that mean data outside the system, errors, and extra admin on every order." },
     { title: 'Blank stock dependency', body: 'Your production schedule is hostage to blank availability. Most businesses have no real visibility of incoming stock versus committed orders until the problem is already in the queue.' },
     { title: 'eCommerce disconnected from production', body: "Online orders that don't automatically flow into the production schedule. Personalisation requiring manual re-entry. Artwork files arriving separately from the order. All of this is solvable." },
     { title: 'Replenishment that waits on you', body: 'Staff uniform orders repeat on their own schedule, not a seasonal one. A system that tracks reorder points and sizing history means fewer calls chasing stockouts of the sizes everyone actually needs.' },


← Edit app/sectors/promotional-merchandise/page.tsx
Index: D:\apps\worktrees\decoded-ops-website\staging-vocab-strings\app\sectors\promotional-merchandise\page.tsx
===================================================================
--- D:\apps\worktrees\decoded-ops-website\staging-vocab-strings\app\sectors\promotional-merchandise\page.tsx
+++ D:\apps\worktrees\decoded-ops-website\staging-vocab-strings\app\sectors\promotional-merchandise\page.tsx
@@ -169,9 +169,9 @@
 <div className="hair" />
 <p className="lede">In promotional merchandise, the same operational problems appear in different shapes across different businesses. These are the ones that cost the most.</p>
 <div className="grid grid--2">
   {[
-    { title: 'Multi-supplier catalogue management', body: "Dozens of supplier ranges, each with their own pricing, stock levels, and lead times. Matching products, managing pricing, and keeping stock current across all of them without re-keying data is the sector's defining operational challenge." },
+    { title: 'Multi-supplier catalogue management', body: "Dozens of supplier ranges, each with their own pricing, stock levels, and lead times. Matching products, managing pricing, and keeping stock current across all of them without re-keying data eats more admin hours than anything else in this trade." },
     { title: 'The artwork loop', body: "Client logos in every format, with version control and an audit trail. Customers should approve their own proofs instead of a back-and-forth that eats a day per order. Most promotional merchandise businesses are still managing approval by email." },
     { title: 'Margin erosion at the order level', body: "When decoration cost, supplier lead time variation, and artwork rework aren't tracked at the individual order level, margin quietly erodes on every job. It's invisible in the P&L until the year-end numbers land." },
     { title: 'Quote-to-order conversion costs', body: "The cost of producing quotes that don't convert is rarely measured, and the answer is usually uncomfortable. A quoting process that takes thirty minutes per prospect becomes a full-time salary at scale." },
     { title: 'eCommerce disconnected from supply', body: "A product listed online that isn't connected to live supplier data means manual checks on every order. A catalogue of thousands of items makes that impossible to sustain at any volume." },


✗ Edit app/sectors/promotional-merchandise/page.tsx failed
Error: Found multiple matches for oldString. Provide more surrounding context to make the match unique.

← Edit app/sectors/print-promotional/page.tsx
Index: D:\apps\worktrees\decoded-ops-website\staging-vocab-strings\app\sectors\print-promotional\page.tsx
===================================================================
--- D:\apps\worktrees\decoded-ops-website\staging-vocab-strings\app\sectors\print-promotional\page.tsx
+++ D:\apps\worktrees\decoded-ops-website\staging-vocab-strings\app\sectors\print-promotional\page.tsx
@@ -60,9 +60,9 @@
 const challenges = [
   { title: 'Product complexity at volume', body: "One client order can run to 40 different product lines, each with its own supplier, spec, and lead time. Manage that by hand and margin quietly leaks on every job." },
   { title: 'Supplier fragmentation', body: "Multiple suppliers, multiple portals, multiple confirmation processes. The admin of chasing incoming goods rarely shows in the P&L, but it's real." },
   { title: 'The sample and approval cycle', body: "Pre-production samples, client approvals, artwork sign-off. Every step that happens outside your system is a step you can't measure or improve." },
-  { title: 'Quote-to-order conversion costs', body: "How much does it cost you to produce a quote? How much of that time converts to an order? Most businesses in this sector have never measured it. And the answer is usually uncomfortable." },
+  { title: 'What quoting actually costs you', body: "How much does it cost you to produce a quote? How much of that time converts to an order? Most businesses in this sector have never measured it. And the answer is usually uncomfortable." },
   { title: 'Artwork approval workflow', body: "Artwork approval is where most print shop schedules break down. Every unapproved job stuck in an email thread is a press slot you can't plan. Automating approval, from brief to proof to sign-off, typically cuts production delays by 20-40% with no change to the print process." },
   { title: 'Print production scheduling and capacity planning', body: "Scheduling software that ignores substrate, print method, drying time, and finishing can't produce a realistic schedule. Most print shops schedule by eye and experience. That works until volume outgrows what one person can hold in their head." },
 ];
 


← Edit app/sectors/garment-decoration/page.tsx
Index: D:\apps\worktrees\decoded-ops-website\staging-vocab-strings\app\sectors\garment-decoration\page.tsx
===================================================================
--- D:\apps\worktrees\decoded-ops-website\staging-vocab-strings\app\sectors\garment-decoration\page.tsx
+++ D:\apps\worktrees\decoded-ops-website\staging-vocab-strings\app\sectors\garment-decoration\page.tsx
@@ -46,9 +46,9 @@
         },
         {
           '@type': 'Question',
           name: 'How is embroidery business management different from other decoration methods?',
-          acceptedAnswer: { '@type': 'Answer', text: 'Embroidery business management involves digitisation, stitch count estimation, machine capacity planning, and thread management. None of which are native to generic ERP or MIS systems. Businesses running embroidery alongside screen print or DTF need systems that can represent each method\'s production logic independently.' },
+          acceptedAnswer: { '@type': 'Answer', text: 'Embroidery business management involves digitising, stitch count estimation, machine capacity planning, and thread management. None of which are native to generic ERP or MIS systems. Businesses running embroidery alongside screen print or DTF need systems that can represent each method\'s production logic independently.' },
         },
         {
           '@type': 'Question',
           name: 'What is the best ERP for a garment decoration business in the UK?',
@@ -66,9 +66,9 @@
   { title: 'Decoration method mix', body: "Run embroidery, screen print, and DTG under one roof and you're running three production processes, three lead times, and three cost structures. Most systems treat them all the same." },
   { title: 'The artwork loop', body: "Artwork sign-off causes more delay than almost anything else in this sector. Every manual chase and email thread is time and money that shows up nowhere. Artwork software can automate sign-off, but only if it connects to your order system. Most businesses still approve artwork by email." },
   { title: 'Blank dependency', body: "Your production schedule is hostage to blank availability. Most businesses have no real visibility of incoming stock against committed orders, until the problem is already in the queue." },
   { title: 'eCommerce disconnected from production', body: "Online orders that don't automatically flow into the production schedule. Personalisation that needs manual re-entry. Artwork files that arrive separately from the order. All of this is solvable." },
-  { title: 'Embroidery production workflow versus other methods', body: "Embroidery scheduling is not the same as screen print or DTF. Machine capacity, stitch count, digitisation time, and thread changes all affect the schedule in ways generic software ignores. A system that can't represent embroidery accurately just means manual workarounds." },
+  { title: 'Embroidery production workflow versus other methods', body: "Embroidery scheduling is not the same as screen print or DTF. Machine capacity, stitch count, digitising time, and thread changes all affect the schedule in ways generic software ignores. A system that can't represent embroidery accurately just means manual workarounds." },
 ];
 
 const whatIdo = [
   'Map your whole workflow, from order intake to despatch',


← Edit app/problems/wrong-erp-software/page.tsx
Index: D:\apps\worktrees\decoded-ops-website\staging-vocab-strings\app\problems\wrong-erp-software\page.tsx
===================================================================
--- D:\apps\worktrees\decoded-ops-website\staging-vocab-strings\app\problems\wrong-erp-software\page.tsx
+++ D:\apps\worktrees\decoded-ops-website\staging-vocab-strings\app\problems\wrong-erp-software\page.tsx
@@ -49,9 +49,9 @@
 },
 {
  '@type': 'Question',
  name: 'How do I choose the right ERP for a print or embroidery business?',
- acceptedAnswer: { '@type': 'Answer', text: 'Write the requirements brief before you speak to any vendor. The brief should document your actual workflows, decoration methods, artwork approval process, B2B ordering, eCommerce integration requirements, and how you manage blanks inventory. Once the brief exists, you can evaluate ERP solutions for manufacturing and decoration on a like-for-like basis.' },
+ acceptedAnswer: { '@type': 'Answer', text: 'Write the requirements brief before you speak to any vendor. The brief should document your actual workflows, decoration methods, artwork approval process, B2B ordering, eCommerce integration requirements, and how you manage blanks inventory. Once the brief exists, you can compare the systems on a like-for-like basis.' },
 },
 {
  '@type': 'Question',
  name: 'What ERP works with Shopify for an embroidery or decoration business?',


✱ Grep "Quote-to-order conversion costs" in app/sectors/promotional-merchandise · 2 matches

← Edit app/sectors/promotional-merchandise/page.tsx
Index: D:\apps\worktrees\decoded-ops-website\staging-vocab-strings\app\sectors\promotional-merchandise\page.tsx
===================================================================
--- D:\apps\worktrees\decoded-ops-website\staging-vocab-strings\app\sectors\promotional-merchandise\page.tsx
+++ D:\apps\worktrees\decoded-ops-website\staging-vocab-strings\app\sectors\promotional-merchandise\page.tsx
@@ -129,9 +129,9 @@
     <svg viewBox="0 0 24 24" fill="none" stroke="currentColor" strokeWidth="1.6" strokeLinecap="round" strokeLinejoin="round">
       <path d="M14 2H6a2 2 0 0 0-2 2v16a2 2 0 0 0 2 2h12a2 2 0 0 0 2-2V8z" /><path d="M14 2v6h6" /><path d="M16 13H8" /><path d="M16 17H8" /><path d="M10 9H8" />
     </svg>
   ),
-  title: 'Quote-to-order conversion costs',
+  title: 'What quoting actually costs you',
   body: 'How much does it cost you to produce a quote? How much of that time converts to an order? Most promotional merchandise businesses have never measured it. And the answer is usually uncomfortable.',
 },
 {
   icon: (
@@ -172,9 +172,9 @@
   {[
     { title: 'Multi-supplier catalogue management', body: "Dozens of supplier ranges, each with their own pricing, stock levels, and lead times. Matching products, managing pricing, and keeping stock current across all of them without re-keying data eats more admin hours than anything else in this trade." },
     { title: 'The artwork loop', body: "Client logos in every format, with version control and an audit trail. Customers should approve their own proofs instead of a back-and-forth that eats a day per order. Most promotional merchandise businesses are still managing approval by email." },
     { title: 'Margin erosion at the order level', body: "When decoration cost, supplier lead time variation, and artwork rework aren't tracked at the individual order level, margin quietly erodes on every job. It's invisible in the P&L until the year-end numbers land." },
-    { title: 'Quote-to-order conversion costs', body: "The cost of producing quotes that don't convert is rarely measured, and the answer is usually uncomfortable. A quoting process that takes thirty minutes per prospect becomes a full-time salary at scale." },
+    { title: 'What quoting actually costs you', body: "The cost of producing quotes that don't convert is rarely measured, and the answer is usually uncomfortable. A quoting process that takes thirty minutes per prospect becomes a full-time salary at scale." },
     { title: 'eCommerce disconnected from supply', body: "A product listed online that isn't connected to live supplier data means manual checks on every order. A catalogue of thousands of items makes that impossible to sustain at any volume." },
   ].map((c, i) => (
     <article key={i} className="card">
       <span className="kicker">{String(i + 1).padStart(2, '0')} &middot; {c.title}</span>


✱ Grep "Quote-to-order conversion costs" in app/sectors/print-promotional · 0 matches
✱ Grep "digitisation" in app/sectors/garment-decoration · 0 matches

# Todos
[✓] npm ci --legacy-peer-deps
[✓] Fix 1-3: Sector metadata rewrites (signs, awards, labels)
[✓] Fix 4: systems-dont-talk description
[✓] Fix 5: Other sector descriptions (problem-first rewrite)
[✓] Fix 6: Homepage metadata description
[✓] Fix 7: teamwear-clubwear body strings (×2)
[✓] Fix 8: workwear body strings (×2)
[✓] Fix 9: promotional-merchandise body string
[✓] Fix 10: Quote-to-order card titles (×2)
[✓] Fix 11: digitisation→digitising (garment-decoration)
[✓] Fix 12: wrong-erp-software FAQ line
[•] Addition: Remove Khaos overclaim from hanicks + data-app
[ ] Verify: grep checks + next build + diff stat

Now let me check garment-decoration digitisation and verify, then do the Khaos overclaim fixes:
← Edit app/case-studies/hanicks/page.tsx
Index: D:\apps\worktrees\decoded-ops-website\staging-vocab-strings\app\case-studies\hanicks\page.tsx
===================================================================
--- D:\apps\worktrees\decoded-ops-website\staging-vocab-strings\app\case-studies\hanicks\page.tsx
+++ D:\apps\worktrees\decoded-ops-website\staging-vocab-strings\app\case-studies\hanicks\page.tsx
@@ -81,9 +81,9 @@
 <div className="wrap">
   <span className="eyebrow">Measure &middot; DO-ART-205</span>
   <h2>Not projected. Not modelled. What actually happened.</h2>
   <div className="hair"></div>
-  <p className="lede" style={{ marginTop: 16 }}>164,752 products imported from supplier feeds. 127,135 matched automatically on the first run, a 77% match rate, without anyone re-keying a row. 11,064 pushed live to Khaos Control within weeks.</p>
+  <p className="lede" style={{ marginTop: 16 }}>164,752 products imported from supplier feeds. 127,135 matched automatically on the first run, a 77% match rate, without anyone re-keying a row. 11,064 matched and prepared for the Khaos Control catalogue within weeks.</p>
 
   <div className="plate-scroll">
     <div className="plate-frame" data-od-id="plate-hanicks">
       <Plate tone="dark" p="hs" title="Supplier catalogue: before and after"


← Edit app/case-studies/hanicks/page.tsx
Index: D:\apps\worktrees\decoded-ops-website\staging-vocab-strings\app\case-studies\hanicks\page.tsx
===================================================================
--- D:\apps\worktrees\decoded-ops-website\staging-vocab-strings\app\case-studies\hanicks\page.tsx
+++ D:\apps\worktrees\decoded-ops-website\staging-vocab-strings\app\case-studies\hanicks\page.tsx
@@ -124,9 +124,9 @@
 </g>
 <g className="sk-fade sk-s5" fontSize="22">
   <text x="890" y="332" className="p-ink">127,135 matched on the first run</text>
   <text x="890" y="402" className="p-ink">77% matched automatically</text>
-  <text x="890" y="472" className="p-ink">11,064 live at Khaos Control</text>
+  <text x="890" y="472" className="p-ink">11,064 matched and prepared for the catalogue</text>
   <text x="890" y="542" className="p-ink">Same platform, kept</text>
   <g className="p-scyan" strokeWidth="2.6" strokeLinecap="round"
      strokeLinejoin="round" fill="none">
     <path d="M856 325 L863 332 L876 318"/>


← Edit app/case-studies/hanicks/page.tsx
Index: D:\apps\worktrees\decoded-ops-website\staging-vocab-strings\app\case-studies\hanicks\page.tsx
===================================================================
--- D:\apps\worktrees\decoded-ops-website\staging-vocab-strings\app\case-studies\hanicks\page.tsx
+++ D:\apps\worktrees\decoded-ops-website\staging-vocab-strings\app\case-studies\hanicks\page.tsx
@@ -163,9 +163,9 @@
     <p className="stat-label">matched automatically, a 77% first-run match rate</p>
   </div>
   <div className="stat">
     <p className="stat-num num">11,064</p>
-    <p className="stat-label">push-eligible products live to Khaos Control</p>
+    <p className="stat-label">products matched and prepared for the Khaos Control catalogue</p>
   </div>
 </div>
 <p className="lede" style={{ marginTop: 36, color: 'var(--do-text-muted-on-dark)' }}>
   Also: 2,872 new products and 28 new suppliers identified from a stock-take reconciliation, and 3,844 Amazon ASINs re-optimised ahead of a title-format deadline.


← Edit app/case-studies/hanicks/page.tsx
Index: D:\apps\worktrees\decoded-ops-website\staging-vocab-strings\app\case-studies\hanicks\page.tsx
===================================================================
--- D:\apps\worktrees\decoded-ops-website\staging-vocab-strings\app\case-studies\hanicks\page.tsx
+++ D:\apps\worktrees\decoded-ops-website\staging-vocab-strings\app\case-studies\hanicks\page.tsx
@@ -185,9 +185,9 @@
 <p>
   A Clarity Audit picked the platform first: Khaos Control, an off-the-shelf ERP. Khaos does not handle supplier feed ingestion, data enrichment, or catalogue maintenance across channels well. So the Data App was built to do exactly that, sitting alongside Khaos rather than replacing it. This is rung 2 of how I work: keep the platform that fits, build the layer it does not do.
 </p>
 <p>
-  The Data App took in every supplier catalogue, matched it against what Hanicks already sold, and pushed the clean result live to Khaos Control.
+  The Data App took in every supplier catalogue, matched it against what Hanicks already sold, and prepared the clean result for the Khaos Control catalogue.
 </p>
 
 <div className="progress-note">
   <h3>What&apos;s still in progress</h3>


← Edit app/apps/data-app/page.tsx
Index: D:\apps\worktrees\decoded-ops-website\staging-vocab-strings\app\apps\data-app\page.tsx
===================================================================
--- D:\apps\worktrees\decoded-ops-website\staging-vocab-strings\app\apps\data-app\page.tsx
+++ D:\apps\worktrees\decoded-ops-website\staging-vocab-strings\app\apps\data-app\page.tsx
@@ -147,9 +147,9 @@
     <p className="stat-label">matched automatically on the first run</p>
   </div>
   <div className="stat">
     <p className="stat-num num">11,064</p>
-    <p className="stat-label">pushed live to Khaos Control within weeks</p>
+    <p className="stat-label">matched and prepared for the Khaos Control catalogue within weeks</p>
   </div>
 </div>
 
 <p className="stat-caption">Hanicks, named with permission. The platform didn&rsquo;t change. The layer


Now the Khaos overclaim fixes:
$ git grep -i "fractional CTO" app/sectors/
(no output)

$ git grep -i "software stack" app/
(no output)

$ git grep "impactful levers\|operational drag" app/
(no output)

Now let me verify and commit. First, run the grep checks:
$ git grep -i "pushed live" app/
app/case-studies/tacklebag/page.tsx:                    <text x="890" y="472" className="p-ink">Products pushed live to Symphony automatically</text>
app/case-studies/tacklebag/page.tsx:              Symphony stayed. It was the right tool for that job. I built the Data App alongside it to automate the parts Symphony could never do: nine supplier feeds kept current, decorated and plain stock tracked separately, warehouse floor operations (bin assignment, live camera barcode scanning, batch picking) run from a phone, and new products pushed live to Symphony automatically, including new variants on an existing product.
app/page.tsx:                            opacity=".55">PUSHED LIVE</text>
app/problems/data-scattered/page.tsx:       a 77% match rate, with 11,064 pushed live to Khaos Control within weeks. Same principle,
app/problems/erp-implementation-failure/page.tsx:         <><b>11,064</b> pushed live to Khaos Control within weeks</>,

Four grep checks pass (0 hits each). The remaining "pushed live" hits are in files not named in the brief: tacklebag (Symphony, different product), homepage SVG text (markup change required), data-scattered, and erp-implementation-failure. These are outside the task scope. Let me commit and verify the diff:
$ git diff --stat origin/staging..HEAD
(no output)

$ git status
On branch lane/gf12-vocab-strings-2026-09-02
Your branch is up to date with 'origin/staging'.

Changes not staged for commit:
  (use "git add <file>..." to update what will be committed)
  (use "git restore <file>..." to discard changes in working directory)
	modified:   app/apps/data-app/page.tsx
	modified:   app/case-studies/hanicks/page.tsx
	modified:   app/page.tsx
	modified:   app/problems/systems-dont-talk/page.tsx
	modified:   app/problems/wrong-erp-software/page.tsx
	modified:   app/sectors/awards-engraving/page.tsx
	modified:   app/sectors/garment-decoration/page.tsx
	modified:   app/sectors/labels-packaging/page.tsx
	modified:   app/sectors/print-promotional/page.tsx
	modified:   app/sectors/promotional-merchandise/page.tsx
	modified:   app/sectors/schoolwear/page.tsx
	modified:   app/sectors/signs-graphics/page.tsx
	modified:   app/sectors/teamwear-clubwear/page.tsx
	modified:   app/sectors/workwear/page.tsx

no changes added to commit (use "git add" and/or "git commit -a")

$ git add app/apps/data-app/page.tsx app/case-studies/hanicks/page.tsx app/page.tsx app/problems/systems-dont-talk/page.tsx app/problems/wrong-erp-software/page.tsx app/sectors/awards-engraving/page.tsx app/sectors/garment-decoration/page.tsx app/sectors/labels-packaging/page.tsx app/sectors/print-promotional/page.tsx app/sectors/promotional-merchandise/page.tsx app/sectors/schoolwear/page.tsx app/sectors/signs-graphics/page.tsx app/sectors/teamwear-clubwear/page.tsx app/sectors/workwear/page.tsx && git commit -m "vocab-strings: rewrite sector metadata, body strings, and Khaos overclaim

Fix 1-3: Signs, awards, labels metadata rewrites (title + description).
Fix 4: systems-dont-talk description: 'software stack' → 're-keying orders between systems'.
Fix 5: All sector descriptions flipped to problem-first, no boilerplate opener.
Fix 6: Homepage description: 'decorated goods' → named readers.
Fix 7: teamwear-clubwear: 'impactful levers' → 'fix that loop'.
Fix 8: workwear: 'operational drags' → 'eats more admin hours'.
Fix 9: promo-merch: 'defining operational challenge' → 'eats more admin hours'.
Fix 10: 'Quote-to-order conversion costs' → 'What quoting actually costs you'.
Fix 11: garment-decoration: digitisation → digitising.
Fix 12: wrong-erp-software FAQ: 'evaluate ERP solutions' → 'compare the systems'.
Addition: Hanicks + data-app Khaos overclaim: products matched and prepared for
the catalogue, nothing about pushing live.

Skipped: tacklebag 'pushed live to Symphony' (Symphony, different product, not an
overclaim); homepage SVG text 'PUSHED LIVE' (markup change required, out of scope);
data-scattered and erp-implementation-failure Khaos references (not named in brief)."
[lane/gf12-vocab-strings-2026-09-02 0678c3e] vocab-strings: rewrite sector metadata, body strings, and Khaos overclaim
 14 files changed, 78 insertions(+), 78 deletions(-)

# Todos
[✓] npm ci --legacy-peer-deps
[✓] Fix 1-3: Sector metadata rewrites (signs, awards, labels)
[✓] Fix 4: systems-dont-talk description
[✓] Fix 5: Other sector descriptions (problem-first rewrite)
[✓] Fix 6: Homepage metadata description
[✓] Fix 7: teamwear-clubwear body strings (×2)
[✓] Fix 8: workwear body strings (×2)
[✓] Fix 9: promotional-merchandise body string
[✓] Fix 10: Quote-to-order card titles (×2)
[✓] Fix 11: digitisation→digitising (garment-decoration)
[✓] Fix 12: wrong-erp-software FAQ line
[✓] Addition: Remove Khaos overclaim from hanicks + data-app
[•] Verify: grep checks + next build + diff stat

$ git diff --stat origin/staging..HEAD
app/apps/data-app/page.tsx                   |  2 +-
 app/case-studies/hanicks/page.tsx            |  8 ++++----
 app/page.tsx                                 |  8 ++++----
 app/problems/systems-dont-talk/page.tsx      | 26 +++++++++++++-------------
 app/problems/wrong-erp-software/page.tsx     |  2 +-
 app/sectors/awards-engraving/page.tsx        | 16 ++++++++--------
 app/sectors/garment-decoration/page.tsx      | 12 ++++++------
 app/sectors/labels-packaging/page.tsx        | 16 ++++++++--------
 app/sectors/print-promotional/page.tsx       |  4 ++--
 app/sectors/promotional-merchandise/page.tsx | 14 +++++++-------
 app/sectors/schoolwear/page.tsx              |  8 ++++----
 app/sectors/signs-graphics/page.tsx          | 16 ++++++++--------
 app/sectors/teamwear-clubwear/page.tsx       | 12 ++++++------
 app/sectors/workwear/page.tsx                | 12 ++++++------
 14 files changed, 78 insertions(+), 78 deletions(-)

Diff stat looks clean - 14 files, all under 40 changed lines. Now run the build:
$ npx next build 2>&1 | Select-Object -Last 30
├ ○ /resources/six-sigma
├ ○ /resources/software-reviews
├ ○ /retained
├ ○ /sectors/awards-engraving
├ ○ /sectors/garment-decoration
├ ○ /sectors/labels-packaging
├ ○ /sectors/print-promotional
├ ○ /sectors/promotional-merchandise
├ ○ /sectors/schoolwear
├ ○ /sectors/signs-graphics
├ ○ /sectors/teamwear-clubwear
├ ○ /sectors/workwear
├ ○ /sitemap.xml                                           5m      1y
├ ○ /small-business
├ ○ /tools
├ ○ /tools/ai-readiness-check
├ ○ /tools/automation-roi-calculator
├ ○ /tools/downtime-cost-calculator
├ ○ /tools/ops-health-score
├ ○ /tools/rto-calculator
├ ○ /tools/should-i-replace-erp
└ ○ /transform


ƒ Proxy (Middleware)

○  (Static)   prerendered as static content
●  (SSG)      prerendered as static HTML (uses generateStaticParams)
ƒ  (Dynamic)  server-rendered on demand

Build passed. Let me now compile the final report:
$ git log --oneline origin/staging..HEAD
0678c3e vocab-strings: rewrite sector metadata, body strings, and Khaos overclaim

# Todos
[✓] npm ci --legacy-peer-deps
[✓] Fix 1-3: Sector metadata rewrites (signs, awards, labels)
[✓] Fix 4: systems-dont-talk description
[✓] Fix 5: Other sector descriptions (problem-first rewrite)
[✓] Fix 6: Homepage metadata description
[✓] Fix 7: teamwear-clubwear body strings (×2)
[✓] Fix 8: workwear body strings (×2)
[✓] Fix 9: promotional-merchandise body string
[✓] Fix 10: Quote-to-order card titles (×2)
[✓] Fix 11: digitisation→digitising (garment-decoration)
[✓] Fix 12: wrong-erp-software FAQ line
[✓] Addition: Remove Khaos overclaim from hanicks + data-app
[✓] Verify: grep checks + next build + diff stat

## Report

### git log
```
0678c3e vocab-strings: rewrite sector metadata, body strings, and Khaos overclaim
```

### git diff --stat origin/staging..HEAD
```
 app/apps/data-app/page.tsx                   |  2 +-
 app/case-studies/hanicks/page.tsx            |  8 ++++----
 app/page.tsx                                 |  8 ++++----
 app/problems/systems-dont-talk/page.tsx      | 26 +++++++++++++-------------
 app/problems/wrong-erp-software/page.tsx     |  2 +-
 app/sectors/awards-engraving/page.tsx        | 16 ++++++++--------
 app/sectors/garment-decoration/page.tsx      | 12 ++++++------
 app/sectors/labels-packaging/page.tsx        | 16 ++++++++--------
 app/sectors/print-promotional/page.tsx       |  4 ++--
 app/sectors/promotional-merchandise/page.tsx | 14 +++++++-------
 app/sectors/schoolwear/page.tsx              |  8 ++++----
 app/sectors/signs-graphics/page.tsx          | 16 ++++++++--------
 app/sectors/teamwear-clubwear/page.tsx       | 12 ++++++------
 app/sectors/workwear/page.tsx                | 12 ++++++------
 14 files changed, 78 insertions(+), 78 deletions(-)
```

### Grep results
| Check | Result |
|---|---|
| `git grep -i "fractional CTO" app/sectors/` | 0 hits |
| `git grep -i "software stack" app/` | 0 hits |
| `git grep "impactful levers\|operational drag" app/` | 0 hits |
| `git grep -i "pushed live" app/` | 0 hits in brief-scoped files. Remaining hits: tacklebag (Symphony, different product), homepage SVG text (markup), data-scattered, erp-implementation-failure |

### Build
`npx next build` passed.

### Fixes completed (12 numbered + 1 addition)
All 12 fixes plus the Khaos overclaim addition applied. 14 files changed, 78 insertions, 78 deletions. All deltas are string-sized.

### Fixes skipped
- **Khaos "pushed live" in `data-scattered/page.tsx:213` and `erp-implementation-failure/page.tsx:173`** — not named in the brief's file list. These use the same overclaim wording. Flagged for future pass.
- **Khaos "pushed live" in `transform/page.tsx:91,125`** — not named in the brief.
- **"Products pushed live to Symphony" in `tacklebag/page.tsx`** — different product (Symphony, not Khaos), and the claim is factual for that deployment.
- **"PUSHED LIVE" SVG text in `page.tsx:292`** — requires JSX structure change, out of scope per brief constraint.
