
> build · mimo-v2.5

# Todos
[•] Explore existing resource pages for pattern
[ ] Read source content files
[ ] Build SOP Template resource page
[ ] Build Artwork Approval Playbook resource page
[ ] Build ERP Selection Playbook resource page
[ ] Update resources index page
[ ] Search for existing newsletter/lead-capture component
[ ] Run next build and fix errors
[ ] Commit changes

• Explore resource page patterns Explore Agent
• Read source content files Explore Agent
• Search for newsletter capture Explore Agent
✓ Read source content files Explore Agent
✓ Search for newsletter capture Explore Agent
✓ Explore resource page patterns Explore Agent

# Todos
[✓] Explore existing resource pages for pattern
[•] Read source content files
[ ] Build SOP Template resource page
[ ] Build Artwork Approval Playbook resource page
[ ] Build ERP Selection Playbook resource page
[ ] Update resources index page
[✓] Search for existing newsletter/lead-capture component
[ ] Run next build and fix errors
[ ] Commit changes

→ Read content-source/source-sop-template-decorated-goods.html
→ Read content-source/source-artwork-approval-workflow-brief-to-sign-off-24-hours.html
→ Read content-source/source-erp-selection-decorated-goods.html
→ Read content-source/source-what-is-erp-decorated-goods.html

# Todos
[✓] Explore existing resource pages for pattern
[✓] Read source content files
[•] Build SOP Template resource page
[ ] Build Artwork Approval Playbook resource page
[ ] Build ERP Selection Playbook resource page
[ ] Update resources index page
[✓] Search for existing newsletter/lead-capture component
[ ] Run next build and fix errors
[ ] Commit changes

$ mkdir -p "D:\apps\worktrees\decoded-ops-website\lane-give-first-magnets\app\resources\sop-template" && mkdir -p "D:\apps\worktrees\decoded-ops-website\lane-give-first-magnets\app\resources\artwork-approval-playbook" && mkdir -p "D:\apps\worktrees\decoded-ops-website\lane-give-first-magnets\app\resources\erp-selection-playbook"
Directory: D:\apps\worktrees\decoded-ops-website\lane-give-first-magnets\app\resources

Mode                 LastWriteTime         Length Name
----                 -------------         ------ ----
d----          01/09/2026    20:28                sop-template
d----          01/09/2026    20:28                artwork-approval-playbook
d----          01/09/2026    20:28                erp-selection-playbook

← Write app/resources/sop-template/page.tsx
Wrote file successfully.

← Write app/resources/artwork-approval-playbook/page.tsx
Wrote file successfully.

Now let me write all three resource pages and the updated index simultaneously.
← Write app/resources/erp-selection-playbook/page.tsx
Wrote file successfully.

# Todos
[✓] Explore existing resource pages for pattern
[✓] Read source content files
[✓] Build SOP Template resource page
[✓] Build Artwork Approval Playbook resource page
[✓] Build ERP Selection Playbook resource page
[•] Update resources index page
[✓] Search for existing newsletter/lead-capture component
[ ] Run next build and fix errors
[ ] Commit changes

→ Read app/resources/page.tsx

← Edit app/resources/page.tsx
Index: D:\apps\worktrees\decoded-ops-website\lane-give-first-magnets\app\resources\page.tsx
===================================================================
--- D:\apps\worktrees\decoded-ops-website\lane-give-first-magnets\app\resources\page.tsx
+++ D:\apps\worktrees\decoded-ops-website\lane-give-first-magnets\app\resources\page.tsx
@@ -1,7 +1,7 @@
 import type { Metadata } from 'next';
 import Link from 'next/link';
-import { ArrowRight, ClipboardCheck, AlertTriangle, Star, Workflow, Gauge } from 'lucide-react';
+import { ArrowRight, ClipboardCheck, AlertTriangle, Star, Workflow, Gauge, FileText, Palette, Database } from 'lucide-react';
 import { BreadcrumbSchema } from '@/components/BreadcrumbSchema';
 
 export const metadata: Metadata = {
   title: 'Free Resources for Print & Embroidery Businesses | Decoded Ops',


← Edit app/resources/page.tsx
Index: D:\apps\worktrees\decoded-ops-website\lane-give-first-magnets\app\resources\page.tsx
===================================================================
--- D:\apps\worktrees\decoded-ops-website\lane-give-first-magnets\app\resources\page.tsx
+++ D:\apps\worktrees\decoded-ops-website\lane-give-first-magnets\app\resources\page.tsx
@@ -51,8 +51,26 @@
     title: 'What 5 & 6 Sigma Mean for Your Operation',
     desc: 'What 3, 4, 5 and 6 Sigma actually mean for a print and embroidery business — and why closing the gap is about process, not machinery.',
     href: '/resources/six-sigma',
   },
+  {
+    icon: FileText,
+    title: 'SOP Template for Decorated Goods',
+    desc: 'A free SOP template and 7-step writing method for garment decoration, print, and embroidery businesses. Includes Process Register and Improvement Log.',
+    href: '/resources/sop-template',
+  },
+  {
+    icon: Palette,
+    title: 'Artwork Approval Playbook',
+    desc: 'A 5-step workflow to take artwork approval from brief to sign-off in 24 hours. Structured brief, proof standard, and chase process.',
+    href: '/resources/artwork-approval-playbook',
+  },
+  {
+    icon: Database,
+    title: 'ERP Selection Playbook',
+    desc: 'A plain-English ERP guide for decorated goods: what it is, when you need it, how to choose, and the pitfalls specific to garment decoration.',
+    href: '/resources/erp-selection-playbook',
+  },
 ];
 
 export default function ResourcesPage() {
   return (


# Todos
[✓] Explore existing resource pages for pattern
[✓] Read source content files
[✓] Build SOP Template resource page
[✓] Build Artwork Approval Playbook resource page
[✓] Build ERP Selection Playbook resource page
[✓] Update resources index page
[✓] Search for existing newsletter/lead-capture component
[•] Run next build and fix errors
[ ] Commit changes

$ Test-Path "D:\apps\worktrees\decoded-ops-website\lane-give-first-magnets\node_modules"
False

$ npm install
added 409 packages, and audited 410 packages in 48s
npm warn allow-scripts 3 packages have install scripts not yet covered by allowScripts:
npm warn allow-scripts   cpu-features@0.0.10 (install: node buildcheck.js > buildcheck.gypi && node-gyp rebuild)
npm warn allow-scripts   ssh2@1.17.0 (install: node install.js)
npm warn allow-scripts   unrs-resolver@1.12.2 (postinstall: node postinstall.js)
npm warn allow-scripts
npm warn allow-scripts Run `npm approve-scripts --allow-scripts-pending` to review, or `npm approve-scripts <pkg>` to allow.

146 packages are looking for funding
  run `npm fund` for details

3 high severity vulnerabilities

To address all issues, run:
  npm audit fix

Run `npm audit` for details.

$ npm run build 2>&1
> decoded-ops-next@0.1.0 build
> next build

▲ Next.js 16.3.3 (Turbopack)
✓ Running next.config.ts took 39ms

⚠ The "middleware" file convention is deprecated. Please use "proxy" instead.

  To migrate automatically, run:
  npx @next/codemod@canary middleware-to-proxy .

  Learn more: https://nextjs.org/docs/messages/middleware-to-proxy
⚠ The Edge Runtime is deprecated. You can use the "nodejs" runtime instead. Learn more: https://nextjs.org/docs/messages/edge-runtime-deprecated
  Creating an optimized production build ...
✓ Compiled successfully in 19.3s
  Running TypeScript ...
  Finished TypeScript in 12.5s ...
  Collecting page data using 15 workers ...
⚠ Using edge runtime on a page currently disables static generation for that page
  Generating static pages using 15 workers (0/145) ...
  Generating static pages using 15 workers (36/145) 
  Generating static pages using 15 workers (72/145) 
  Generating static pages using 15 workers (108/145) 
✓ Generating static pages using 15 workers (145/145) in 859ms
  Finalizing page optimization ...

Route (app)                                        Revalidate  Expire
┌ ○ /
├ ○ /_not-found
├ ○ /about
├ ƒ /api/auth/[...nextauth]
├ ƒ /api/auth/login
├ ƒ /api/clients/documents/[id]/questionnaire
├ ƒ /api/clients/documents/[id]/sign
├ ƒ /api/clients/uploads
├ ƒ /api/contact
├ ƒ /api/tools/capture
├ ○ /blog                                                  5m      1y
├   /blog/[slug]
│ ├ ● /blog/the-real-cost-of-a-failed-erp-project          5m      1y
│ ├ ● /blog/5-questions-vendors-wont-like                  5m      1y
│ ├ ● /blog/why-systems-dont-talk                          5m      1y
│ └ ● [+25 more paths]
├ ○ /case-studies
├ ○ /case-studies/cobra-workwear
├ ○ /case-studies/eternal-fitness
├ ○ /case-studies/hanicks
├ ○ /case-studies/tacklebag
├ ○ /clarity
├ ƒ /clients/[clientId]
├ ƒ /clients/dashboard
├ ƒ /clients/documents
├ ƒ /clients/documents/view/[id]
├ ○ /clients/login
├ ƒ /clients/project
├ ○ /contact
├ ○ /cookies
├ ○ /decoded-data-app
├ ○ /deliver
├ ○ /locations/fractional-cto
├   /locations/fractional-cto/[location]
│ ├ ● /locations/fractional-cto/chichester
│ ├ ● /locations/fractional-cto/worthing
│ ├ ● /locations/fractional-cto/horsham
│ └ ● [+24 more paths]
├ ○ /locations/tech-audit
├   /locations/tech-audit/[location]
│ ├ ● /locations/tech-audit/chichester
│ ├ ● /locations/tech-audit/worthing
│ ├ ● /locations/tech-audit/horsham
│ └ ● [+24 more paths]
├ ƒ /opengraph-image
├ ○ /pricing
├ ○ /privacy
├ ○ /problems/ai-paralysis
├ ○ /problems/cant-scale-operations
├ ○ /problems/disaster-recovery
├ ○ /problems/ecommerce-not-connected
├ ○ /problems/erp-implementation-failure
├ ○ /problems/manual-workarounds
├ ○ /problems/no-ops-owner
├ ○ /problems/slow-processes
├ ○ /problems/systems-dont-talk
├ ○ /problems/wrong-erp-software
├ ○ /resources
├ ○ /resources/5-warning-signs
├ ○ /resources/artwork-approval-playbook
├ ○ /resources/audit-checklist
├ ○ /resources/decoded-method
├ ○ /resources/erp-selection-playbook
├ ○ /resources/six-sigma
├ ○ /resources/software-reviews
├ ○ /resources/sop-template
├ ○ /retained
├ ○ /sectors/awards-engraving
├ ○ /sectors/garment-decoration
├ ○ /sectors/labels-packaging
├ ○ /sectors/print-promotional
├ ○ /sectors/signs-graphics
├ ○ /sectors/workwear-teamwear
├ ○ /sitemap.xml                                           5m      1y
├ ○ /small-business
├ ○ /tools
├ ○ /tools/ai-readiness-check
├ ○ /tools/automation-roi-calculator
├ ○ /tools/downtime-cost-calculator
├ ○ /tools/ops-health-score
├ ○ /tools/rto-calculator
├ ○ /tools/should-i-replace-erp
└ ○ /transform


ƒ Proxy (Middleware)

○  (Static)   prerendered as static content
●  (SSG)      prerendered as static HTML (uses generateStaticParams)
ƒ  (Dynamic)  server-rendered on demand

# Todos
[✓] Explore existing resource pages for pattern
[✓] Read source content files
[✓] Build SOP Template resource page
[✓] Build Artwork Approval Playbook resource page
[✓] Build ERP Selection Playbook resource page
[✓] Update resources index page
[✓] Search for existing newsletter/lead-capture component
[✓] Run next build and fix errors
[•] Commit changes

Build passed cleanly. All three routes are statically generated. Now committing.
$ git status
On branch lane/give-first-magnets
Your branch is up to date with 'origin/main'.

Changes not staged for commit:
  (use "git add <file>..." to update what will be committed)
  (use "git restore <file>..." to discard changes in working directory)
	modified:   app/resources/page.tsx

Untracked files:
  (use "git add <file>..." to include in what will be committed)
	BRIEF-give-first-magnets.md
	app/resources/artwork-approval-playbook/
	app/resources/erp-selection-playbook/
	app/resources/sop-template/
	content-source/

no changes added to commit (use "git add" and/or "git commit -a")

$ git log --oneline -5
d45350e Fix wrong CRM link in lead alert email — /leads → /admin/leads
2ab97c9 Add lead alert email to tool capture route
c5f3157 fix: remove false email promise from tool lead capture
e112d7b feat: add lead capture to all six interactive tools
2c9030f chore: replace Tailwind hex colour classes with design-system tokens in components/

$ git add app/resources/page.tsx app/resources/sop-template/page.tsx app/resources/artwork-approval-playbook/page.tsx app/resources/erp-selection-playbook/page.tsx && git commit -m "Add three ungated resource pages from published blog content

- /resources/sop-template: SOP Template for Decorated Goods (from BLOG-057)
  7-step writing method, three-layer Decoded Method, free template details
- /resources/artwork-approval-playbook: Artwork Approval Playbook (from BLOG-039)
  5-step workflow from brief to sign-off in 24 hours
- /resources/erp-selection-playbook: ERP Selection Playbook (merged BLOG-045 + BLOG-046)
  What ERP is, do you need one, selection process, pitfalls, preparation

All pages follow existing resource page pattern (audit-checklist layout).
No newsletter capture exists in codebase - each ends with contact link + TODO.
No new dependencies, no files outside app/resources/ touched.
Build passes clean."
warning: in the working copy of 'app/resources/artwork-approval-playbook/page.tsx', LF will be replaced by CRLF the next time Git touches it
warning: in the working copy of 'app/resources/erp-selection-playbook/page.tsx', LF will be replaced by CRLF the next time Git touches it
warning: in the working copy of 'app/resources/sop-template/page.tsx', LF will be replaced by CRLF the next time Git touches it
[lane/give-first-magnets 20bea5d] Add three ungated resource pages from published blog content
 4 files changed, 962 insertions(+), 1 deletion(-)
 create mode 100644 app/resources/artwork-approval-playbook/page.tsx
 create mode 100644 app/resources/erp-selection-playbook/page.tsx
 create mode 100644 app/resources/sop-template/page.tsx

$ git log --oneline -3
20bea5d Add three ungated resource pages from published blog content
d45350e Fix wrong CRM link in lead alert email — /leads → /admin/leads
2ab97c9 Add lead alert email to tool capture route

$ git status
On branch lane/give-first-magnets
Your branch is ahead of 'origin/main' by 1 commit.
  (use "git push" to publish your local commits)

Untracked files:
  (use "git add <file>..." to include in what will be committed)
	BRIEF-give-first-magnets.md
	content-source/

nothing added to commit but untracked files present (use "git add" to track)

# Todos
[✓] Explore existing resource pages for pattern
[✓] Read source content files
[✓] Build SOP Template resource page
[✓] Build Artwork Approval Playbook resource page
[✓] Build ERP Selection Playbook resource page
[✓] Update resources index page
[✓] Search for existing newsletter/lead-capture component
[✓] Run next build and fix errors
[✓] Commit changes

Done. Three resource pages built, committed, build passing.

**What was created:**

| Route | Source | Content |
|---|---|---|
| `/resources/sop-template` | BLOG-057 | 7-step SOP writing method, three-layer Decoded Method, template contents, key takeaways |
| `/resources/artwork-approval-playbook` | BLOG-039 | 5-step workflow (brief, creation, proof, chase, sign-off), automation guidance, FAQs |
| `/resources/erp-selection-playbook` | BLOG-045 + BLOG-046 merged | What ERP is, do-you-need-one framework, selection process, systems comparison, pitfalls, preparation steps |

**Pattern followed:** Same layout as `audit-checklist/page.tsx` - light hero, content sections, key takeaways in dark band, CTA block. All use `JsonLd`, `BOOKING_URL`, and the same metadata export shape.

**Opt-in:** No newsletter capture exists in the codebase. Each page ends with a plain `/contact` link and the `TODO: wire Ops Briefing opt-in when capture endpoint exists` comment.

**Constraints honoured:** First person singular, no em dashes, no invented facts/numbers, no day rates, no new dependencies, no files outside `app/resources/**`.

**Commit:** `20bea5d` on `lane/give-first-magnets`, not pushed.
