[0m
> build · mimo-v2.5
[0m
[0m→ [0mRead .context/lane-briefs/cr-web-048-fix2.md
[0m→ [0mRead app/case-studies/case-study-01/page.tsx
[0m→ [0mRead app/case-studies/case-study-02/page.tsx
[0m
[0m# [0mTodos
[•] Fix case-study-01 y=472 AFTER line text
[ ] Fix case-study-02 y=402 AFTER line overflow with tspan split
[ ] Run tsc --noEmit
[ ] Commit and write lane reports
[0m
[0m← [0mEdit app/case-studies/case-study-01/page.tsx
Index: D:\apps\worktrees\decoded-ops-website\cr-web-048-case-studies\app\case-studies\case-study-01\page.tsx
===================================================================
--- D:\apps\worktrees\decoded-ops-website\cr-web-048-case-studies\app\case-studies\case-study-01\page.tsx
+++ D:\apps\worktrees\decoded-ops-website\cr-web-048-case-studies\app\case-studies\case-study-01\page.tsx
@@ -130,9 +130,9 @@
 </g>
 <g className="sk-fade sk-s5" fontSize="22">
   <text x="890" y="332" className="p-ink">154,518 matched automatically</text>
   <text x="890" y="402" className="p-ink">40 active suppliers feeding in</text>
-  <text x="890" y="472" className="p-ink">Data app (now the ERP)</text>
+  <text x="890" y="472" className="p-ink">77% of stock records now have a bin location</text>
   <text x="890" y="542" className="p-ink">Data app (now the ERP)</text>
   <g className="p-scyan" strokeWidth="2.6" strokeLinecap="round"
      strokeLinejoin="round" fill="none">
     <path d="M856 325 L863 332 L876 318"/>

[0m
[0m# [0mTodos
[✓] Fix case-study-01 y=472 AFTER line text
[•] Fix case-study-02 y=402 AFTER line overflow with tspan split
[ ] Run tsc --noEmit
[ ] Commit and write lane reports
[0m
[0m← [0mEdit app/case-studies/case-study-02/page.tsx
Index: D:\apps\worktrees\decoded-ops-website\cr-web-048-case-studies\app\case-studies\case-study-02\page.tsx
===================================================================
--- D:\apps\worktrees\decoded-ops-website\cr-web-048-case-studies\app\case-studies\case-study-02\page.tsx
+++ D:\apps\worktrees\decoded-ops-website\cr-web-048-case-studies\app\case-studies\case-study-02\page.tsx
@@ -129,9 +129,12 @@
         letterSpacing="2" fill="var(--do-prussian-blue)">AFTER</text>
 </g>
 <g className="sk-fade sk-s5" fontSize="22">
   <text x="890" y="332" className="p-ink">17 supplier feeds coming in on their own</text>
-  <text x="890" y="402" className="p-ink">27,778 supplier products (236,056 sizes and colours) in one place</text>
+  <text x="890" y="402" className="p-ink">
+    <tspan x="890" dy="0">27,778 supplier products</tspan>
+    <tspan x="890" dy="26">(236,056 sizes and colours) in one place</tspan>
+  </text>
   <text x="890" y="472" className="p-ink">Every order landing in one queue, ready to pick</text>
   <text x="890" y="542" className="p-ink">
     <tspan x="890" dy="0">The same website platform,</tspan>
     <tspan x="890" dy="26">with the data app doing the work it was never built for</tspan>

[0m
[0m# [0mTodos
[✓] Fix case-study-01 y=472 AFTER line text
[✓] Fix case-study-02 y=402 AFTER line overflow with tspan split
[•] Run tsc --noEmit
[ ] Commit and write lane reports
[0m
[0m$ [0mnpx tsc --noEmit 2>&1
(no output)
[0m
[0m# [0mTodos
[✓] Fix case-study-01 y=472 AFTER line text
[✓] Fix case-study-02 y=402 AFTER line overflow with tspan split
[✓] Run tsc --noEmit
[•] Commit and write lane reports
[0m
[0m$ [0mgit status && git diff --stat
On branch cr-web-048-case-studies
Your branch is ahead of 'origin/main' by 4 commits.
  (use "git push" to publish your local commits)

Changes not staged for commit:
  (use "git add <file>..." to update what will be committed)
  (use "git restore <file>..." to discard changes in working directory)
	modified:   app/case-studies/case-study-01/page.tsx
	modified:   app/case-studies/case-study-02/page.tsx

Untracked files:
  (use "git add <file>..." to include in what will be committed)
	.context/lane-briefs/cr-web-048-fix2.md

no changes added to commit (use "git add" and/or "git commit -a")
 app/case-studies/case-study-01/page.tsx | 2 +-
 app/case-studies/case-study-02/page.tsx | 5 ++++-
 2 files changed, 5 insertions(+), 2 deletions(-)
[0m
[0m$ [0mgit add app/case-studies/case-study-01/page.tsx app/case-studies/case-study-02/page.tsx && git commit -m "fix(case-studies): plate line fixes (CR-WEB-048)

- case-study-01: y=472 AFTER line now reads '77% of stock records now have a bin location' (was duplicate of y=542)
- case-study-02: y=402 AFTER line split into two tspans to prevent overflow of 650px box"
[cr-web-048-case-studies 4b47906] fix(case-studies): plate line fixes (CR-WEB-048)
 2 files changed, 5 insertions(+), 2 deletions(-)
[0m
[0m$ [0mgit log --oneline -1
4b47906 fix(case-studies): plate line fixes (CR-WEB-048)
[0m
[0m$ [0mmkdir -p .context/lane-reports
New-Item: An item with the specified name D:\apps\worktrees\decoded-ops-website\cr-web-048-case-studies\.context\lane-reports already exists.
[0m
[0m← [0mWrite .context/lane-reports/LANE-RESULT-cr-web-048-fix2.json
Wrote file successfully.
[0m
[0m← [0mWrite .context/lane-reports/LANE-NOTES-cr-web-048-fix2.md
Wrote file successfully.
[0m
[0m$ [0mgit add .context/lane-reports/LANE-RESULT-cr-web-048-fix2.json .context/lane-reports/LANE-NOTES-cr-web-048-fix2.md && git commit -m "chore: lane report for cr-web-048-fix2"
warning: in the working copy of '.context/lane-reports/LANE-NOTES-cr-web-048-fix2.md', LF will be replaced by CRLF the next time Git touches it
warning: in the working copy of '.context/lane-reports/LANE-RESULT-cr-web-048-fix2.json', LF will be replaced by CRLF the next time Git touches it
[cr-web-048-case-studies a289728] chore: lane report for cr-web-048-fix2
 2 files changed, 36 insertions(+)
 create mode 100644 .context/lane-reports/LANE-NOTES-cr-web-048-fix2.md
 create mode 100644 .context/lane-reports/LANE-RESULT-cr-web-048-fix2.json
[0m
[0m# [0mTodos
[✓] Fix case-study-01 y=472 AFTER line text
[✓] Fix case-study-02 y=402 AFTER line overflow with tspan split
[✓] Run tsc --noEmit
[✓] Commit and write lane reports
[0m
Done. Two commits:

1. `4b47906` — fix(case-studies): plate line fixes (CR-WEB-048)
2. `a289728` — chore: lane report for cr-web-048-fix2

**Changes:**
- `app/case-studies/case-study-01/page.tsx:134` — y=472 AFTER line: "Data app (now the ERP)" → "77% of stock records now have a bin location"
- `app/case-studies/case-study-02/page.tsx:133-137` — y=402 AFTER line split into two tspans (no words changed, prevents 650px overflow)

tsc: clean, 0 errors.
