[0m
> build · mimo-v2.5
[0m
[0m→ [0mRead .context/lane-briefs/cr-web-050-fix1.md
[0m→ [0mRead app/sectors/schoolwear/page.tsx[90m [offset=140, limit=30][0m
[0m
[0m← [0mEdit app/sectors/schoolwear/page.tsx
Index: D:\apps\worktrees\decoded-ops-website\cr-web-site-figures\app\sectors\schoolwear\page.tsx
===================================================================
--- D:\apps\worktrees\decoded-ops-website\cr-web-site-figures\app\sectors\schoolwear\page.tsx
+++ D:\apps\worktrees\decoded-ops-website\cr-web-site-figures\app\sectors\schoolwear\page.tsx
@@ -150,9 +150,9 @@
         <path d="M4 19V9M10 19V5M16 19v-7M22 19H2" />
       </svg>
     ),
     title: 'Proven at a real teamwear-and-schoolwear retailer',
-    body: 'The Decoded Data App runs alongside the existing platform, or as the full system where nothing off the shelf fits, handling both teamwear and schoolwear lines: nine supplier feeds automated, a projected saving of 20 to 40 hours a week.',
+    body: 'The Decoded Data App runs alongside the existing platform, or as the full system where nothing off the shelf fits, handling both teamwear and schoolwear lines: 17 supplier feeds automated, a projected saving of 20 to 40 hours a week.',
   },
 ]}
 otherSectors={[
   { label: 'Workwear', href: '/sectors/workwear' },

[0m
[0m$ [0mgit grep -nE "nine supplier feeds|9 supplier feeds" -- app ':!app/clients'
(no output)
[0m
[0m$ [0mnpx tsc --noEmit 2>&1
(no output)
[0m
[0m$ [0mgit add -A && git commit -m "fix(site): schoolwear feed count (CR-WEB-050)"
warning: in the working copy of '.context/lane-briefs/cr-web-050-fix1.md', LF will be replaced by CRLF the next time Git touches it
[cr-web-site-figures bc8281d] fix(site): schoolwear feed count (CR-WEB-050)
 1 file changed, 1 insertion(+), 1 deletion(-)
[0m
[0m$ [0mmkdir -p .context/lane-reports
New-Item: An item with the specified name D:\apps\worktrees\decoded-ops-website\cr-web-site-figures\.context\lane-reports already exists.
[0m
[0m← [0mWrite .context/lane-reports/LANE-RESULT-cr-web-050-fix1.json
Wrote file successfully.
[0m
[0m← [0mWrite .context/lane-reports/LANE-NOTES-cr-web-050-fix1.md
Wrote file successfully.
[0m
[0m$ [0mgit add .context/lane-reports/ && git commit -m "chore: lane report cr-web-050-fix1"
warning: in the working copy of '.context/lane-reports/LANE-NOTES-cr-web-050-fix1.md', LF will be replaced by CRLF the next time Git touches it
warning: in the working copy of '.context/lane-reports/LANE-RESULT-cr-web-050-fix1.json', LF will be replaced by CRLF the next time Git touches it
[cr-web-site-figures 99b2af4] chore: lane report cr-web-050-fix1
 2 files changed, 11 insertions(+)
 create mode 100644 .context/lane-reports/LANE-NOTES-cr-web-050-fix1.md
 create mode 100644 .context/lane-reports/LANE-RESULT-cr-web-050-fix1.json
[0m
Done. Two commits:

1. **`bc8281d`** — `fix(site): schoolwear feed count (CR-WEB-050)` — changed "nine supplier feeds automated" to "17 supplier feeds automated" at `app/sectors/schoolwear/page.tsx:154`.
2. **`99b2af4`** — `chore: lane report cr-web-050-fix1` — lane result JSON and notes.

Verification: grep for old phrasing outside `app/clients` returned 0 hits; `tsc --noEmit` clean.
