
> build · mimo-v2.5

→ Read app/how-i-build/page.tsx
✱ Glob ".context/extract-copy.mjs" in . · 0 matches

← Edit app/how-i-build/page.tsx
Index: D:\apps\worktrees\decoded-ops-website\erp-disclosure\app\how-i-build\page.tsx
===================================================================
--- D:\apps\worktrees\decoded-ops-website\erp-disclosure\app\how-i-build\page.tsx
+++ D:\apps\worktrees\decoded-ops-website\erp-disclosure\app\how-i-build\page.tsx
@@ -121,13 +121,10 @@
 <div className="rungs">
   <article className="rung">
     <p className="kicker">Rung 1</p>
     <h3>Buy</h3>
-    <p>If something on the market already fits, it goes on the table, named and priced.
-      There are several good platforms in this sector, and the right one depends on your
-      business. I don&rsquo;t sell any of them, and I earn nothing from whichever you pick.</p>
-    <p>That costs me nothing to say. Which is rather the point: you can weigh what I tell you
-      about it knowing there&rsquo;s nothing in it for me either way.</p>
+    <p>If something on the market already fits, it goes on the table, named and priced. There are several good platforms in this sector, and the right one depends on your business. I don&rsquo;t resell any of them, and no vendor pays me for a recommendation.</p>
+    <p>Being upfront: I build software too, so I&rsquo;m not a bystander in this decision. That is exactly why the scoring is written down. You can check the recommendation against your own brief, mine included.</p>
   </article>
 
   <article className="rung rung--default">
     <p className="kicker">Rung 2 <span className="flag">The normal answer</span></p>


← Edit app/how-i-build/page.tsx
Index: D:\apps\worktrees\decoded-ops-website\erp-disclosure\app\how-i-build\page.tsx
===================================================================
--- D:\apps\worktrees\decoded-ops-website\erp-disclosure\app\how-i-build\page.tsx
+++ D:\apps\worktrees\decoded-ops-website\erp-disclosure\app\how-i-build\page.tsx
@@ -207,24 +207,24 @@
 {/* 3 · QUOTE PULL */}
 <section className="g-navy">
   <div className="wrap">
     <p className="eyebrow">Why it works this way</p>
-    <h2>I earn nothing from what you buy.</h2>
+    <h2>No vendor pays me for a recommendation.</h2>
 
     <div className="grid grid--2" style={{ marginTop: 40, alignItems: 'start' }}>
       <div>
         <figure className="pull" style={{ marginTop: 0 }}>
-          <blockquote>There are several good platforms in this sector. I don&rsquo;t sell any of
-            them, and I earn nothing from whichever you pick.</blockquote>
+          <blockquote>There are several good platforms in this sector. I don&rsquo;t resell any of
+            them, and no one pays me for naming them. My own software gets scored the same way, in writing.</blockquote>
           <cite>Craig Blackman &middot; Decoded Ops</cite>
         </figure>
       </div>
       <div className="panel">
         <h3>No reseller margin. No referral fee. No partner tier.</h3>
         <p>I&rsquo;m not on anyone&rsquo;s partner list, so there&rsquo;s no version of this where the platform I
           name pays me for naming it. If your own choice lands on rung 2 or rung 3, you&rsquo;ll see
           what every option would have cost, not only the one you chose.</p>
-        <p>That&rsquo;s the whole arrangement, and it&rsquo;s why the recommendation is worth something.</p>
+        <p>The interest I do have is my own software. It sits on the same table, scored against the same brief, and if another platform covers you better, the report says so. That is the whole arrangement, and it is why the recommendation is worth something.</p>
       </div>
     </div>
   </div>
 </section>


✱ Grep "earn nothing" in app/how-i-build · 0 matches
✱ Grep "I don't tell you what to buy" in app/how-i-build · 3 matches
✱ Grep "don't sell|doesn't sell" in app/how-i-build/page.tsx · 0 matches
→ Read app/how-i-build/page.tsx [offset=120, limit=120]

$ cd "D:\apps\worktrees\decoded-ops-website\erp-disclosure" && git diff --stat
app/how-i-build/page.tsx | 15 ++++++---------
 1 file changed, 6 insertions(+), 9 deletions(-)

✱ Glob "**/*voice*lint*" in . · 0 matches

$ cd "D:\apps\worktrees\decoded-ops-website\erp-disclosure" && git add app/how-i-build/page.tsx && git commit -m "Rescope absolute neutrality claims on how-i-build page (CR-WEB-021)

- Rung 1: 'I earn nothing from whichever you pick' → 'no vendor pays me for
  a recommendation'. Second paragraph now discloses Craig's own software and
  why scoring is written down.
- H2: 'I earn nothing from what you buy' → 'No vendor pays me for a
  recommendation.'
- Blockquote: drops 'sell' and 'earn nothing' absolutes, adds 'my own software
  gets scored the same way, in writing'.
- Panel final paragraph: discloses the interest in own software, states it
  sits on the same table scored against the same brief.
- Verified: zero remaining 'earn nothing' in file. Metadata/OG strings
  ('I don't tell you what to buy') are descriptive, not absolute — kept."
[sweep/erp-disclosure fefb9f9] Rescope absolute neutrality claims on how-i-build page (CR-WEB-021)
 1 file changed, 6 insertions(+), 9 deletions(-)

Committed `fefb9f9`.

## Before/After

**Rung 1 paragraph 1**
- Before: "I don't sell any of them, and I earn nothing from whichever you pick"
- After: "I don't resell any of them, and no vendor pays me for a recommendation"

**Rung 1 paragraph 2**
- Before: "That costs me nothing to say. Which is rather the point: you can weigh what I tell you about it knowing there's nothing in it for me either way."
- After: "Being upfront: I build software too, so I'm not a bystander in this decision. That is exactly why the scoring is written down. You can check the recommendation against your own brief, mine included."

**Quote-pull H2**
- Before: "I earn nothing from what you buy."
- After: "No vendor pays me for a recommendation."

**Blockquote**
- Before: "I don't sell any of them, and I earn nothing from whichever you pick"
- After: "I don't resell any of them, and no one pays me for naming them. My own software gets scored the same way, in writing."

**Panel final paragraph**
- Before: "That's the whole arrangement, and it's why the recommendation is worth something."
- After: "The interest I do have is my own software. It sits on the same table, scored against the same brief, and if another platform covers you better, the report says so. That is the whole arrangement, and it is why the recommendation is worth something."

**Verification:** Zero "earn nothing" remaining. Metadata/OG strings ("I don't tell you what to buy") are descriptive process statements, not absolute neutrality claims — no rescoping needed.
