[0m
> build · mimo-v2.5
[0m
[0m→ [0mRead D:/apps/decoded-ops-website/.context/lane-briefs/BRIEF-artwork-refresh-batch-b-fix3.md
[0m✗ [0mRead D:/apps/decoded-ops-website/app/design-system/ds-artwork.css failed[90m [offset=77, limit=19][0m
[91m[1mError: [0mFile not found: D:\apps\decoded-ops-website\app\design-system\ds-artwork.css
[0m→ [0mRead D:/apps/decoded-ops-website/app/design-system/ds-layer.css
[0m✱ [0mGlob "**/ds-artwork.css"[90m 1 match[0m
[0m→ [0mRead app/design-system/ds-artwork.css[90m [limit=19, offset=77][0m
[0m✱ [0mGrep "overflow-x"[90m in app · 1 match[0m
[0m→ [0mRead app/globals.css[90m [offset=295, limit=10][0m
[0m
[0m← [0mEdit app/design-system/ds-layer.css
Index: D:\apps\worktrees\decoded-ops-website\inf061-u6-batch-b\app\design-system\ds-layer.css
===================================================================
--- D:\apps\worktrees\decoded-ops-website\inf061-u6-batch-b\app\design-system\ds-layer.css
+++ D:\apps\worktrees\decoded-ops-website\inf061-u6-batch-b\app\design-system\ds-layer.css
@@ -18,4 +18,11 @@
 @import url('./ds-artwork.css') layer(ds);
 @import url('./marketing-pages-extra.css') layer(ds);
 @import url('./ds-nav.css') layer(ds);
 @import url('./ds-footer.css') layer(ds);
+
+/* ds-artwork.css is authored for artboard export and pins html/body to a fixed canvas
+   (overflow:hidden, fixed width/height). In the app it is only a treatment library, so
+   release the pin — same rule the standalone mockups carry after their inlined copy. */
+@layer ds {
+  html, body { overflow: visible; width: auto; height: auto; }
+}

[0m
Pins confirmed at lines 77-79: `margin:0`, `padding:0`, `overflow:hidden`, `background: var(--do-prussian-blue)`. The `overflow:hidden` is the scroll-breaker; `margin/padding` are harmless resets; `background` must not be overridden per the brief. The `overflow-x: auto` in globals.css:300 is on `.do-blog-prose pre`, not body — no conflict.

Now applying the fix to ds-layer.css:
[0m$ [0mnpm run build 2>&1
> decoded-ops-next@0.1.0 prebuild
> node scripts/generate-route-slugs.mjs

[route-slugs] 18 problems, 10 sectors, 6 tools

> decoded-ops-next@0.1.0 build
> next build

▲ Next.js 16.3.3 (Turbopack)
✓ Running next.config.ts took 658ms

⚠ The "middleware" file convention is deprecated. Please use "proxy" instead.

  To migrate automatically, run:
  npx @next/codemod@canary middleware-to-proxy .

  Learn more: https://nextjs.org/docs/messages/middleware-to-proxy
⚠ The Edge Runtime is deprecated. You can use the "nodejs" runtime instead. Learn more: https://nextjs.org/docs/messages/edge-runtime-deprecated
  Creating an optimized production build ...
✓ Compiled successfully in 17.3s
  Running TypeScript ...
  Finished TypeScript in 12.8s ...
  Collecting page data using 15 workers ...
⚠ Using edge runtime on a page currently disables static generation for that page
  Generating static pages using 15 workers (0/174) ...
  Generating static pages using 15 workers (43/174) 
  Generating static pages using 15 workers (86/174) 
  Generating static pages using 15 workers (130/174) 
✓ Generating static pages using 15 workers (174/174) in 2.2s
  Finalizing page optimization ...

Route (app)                                          Revalidate  Expire
┌ ○ /
├ ○ /_not-found
├ ○ /about
├ ƒ /api/auth/[...nextauth]
├ ƒ /api/auth/login
├ ƒ /api/clients/documents/[id]/questionnaire
├ ƒ /api/clients/documents/[id]/sign
├ ƒ /api/clients/uploads
├ ƒ /api/contact
├ ƒ /api/tools/capture
├ ○ /apps
├ ○ /apps/artwork-manager
├ ○ /apps/commerce
├ ○ /apps/data-app
├ ○ /blog                                                    5m      1y
├ ƒ /blog/[slug]
├ ○ /case-studies
├ ○ /case-studies/case-study-01
├ ○ /case-studies/case-study-02
├ ○ /case-studies/case-study-03
├ ○ /case-studies/eternal-fitness
├ ○ /clarity
├ ƒ /clients/[clientId]
├ ƒ /clients/dashboard
├ ƒ /clients/documents
├ ƒ /clients/documents/view/[id]
├ ○ /clients/login
├ ƒ /clients/project
├ ○ /contact
├ ○ /cookies
├ ○ /deliver
├ ○ /how-i-build
├ ○ /locations/fractional-cto
├   /locations/fractional-cto/[location]
│ ├ ● /locations/fractional-cto/chichester
│ ├ ● /locations/fractional-cto/worthing
│ ├ ● /locations/fractional-cto/horsham
│ └ ● [+26 more paths]
├ ○ /locations/tech-audit
├   /locations/tech-audit/[location]
│ ├ ● /locations/tech-audit/chichester
│ ├ ● /locations/tech-audit/worthing
│ ├ ● /locations/tech-audit/horsham
│ └ ● [+26 more paths]
├ ƒ /opengraph-image
├ ○ /pricing
├ ○ /privacy
├ ○ /problems
├ ○ /problems/ai-paralysis
├ ○ /problems/bottleneck-growth
├ ○ /problems/buy-vs-build
├ ○ /problems/cant-scale-operations
├ ○ /problems/data-scattered
├ ○ /problems/disaster-recovery
├ ○ /problems/ecommerce-not-connected
├ ○ /problems/erp-implementation-failure
├ ○ /problems/inventory-blind
├ ○ /problems/legacy-system
├ ○ /problems/manual-workarounds
├ ○ /problems/no-ops-owner
├ ○ /problems/ops-in-owners-head
├ ○ /problems/seasonal-peaks
├ ○ /problems/slow-processes
├ ○ /problems/spreadsheet-addiction
├ ○ /problems/systems-dont-talk
├ ○ /problems/wrong-erp-software
├ ○ /process-quality-system
├ ○ /resources
├ ○ /resources/5-warning-signs
├ ○ /resources/artwork-approval-playbook
├ ○ /resources/audit-checklist
├ ○ /resources/capacity-planner
├ ○ /resources/decoded-method
├ ○ /resources/erp-selection-playbook
├ ○ /resources/seasonal-capacity
├ ○ /resources/six-sigma
├ ○ /resources/sop-template
├ ○ /retained
├ ƒ /robots.txt
├ ○ /sectors/awards-engraving
├ ○ /sectors/garment-decoration
├ ○ /sectors/labels-packaging
├ ○ /sectors/operations-consultant-print-embroidery
├ ○ /sectors/print-promotional
├ ○ /sectors/promotional-merchandise
├ ○ /sectors/schoolwear
├ ○ /sectors/signs-graphics
├ ○ /sectors/teamwear-clubwear
├ ○ /sectors/workwear
├ ƒ /sitemap.xml
├ ○ /small-business
├ ○ /tools
├ ○ /tools/ai-readiness-check
├ ○ /tools/automation-roi-calculator
├ ○ /tools/downtime-cost-calculator
├ ○ /tools/ops-health-score
├ ○ /tools/rto-calculator
├ ○ /tools/should-i-replace-erp
└ ○ /transform


ƒ Proxy (Middleware)

○  (Static)   prerendered as static content
●  (SSG)      prerendered as static HTML (uses generateStaticParams)
ƒ  (Dynamic)  server-rendered on demand
[0m
[0m$ [0mgit diff --stat HEAD
warning: in the working copy of 'data/route-slugs.json', LF will be replaced by CRLF the next time Git touches it
 app/design-system/ds-layer.css | 7 +++++++
 1 file changed, 7 insertions(+)
[0m
[0m$ [0mgit add app/design-system/ds-layer.css && git commit -m "fix(CR-WEB-034): release ds-artwork's html/body export pin in the ds layer — page scroll restored"
[inf061-u6-batch-b c0d4f4f] fix(CR-WEB-034): release ds-artwork's html/body export pin in the ds layer — page scroll restored
 1 file changed, 7 insertions(+)
[0m
[0m$ [0mgit log --oneline -1 --format=%H
c0d4f4f49b22c179cce45426cfdb0a9a7d20dcb0
[0m
[0m$ [0mmkdir -p .context/lane-reports
New-Item: An item with the specified name D:\apps\worktrees\decoded-ops-website\inf061-u6-batch-b\.context\lane-reports already exists.
[0m
[0m← [0mWrite .context/lane-reports/LANE-RESULT-inf061-u6-batch-b-fix3.json
Wrote file successfully.
[0m
[0m← [0mWrite .context/lane-reports/LANE-NOTES-inf061-u6-batch-b-fix3.md
Wrote file successfully.
[0m
[0m$ [0mgit add -A && git commit -m "chore: lane result + notes for inf061-u6-batch-b-fix3"
warning: in the working copy of 'data/route-slugs.json', LF will be replaced by CRLF the next time Git touches it
warning: in the working copy of '.context/lane-reports/LANE-NOTES-inf061-u6-batch-b-fix3.md', LF will be replaced by CRLF the next time Git touches it
warning: in the working copy of '.context/lane-reports/LANE-RESULT-inf061-u6-batch-b-fix3.json', LF will be replaced by CRLF the next time Git touches it
[inf061-u6-batch-b e059389] chore: lane result + notes for inf061-u6-batch-b-fix3
 2 files changed, 29 insertions(+)
 create mode 100644 .context/lane-reports/LANE-NOTES-inf061-u6-batch-b-fix3.md
 create mode 100644 .context/lane-reports/LANE-RESULT-inf061-u6-batch-b-fix3.json
[0m
[0m→ [0mRead .context/lane-reports/LANE-RESULT-inf061-u6-batch-b-fix3.json
[0m
[0m← [0mWrite .context/lane-reports/LANE-RESULT-inf061-u6-batch-b-fix3.json
Wrote file successfully.
[0m
[0m$ [0mgit add .context/lane-reports/LANE-RESULT-inf061-u6-batch-b-fix3.json && git commit --amend --no-edit
warning: in the working copy of '.context/lane-reports/LANE-RESULT-inf061-u6-batch-b-fix3.json', LF will be replaced by CRLF the next time Git touches it
[inf061-u6-batch-b 5170d99] chore: lane result + notes for inf061-u6-batch-b-fix3
 Date: Fri Sep 18 16:08:35 2026 +0100
 2 files changed, 29 insertions(+)
 create mode 100644 .context/lane-reports/LANE-NOTES-inf061-u6-batch-b-fix3.md
 create mode 100644 .context/lane-reports/LANE-RESULT-inf061-u6-batch-b-fix3.json
[0m
[0m← [0mWrite .context/lane-reports/LANE-RESULT-inf061-u6-batch-b-fix3.json
Wrote file successfully.
[0m
[0m$ [0mgit add .context/lane-reports/LANE-RESULT-inf061-u6-batch-b-fix3.json && git commit --amend --no-edit
warning: in the working copy of '.context/lane-reports/LANE-RESULT-inf061-u6-batch-b-fix3.json', LF will be replaced by CRLF the next time Git touches it
[inf061-u6-batch-b 7439cb9] chore: lane result + notes for inf061-u6-batch-b-fix3
 Date: Fri Sep 18 16:08:35 2026 +0100
 2 files changed, 29 insertions(+)
 create mode 100644 .context/lane-reports/LANE-NOTES-inf061-u6-batch-b-fix3.md
 create mode 100644 .context/lane-reports/LANE-RESULT-inf061-u6-batch-b-fix3.json
[0m
[0m← [0mWrite .context/lane-reports/LANE-RESULT-inf061-u6-batch-b-fix3.json
Wrote file successfully.
[0m
[0m$ [0mgit add .context/lane-reports/LANE-RESULT-inf061-u6-batch-b-fix3.json && git commit -m "fix: update lane-result SHA to match final commit"
warning: in the working copy of '.context/lane-reports/LANE-RESULT-inf061-u6-batch-b-fix3.json', LF will be replaced by CRLF the next time Git touches it
[inf061-u6-batch-b c463259] fix: update lane-result SHA to match final commit
 1 file changed, 1 insertion(+), 1 deletion(-)
[0m
[0m$ [0mgit status --short && git log --oneline -3
c463259 fix: update lane-result SHA to match final commit
7439cb9 chore: lane result + notes for inf061-u6-batch-b-fix3
c0d4f4f fix(CR-WEB-034): release ds-artwork's html/body export pin in the ds layer — page scroll restored
[0m
**Done.** 3 commits, worktree clean.

1. `c0d4f4f` — the fix: appended the `@layer ds` release block to `ds-layer.css`, overwriting `overflow:hidden` with `overflow: visible` and resetting `width`/`height` to `auto`. `background` left untouched (globals.css owns it). Build green, only `ds-layer.css` in the diff.
2. `7439cb9` — lane result + notes written.
3. `c463259` — SHA correction in the JSON.

**Properties seen in ds-artwork.css lines 77-79:** `margin:0` (harmless), `padding:0` (harmless), `overflow:hidden` (released), `background: var(--do-prussian-blue)` (not overridden).
