
> build ┬╖ mimo-v2.5

ΓåÆ Read .context/lane-briefs/BRIEF-u12-blog-index-sync.md

# Todos
[ΓÇó] Create scripts/sync-blog-index.mjs
[ ] Run sync script to update data/blog-index.json
[ ] Add sync:blog-index script to package.json
[ ] Run all VERIFY steps
[ ] Write LANE-NOTES file
[ ] Commit

ΓåÆ Read data/blog-index.json
ΓåÆ Read package.json

$ Test-Path -LiteralPath "D:\apps\worktrees\decoded-ops-website\lane-u12-blog-index-sync\scripts"
True

ΓåÉ Write scripts/sync-blog-index.mjs
Wrote file successfully.

ΓåÆ Read scripts/sync-blog-index.mjs

ΓåÉ Write scripts/sync-blog-index.mjs
Wrote file successfully.

# Todos
[Γ£ô] Create scripts/sync-blog-index.mjs
[ΓÇó] Run sync script to update data/blog-index.json
[ ] Add sync:blog-index script to package.json
[ ] Run all VERIFY steps
[ ] Write LANE-NOTES file
[ ] Commit

$ node scripts/sync-blog-index.mjs
synced 33 items

ΓåÉ Edit package.json
Index: D:\apps\worktrees\decoded-ops-website\lane-u12-blog-index-sync\package.json
===================================================================
--- D:\apps\worktrees\decoded-ops-website\lane-u12-blog-index-sync\package.json
+++ D:\apps\worktrees\decoded-ops-website\lane-u12-blog-index-sync\package.json
@@ -11,9 +11,10 @@
   "check:nav": "node .context/check-nav-coverage.mjs",
   "check:price": "node .context/price-audit.mjs",
   "copy:extract": "node .context/extract-copy.mjs",
   "check:premerge": "npm run check:nav && npm run check:price",
-  "test": "vitest run"
+  "test": "vitest run",
+  "sync:blog-index": "node scripts/sync-blog-index.mjs"
 },
 "dependencies": {
   "@supabase/supabase-js": "^2.107.0",
   "@upstash/ratelimit": "^2.0.8",


Now add the npm script:
# Todos
[Γ£ô] Create scripts/sync-blog-index.mjs
[Γ£ô] Run sync script to update data/blog-index.json
[Γ£ô] Add sync:blog-index script to package.json
[ΓÇó] Run all VERIFY steps
[ ] Write LANE-NOTES file
[ ] Commit

$ node -e "const j=require('./data/blog-index.json');console.log(j.items.length, Object.keys(j.items[0]).join(','))"
33 slug,title,excerpt,date,category

$ node scripts/sync-blog-index.mjs --check
0 missing

$ git diff --stat
warning: in the working copy of 'data/blog-index.json', LF will be replaced by CRLF the next time Git touches it
 data/blog-index.json | 463 +++++++++++++++++++--------------------------------
 package.json         |   3 +-
 2 files changed, 172 insertions(+), 294 deletions(-)

$ npx tsc --noEmit 2>&1
app/api/tools/capture/route.test.ts(1,54): error TS2307: Cannot find module 'vitest' or its corresponding type declarations.
vitest.config.ts(1,30): error TS2307: Cannot find module 'vitest/config' or its corresponding type declarations.

$ git status
On branch lane/u12-blog-index-sync
Your branch is up to date with 'origin/main'.

Changes not staged for commit:
  (use "git add <file>..." to update what will be committed)
  (use "git restore <file>..." to discard changes in working directory)
	modified:   data/blog-index.json
	modified:   package.json

Untracked files:
  (use "git add <file>..." to include in what will be committed)
	.context/lane-briefs/BRIEF-u12-blog-index-sync.md
	scripts/sync-blog-index.mjs

no changes added to commit (use "git add" and/or "git commit -a")

All verify steps pass (tsc errors are pre-existing vitest type resolution, unrelated to this change). Now write the lane notes:
$ New-Item -ItemType Directory -Path ".context\lane-reports" -Force | Out-Null
(no output)

ΓåÉ Write .context/lane-reports/LANE-NOTES-u12-blog-index-sync.md
Wrote file successfully.

# Todos
[Γ£ô] Create scripts/sync-blog-index.mjs
[Γ£ô] Run sync script to update data/blog-index.json
[Γ£ô] Add sync:blog-index script to package.json
[Γ£ô] Run all VERIFY steps
[Γ£ô] Write LANE-NOTES file
[ΓÇó] Commit

$ git add scripts/sync-blog-index.mjs data/blog-index.json package.json .context/lane-reports/LANE-NOTES-u12-blog-index-sync.md && git commit -m "BUG-WEB-025: sync data/blog-index.json from hub index + sync script"
warning: in the working copy of 'data/blog-index.json', LF will be replaced by CRLF the next time Git touches it
warning: in the working copy of '.context/lane-reports/LANE-NOTES-u12-blog-index-sync.md', LF will be replaced by CRLF the next time Git touches it
warning: in the working copy of 'scripts/sync-blog-index.mjs', LF will be replaced by CRLF the next time Git touches it
[lane/u12-blog-index-sync 29ab952] BUG-WEB-025: sync data/blog-index.json from hub index + sync script
 4 files changed, 236 insertions(+), 294 deletions(-)
 create mode 100644 .context/lane-reports/LANE-NOTES-u12-blog-index-sync.md
 create mode 100644 scripts/sync-blog-index.mjs

$ git log --oneline -3
29ab952 BUG-WEB-025: sync data/blog-index.json from hub index + sync script
2ebd29d CR-WEB-010: tool lead alert via shared email helper (Resend) to craig@decodedops.co.uk
59bad9b CR-WEB-007: rename Discovery Day to Clarity Audit in live schematics

# Todos
[Γ£ô] Create scripts/sync-blog-index.mjs
[Γ£ô] Run sync script to update data/blog-index.json
[Γ£ô] Add sync:blog-index script to package.json
[Γ£ô] Run all VERIFY steps
[Γ£ô] Write LANE-NOTES file
[Γ£ô] Commit

Done. Commit `29ab952` on `lane/u12-blog-index-sync`.

**Summary:**
- `scripts/sync-blog-index.mjs` ΓÇö fetches hub index, maps to `{slug, title, excerpt, date, category}`, sorts by date descending, writes `data/blog-index.json`. Supports `--check` mode.
- `data/blog-index.json` ΓÇö 29 ΓåÆ 33 items, synced from hub
- `package.json` ΓÇö added `sync:blog-index` script

**Verify:**
1. `--check` ΓåÆ `0 missing`, exit 0
2. Item count + keys ΓåÆ `33 slug,title,excerpt,date,category`
3. `tsc --noEmit` ΓÇö pre-existing vitest type errors only, no new errors from this change
4. `git diff --stat` ΓÇö only `scripts/sync-blog-index.mjs`, `data/blog-index.json`, `package.json`, `LANE-NOTES`
