
> build ┬╖ mimo-v2.5

# Todos
[ΓÇó] Fetch origin, create lane/meta-title-spacing branch off origin/main
[ ] Find all files with ` : Decoded Ops` (excluding 7 exception files)
[ ] Fix spacing: ` : Decoded Ops` ΓåÆ `: Decoded Ops` in all scope files
[ ] Check app/blog/[slug]/page.tsx regex for site-name stripping
[ ] Run npx tsc --noEmit
[ ] Commit and verify clean working tree
[ ] Write LANE-NOTES.md with all verification results

$ git fetch origin && git checkout -b lane/meta-title-spacing origin/main
fatal: a branch named 'lane/meta-title-spacing' already exists

$ git checkout lane/meta-title-spacing && git status
Already on 'lane/meta-title-spacing'
Your branch is up to date with 'origin/main'.
On branch lane/meta-title-spacing
Your branch is up to date with 'origin/main'.

nothing to commit, working tree clean

# Todos
[Γ£ô] Fetch origin, create lane/meta-title-spacing branch off origin/main
[ΓÇó] Find all files with ` : Decoded Ops` (excluding 7 exception files)
[ ] Fix spacing: ` : Decoded Ops` ΓåÆ `: Decoded Ops` in all scope files
[ ] Check app/blog/[slug]/page.tsx regex for site-name stripping
[ ] Run npx tsc --noEmit
[ ] Commit and verify clean working tree
[ ] Write LANE-NOTES.md with all verification results

$ rg " : Decoded Ops" app/ --count-matches
rg: The term 'rg' is not recognized as a name of a cmdlet, function, script file, or executable program.
Check the spelling of the name, or if a path was included, verify that the path is correct and try again.

Γ£▒ Grep " : Decoded Ops" in app ┬╖ 100 matches

$ findstr /s /n " : Decoded Ops" app\*.tsx app\*.ts 2>nul | find /c ":"
FIND: Parameter format not correct
ResourceUnavailable: Program 'findstr.exe' failed to run: The pipe is being closed.At line:1 char:1
+ findstr /s /n " : Decoded Ops" app\*.tsx app\*.ts 2>nul | find /c ":"
+ ~~~~~~~~~~~~~~~~~~~~~~~~~~~~~~~~~~~~~~~~~~~~~~~~~~~~~~~.

$ Select-String -Path "app\**\*.tsx","app\**\*.ts" -Pattern " : Decoded Ops" -SimpleMatch | Measure-Object | Select-Object -ExpandProperty Count
26

$ Select-String -Path (Get-ChildItem -Path "app" -Recurse -Include "*.tsx","*.ts" | ForEach-Object { $_.FullName }) -Pattern " : Decoded Ops" -SimpleMatch | Measure-Object | Select-Object -ExpandProperty Count
127

$ Select-String -Path (Get-ChildItem -Path "app\case-studies\case-study-01","app\case-studies\case-study-02","app\case-studies\case-study-03","app\case-studies\eternal-fitness","app\problems\erp-implementation-failure","app\resources\artwork-approval-playbook","app\resources\decoded-method" -Recurse -Include "*.tsx","*.ts" | ForEach-Object { $_.FullName }) -Pattern " : Decoded Ops" -SimpleMatch | Measure-Object | Select-Object -ExpandProperty Count
0

$ Select-String -Path (Get-ChildItem -Path "app" -Recurse -Include "*.tsx","*.ts" | ForEach-Object { $_.FullName }) -Pattern " : Decoded Ops" -SimpleMatch | ForEach-Object { $_.Path } | Sort-Object -Unique | Measure-Object | Select-Object -ExpandProperty Count
40

# Todos
[Γ£ô] Fetch origin, create lane/meta-title-spacing branch off origin/main
[Γ£ô] Find all files with ` : Decoded Ops` (excluding 7 exception files)
[ ] Fix spacing: ` : Decoded Ops` ΓåÆ `: Decoded Ops` in all scope files
[ΓÇó] Check app/blog/[slug]/page.tsx regex for site-name stripping
[ ] Run npx tsc --noEmit
[ ] Commit and verify clean working tree
[ ] Write LANE-NOTES.md with all verification results

ΓåÆ Read app/blog/[slug]/page.tsx

$ Select-String -Path "app\blog\[slug]\page.tsx" -Pattern "Decoded Ops"
(no output)

ΓåÆ Read app/blog/[slug]/page.tsx [offset=44, limit=1]

# Todos
[Γ£ô] Fetch origin, create lane/meta-title-spacing branch off origin/main
[Γ£ô] Find all files with ` : Decoded Ops` (excluding 7 exception files)
[ΓÇó] Fix spacing: ` : Decoded Ops` ΓåÆ `: Decoded Ops` in all scope files
[Γ£ô] Check app/blog/[slug]/page.tsx regex for site-name stripping
[ ] Run npx tsc --noEmit
[ ] Commit and verify clean working tree
[ ] Write LANE-NOTES.md with all verification results

The regex at line 44 is already correct ΓÇö it strips both `| Decoded Ops$` and `: Decoded Ops$`. No change needed to the regex.

Now let me do the bulk replacement across all scope files:
$ $files = Select-String -Path (Get-ChildItem -Path "app" -Recurse -Include "*.tsx","*.ts" | ForEach-Object { $_.FullName }) -Pattern " : Decoded Ops" -SimpleMatch | ForEach-Object { $_.Path } | Sort-Object -Unique; $count = 0; foreach ($file in $files) { $content = Get-Content -Path $file -Raw; $newContent = $content -replace ' : Decoded Ops', ': Decoded Ops'; if ($content -ne $newContent) { Set-Content -Path $file -Value $newContent -NoNewline; $count++ } }; Write-Host "Files changed: $count"
Files changed: 40

$ Select-String -Path (Get-ChildItem -Path "app" -Recurse -Include "*.tsx","*.ts" | ForEach-Object { $_.FullName }) -Pattern " : Decoded Ops" -SimpleMatch | Measure-Object | Select-Object -ExpandProperty Count
0

$ Select-String -Path (Get-ChildItem -Path "app" -Recurse -Include "*.tsx","*.ts" | ForEach-Object { $_.FullName }) -Pattern "\| Decoded Ops" -SimpleMatch | ForEach-Object { "$($_.Path):$($_.LineNumber)" }
(no output)

$ Select-String -Path "app\case-studies\case-study-01\page.tsx","app\case-studies\case-study-02\page.tsx","app\case-studies\case-study-03\page.tsx","app\case-studies\eternal-fitness\page.tsx","app\problems\erp-implementation-failure\page.tsx","app\resources\artwork-approval-playbook\page.tsx","app\resources\decoded-method\page.tsx" -Pattern "Decoded Ops"
app\case-studies\case-study-01\page.tsx:6:// Target keyword: "erp implementation project lead" (secondary: "case study 
01 decoded ops")
app\case-studies\case-study-01\page.tsx:8:  title: 'Case study 01: Khaos Control ERP + Custom App | Decoded Ops',
app\case-studies\case-study-01\page.tsx:13:    title: 'Case study 01: Khaos Control ERP + Custom App | Decoded Ops',
app\case-studies\case-study-01\page.tsx:19:    title: 'Case study 01: Khaos Control ERP + Custom App | Decoded Ops',
app\case-studies\case-study-01\page.tsx:33:        '@type': 'Organization', name: 'Decoded Ops',
app\case-studies\case-study-01\page.tsx:97:                       no="DO-ART-205" rev="01" cls="DECODED OPS ∩┐╜ ISSUED">
app\case-studies\case-study-02\page.tsx:6:// Target keyword: "stock control app decorated goods" (secondary: "case 
study 02 decoded ops")
app\case-studies\case-study-02\page.tsx:8:  title: 'Case study 02: Clarity Audit to Stock Control Build | Decoded Ops',
app\case-studies\case-study-02\page.tsx:13:    title: 'Case study 02: Clarity Audit to Stock Control Build | Decoded 
Ops',
app\case-studies\case-study-02\page.tsx:19:    title: 'Case study 02: Clarity Audit to Stock Control Build | Decoded 
Ops',
app\case-studies\case-study-02\page.tsx:33:        '@type': 'Organization', name: 'Decoded Ops',
app\case-studies\case-study-02\page.tsx:106:                       no="DO-ART-206" rev="01" cls="DECODED OPS ∩┐╜ ISSUED">
app\case-studies\case-study-03\page.tsx:6:// Target keyword: "b2b ordering portal workwear" (secondary: "case study 03 
decoded ops")
app\case-studies\case-study-03\page.tsx:8:  title: 'Case study 03: B2B Portal & ERP Evaluation | Decoded Ops',
app\case-studies\case-study-03\page.tsx:13:    title: 'Case study 03: B2B Portal & ERP Evaluation | Decoded Ops',
app\case-studies\case-study-03\page.tsx:19:    title: 'Case study 03: B2B Portal & ERP Evaluation | Decoded Ops',
app\case-studies\case-study-03\page.tsx:33:        '@type': 'Organization', name: 'Decoded Ops',
app\case-studies\case-study-03\page.tsx:116:                       sub="Case study 03 &middot; specified by Decoded 
Ops, built by the partner team"
app\case-studies\case-study-03\page.tsx:117:                       no="DO-ART-101" rev="02" cls="DECODED OPS ∩┐╜ ISSUED">
app\case-studies\case-study-03\page.tsx:197:                    <text x="716" y="700" className="p-mono" fontSize="16" 
opacity=".7">Scoped and overseen by Decoded Ops &middot; built by the implementation partner</text>
app\case-studies\eternal-fitness\page.tsx:7:// Target keyword: "ai training plan tool" (secondary: "eternal fitness 
decoded ops")
app\case-studies\eternal-fitness\page.tsx:9:  title: 'Eternal Fitness: Full Site Build & AI Training Tool | Decoded 
Ops',
app\case-studies\eternal-fitness\page.tsx:14:    title: 'Eternal Fitness: Full Site Build & AI Training Tool | Decoded 
Ops',
app\case-studies\eternal-fitness\page.tsx:20:    title: 'Eternal Fitness: Full Site Build & AI Training Tool | Decoded 
Ops',
app\case-studies\eternal-fitness\page.tsx:34:        '@type': 'Organization', name: 'Decoded Ops',
app\case-studies\eternal-fitness\page.tsx:80:                       no="DO-ART-903" rev="01" cls="DECODED OPS ∩┐╜ 
ISSUED">
app\problems\erp-implementation-failure\page.tsx:9: title: 'ERP Implementation Failure: Why Decorated Goods Projects 
Fail | Decoded Ops',
app\problems\erp-implementation-failure\page.tsx:13:  title: 'ERP Implementation Failure: Why Decorated Goods Projects 
Fail | Decoded Ops',
app\problems\erp-implementation-failure\page.tsx:20:  title: 'ERP Implementation Failure: Why Decorated Goods Projects 
Fail | Decoded Ops',
app\problems\erp-implementation-failure\page.tsx:111:              no="DO-ART-412" rev="01" cls="DECODED OPS ∩┐╜ ISSUED">
app\resources\artwork-approval-playbook\page.tsx:13:      publisher: { '@type': 'Organization', name: 'Decoded Ops' },
app\resources\artwork-approval-playbook\page.tsx:20:  title: 'Artwork Approval Playbook: Brief to Sign-Off | Decoded 
Ops',
app\resources\artwork-approval-playbook\page.tsx:25:    title: 'Artwork Approval Playbook: Brief to Sign-Off | Decoded 
Ops',
app\resources\artwork-approval-playbook\page.tsx:31:    title: 'Artwork Approval Playbook: Brief to Sign-Off | Decoded 
Ops',
app\resources\decoded-method\page.tsx:15:      publisher: { '@type': 'Organization', name: 'Decoded Ops' },
app\resources\decoded-method\page.tsx:22:  title: 'The Decoded Method: A Simple Way to Document How Your Business Runs 
| Decoded Ops',
app\resources\decoded-method\page.tsx:27:    title: 'The Decoded Method: A Simple Way to Document How Your Business 
Runs | Decoded Ops',
app\resources\decoded-method\page.tsx:33:    title: 'The Decoded Method: A Simple Way to Document How Your Business 
Runs | Decoded Ops',
app\resources\decoded-method\page.tsx:204:          <h2>The register we run Decoded Ops on</h2>

$ Select-String -Path "app\blog\[slug]\page.tsx" -Pattern "Decoded Ops"
(no output)

ΓåÆ Read app/blog/[slug]/page.tsx [offset=44, limit=1]
Γ£▒ Grep "\| Decoded Ops" in app ┬╖ 22 matches

# Todos
[Γ£ô] Fetch origin, create lane/meta-title-spacing branch off origin/main
[Γ£ô] Find all files with ` : Decoded Ops` (excluding 7 exception files)
[Γ£ô] Fix spacing: ` : Decoded Ops` ΓåÆ `: Decoded Ops` in all scope files
[Γ£ô] Check app/blog/[slug]/page.tsx regex for site-name stripping
[ΓÇó] Run npx tsc --noEmit
[ ] Commit and verify clean working tree
[ ] Write LANE-NOTES.md with all verification results

Good ΓÇö 22 matches: 21 title strings across 7 exception files + 1 regex literal in `app/blog/[slug]/page.tsx`. Now running tsc:
$ npx tsc --noEmit 2>&1
                                                                               
                This is not the tsc command you are looking for                
                                                                               

To get access to the TypeScript compiler, tsc, from the command line either:

- Use npm install typescript to first add TypeScript to your project before using npx
- Use yarn to avoid accidentally running code from un-installed packages

$ node_modules\.bin\tsc --noEmit 2>&1
node_modules\.bin\tsc: The module 'node_modules' could not be loaded. For more information, run 'Import-Module node_modules'.

$ Test-Path "node_modules\typescript\bin\tsc"
False

$ Test-Path "node_modules"; if (Test-Path "node_modules") { (Get-ChildItem node_modules -Directory | Measure-Object).Count }
False

$ npm install 2>&1
npm warn deprecated eslint@9.39.5: This version is no longer supported. Please see https://eslint.org/version-support for other options.

added 412 packages, and audited 413 packages in 34s

150 packages are looking for funding
npm warn allow-scripts 2 packages have install scripts not yet covered by allowScripts:
npm warn allow-scripts   ssh2@1.17.0 (install: node install.js)
npm warn allow-scripts   unrs-resolver@1.12.2 (postinstall: node postinstall.js)
npm warn allow-scripts
npm warn allow-scripts Run `npm approve-scripts --allow-scripts-pending` to review, or `npm approve-scripts <pkg>` to allow.
  run `npm fund` for details

found 0 vulnerabilities

$ npx tsc --noEmit 2>&1
(no output)

# Todos
[Γ£ô] Fetch origin, create lane/meta-title-spacing branch off origin/main
[Γ£ô] Find all files with ` : Decoded Ops` (excluding 7 exception files)
[Γ£ô] Fix spacing: ` : Decoded Ops` ΓåÆ `: Decoded Ops` in all scope files
[Γ£ô] Check app/blog/[slug]/page.tsx regex for site-name stripping
[Γ£ô] Run npx tsc --noEmit
[ΓÇó] Commit and verify clean working tree
[ ] Write LANE-NOTES.md with all verification results

tsc clean ΓÇö no errors. Now committing:
$ git status --porcelain
M app/blog/page.tsx
 M app/case-studies/page.tsx
 M app/contact/page.tsx
 M app/cookies/page.tsx
 M app/layout.tsx
 M app/locations/fractional-cto/page.tsx
 M app/locations/tech-audit/page.tsx
 M app/privacy/page.tsx
 M app/problems/cant-scale-operations/page.tsx
 M app/problems/disaster-recovery/page.tsx
 M app/problems/ecommerce-not-connected/page.tsx
 M app/problems/manual-workarounds/page.tsx
 M app/problems/no-ops-owner/page.tsx
 M app/problems/slow-processes/page.tsx
 M app/problems/systems-dont-talk/page.tsx
 M app/resources/5-warning-signs/page.tsx
 M app/resources/audit-checklist/page.tsx
 M app/resources/capacity-planner/page.tsx
 M app/resources/erp-selection-playbook/page.tsx
 M app/resources/page.tsx
 M app/resources/seasonal-capacity/page.tsx
 M app/resources/six-sigma/page.tsx
 M app/resources/sop-template/page.tsx
 M app/sectors/awards-engraving/page.tsx
 M app/sectors/garment-decoration/page.tsx
 M app/sectors/labels-packaging/page.tsx
 M app/sectors/print-promotional/page.tsx
 M app/sectors/promotional-merchandise/page.tsx
 M app/sectors/schoolwear/page.tsx
 M app/sectors/signs-graphics/page.tsx
 M app/sectors/teamwear-clubwear/page.tsx
 M app/sectors/workwear/page.tsx
 M app/small-business/page.tsx
 M app/tools/ai-readiness-check/layout.tsx
 M app/tools/automation-roi-calculator/page.tsx
 M app/tools/downtime-cost-calculator/page.tsx
 M app/tools/ops-health-score/layout.tsx
 M app/tools/page.tsx
 M app/tools/rto-calculator/page.tsx
 M app/tools/should-i-replace-erp/layout.tsx

$ git diff --name-only | Select-String "case-study-01|case-study-02|case-study-03|eternal-fitness|erp-implementation-failure|artwork-approval-playbook|decoded-method"
(no output)

$ git add app/ && git commit -m "fix: remove space before colon in meta title separator

Titles previously read 'Insights : Decoded Ops' (space before colon).
Corrected to 'Insights: Decoded Ops' (no space before colon) per
Craig's approved spec. 127 title strings across 40 files changed.
7 exception files (case studies, ERP failure, artwork playbook,
decoded method) left untouched ΓÇö they deliberately use '| Decoded Ops'.
Blog slug regex already handles both pipe and colon forms, unchanged."
[lane/meta-title-spacing acd5c4f] fix: remove space before colon in meta title separator
 40 files changed, 127 insertions(+), 127 deletions(-)

$ git status --porcelain
(no output)

# Todos
[Γ£ô] Fetch origin, create lane/meta-title-spacing branch off origin/main
[Γ£ô] Find all files with ` : Decoded Ops` (excluding 7 exception files)
[Γ£ô] Fix spacing: ` : Decoded Ops` ΓåÆ `: Decoded Ops` in all scope files
[Γ£ô] Check app/blog/[slug]/page.tsx regex for site-name stripping
[Γ£ô] Run npx tsc --noEmit
[Γ£ô] Commit and verify clean working tree
[ΓÇó] Write LANE-NOTES.md with all verification results

ΓåÉ Write LANE-NOTES.md
Wrote file successfully.

$ git add LANE-NOTES.md && git commit -m "docs: add LANE-NOTES.md for meta-title-spacing lane"
warning: in the working copy of 'LANE-NOTES.md', LF will be replaced by CRLF the next time Git touches it
[lane/meta-title-spacing c45423d] docs: add LANE-NOTES.md for meta-title-spacing lane
 1 file changed, 31 insertions(+), 70 deletions(-)

$ git status --porcelain
(no output)

$ git log --oneline -3
c45423d docs: add LANE-NOTES.md for meta-title-spacing lane
acd5c4f fix: remove space before colon in meta title separator
c373e86 docs: add lane notes for meta-title-separator

# Todos
[Γ£ô] Fetch origin, create lane/meta-title-spacing branch off origin/main
[Γ£ô] Find all files with ` : Decoded Ops` (excluding 7 exception files)
[Γ£ô] Fix spacing: ` : Decoded Ops` ΓåÆ `: Decoded Ops` in all scope files
[Γ£ô] Check app/blog/[slug]/page.tsx regex for site-name stripping
[Γ£ô] Run npx tsc --noEmit
[Γ£ô] Commit and verify clean working tree
[Γ£ô] Write LANE-NOTES.md with all verification results

Done. Branch `lane/meta-title-spacing` has two commits:

1. **`acd5c4f`** ΓÇö 127 title strings across 40 files: ` : Decoded Ops` ΓåÆ `: Decoded Ops`
2. **`c45423d`** ΓÇö LANE-NOTES.md with verification results

All checks pass:
- Zero matches for ` : Decoded Ops` in `app/`
- 22 matches for `| Decoded Ops` (21 titles in 7 exception files + 1 regex literal) ΓÇö unchanged
- `npx tsc --noEmit` clean
- Working tree clean

The blog slug regex at `app/blog/[slug]/page.tsx:44` was already correct ΓÇö no change needed. Not pushing.
