[0m
> build · mimo-v2.5
[0m
[0m→ [0mRead .context/lane-briefs/web-h-build-d17-fix1.md
[0m
[0m# [0mTodos
[•] Read mockup files and page-style.css files for context
[ ] Fix town pages hero (fractional-cto + tech-audit) for mobile
[ ] Port prose rules from page-style.css to app/d17-locations.css for privacy + cookies
[ ] Read and update privacy/page.tsx and cookies/page.tsx if needed
[ ] Run tsc --noEmit
[ ] Commit changes
[ ] Write lane reports
[0m
[0m$ [0mls ".context/lane-briefs/d17-locations/"
Directory: D:\apps\worktrees\decoded-ops-website\web-h-build-d17\.context\lane-briefs\d17-locations

Mode                 LastWriteTime         Length Name
----                 -------------         ------ ----
-a---          24/09/2026    18:40          10500 _1002-brighton.html
-a---          24/09/2026    18:40          10500 _1002-guildford.html
-a---          24/09/2026    18:40         595842 cookies-1440.png
-a---          24/09/2026    18:40           8972 cookies.main.html
-a---          24/09/2026    18:42           1174 cookies.page-style.css
-a---          24/09/2026    18:40          31125 d17-art.css
-a---          24/09/2026    18:40          31364 d17-locations-legal.css
-a---          24/09/2026    18:40          18243 fractional-cto.main.html
-a---          24/09/2026    18:40           3010 gen1002.py
-a---          24/09/2026    18:40           4610 genmap.py
-a---          24/09/2026    18:40        1855904 locations-fractional-cto-1440.png
-a---          24/09/2026    18:42           1951 locations-fractional-cto.page-style.css
-a---          24/09/2026    18:40        1557687 locations-tech-audit-1440.png
-a---          24/09/2026    18:42           2326 locations-tech-audit.page-style.css
-a---          24/09/2026    18:40         705207 privacy-1440.png
-a---          24/09/2026    18:40          10657 privacy.main.html
-a---          24/09/2026    18:42           1210 privacy.page-style.css
-a---          24/09/2026    18:40          17307 tech-audit.main.html
[0m
[0m→ [0mRead app/d17-locations.css
[0m→ [0mRead .context/lane-briefs/d17-locations/locations-fractional-cto.page-style.css
[0m→ [0mRead .context/lane-briefs/d17-locations/locations-tech-audit.page-style.css
[0m→ [0mRead .context/lane-briefs/d17-locations/privacy.page-style.css
[0m→ [0mRead .context/lane-briefs/d17-locations/cookies.page-style.css
Now let me read the mockup files and existing page components.
[0m→ [0mRead app/locations/fractional-cto/[location]/page.tsx
[0m→ [0mRead app/locations/tech-audit/[location]/page.tsx
[0m✱ [0mGrep "hero-center|hero-art|hero-cta|wrap hero"[90m in components · 0 matches[0m
[0m→ [0mRead .context/lane-briefs/d17-locations/fractional-cto.main.html[90m [limit=120][0m
Now let me read the LocationPage component and the mockup HTML files to understand the hero structure.
[0m✱ [0mGlob "components/LocationPage*"[90m in . · 1 match[0m
[0m→ [0mRead components/LocationPage.tsx
[0m→ [0mRead app/privacy/page.tsx
[0m→ [0mRead app/cookies/page.tsx
Now I understand the full picture. Let me read the privacy and cookies pages, then make the changes.
[0m
[0m# [0mTodos
[✓] Read mockup files and page-style.css files for context
[•] Fix town pages hero (fractional-cto + tech-audit) for mobile
[ ] Port prose rules from page-style.css to app/d17-locations.css for privacy + cookies
[ ] Read and update privacy/page.tsx and cookies/page.tsx if needed
[ ] Run tsc --noEmit
[ ] Commit changes
[ ] Write lane reports
[0m
[0m✱ [0mGrep "\.hero-center|\.wrap\b"[90m in app · 0 matches[0m
[0m✱ [0mGrep "\.hero-center"[90m in app · 19 matches[0m
Let me check what d17-global.css has for `.hero-center` and `.wrap`.
[0m→ [0mRead app/d17-global.css
Now I have a clear picture. Let me implement all changes. First, I'll update `LocationPage.tsx` to match the mockup's single-column hero, then add CSS rules to `d17-locations.css`.
[0m
[0m← [0mEdit components/LocationPage.tsx
Index: D:\apps\worktrees\decoded-ops-website\web-h-build-d17\components\LocationPage.tsx
===================================================================
--- D:\apps\worktrees\decoded-ops-website\web-h-build-d17\components\LocationPage.tsx
+++ D:\apps\worktrees\decoded-ops-website\web-h-build-d17\components\LocationPage.tsx
@@ -62,47 +62,37 @@
 return (
   <>
     {/* HERO */}
     <section className="g-off">
-      <div className="wrap">
-        <div style={{ display: 'grid', gridTemplateColumns: '1fr 1fr', gap: 'clamp(48px, 8vw, 64px)', alignItems: 'center' }}>
-          <div>
-            <div style={{ display: 'flex', flexWrap: 'wrap', alignItems: 'center', gap: 12, marginBottom: 24 }}>
-              <span className="eyebrow" style={{ marginBottom: 0 }}>{badge}</span>
-              <div style={{ display: 'inline-flex', alignItems: 'center', gap: 6, padding: '6px 14px', borderRadius: 'var(--do-radius-full)', background: 'color-mix(in srgb, var(--do-cerulean) 10%, transparent)', border: '1px solid color-mix(in srgb, var(--do-cerulean) 20%, transparent)' }}>
-                <MapPin size={12} style={{ color: 'var(--do-cerulean)' }} />
-                <span style={{ fontSize: 'var(--do-text-xs)', fontWeight: 'var(--do-weight-semibold)', textTransform: 'uppercase', letterSpacing: 'var(--do-tracking-wider)', color: 'var(--do-cerulean)' }}>{county}</span>
-              </div>
-            </div>
-            <h1 className="h1">
-              {parts.map((part, i) =>
-                i % 2 === 0
-                  ? <span key={i}>{part}</span>
-                  : <span key={i} className="h1 em" style={{ color: 'var(--do-cerulean)', fontFamily: 'var(--do-font-heading)', display: 'inline' }}>{part}</span>
-              )}
-            </h1>
-            <p className="lede">{intro}</p>
-            <div className="btn-row">
-              <Link href="/contact" className="btn btn--primary">
-                Book a free call <ArrowRight size={18} />
-              </Link>
-              <Link href={serviceUrl} className="btn btn--outline">
-                {serviceLabel}
-              </Link>
-            </div>
-            <a href={BOOKING_URL} target="_blank" rel="noopener noreferrer" style={{ fontSize: 'var(--do-text-sm)', color: 'var(--do-cerulean)', fontWeight: 'var(--do-weight-medium)', display: 'inline-flex', alignItems: 'center', gap: 4 }}>Or book a call directly <ArrowRight size={14} /></a>
-          </div>
-          {heroArtHtml ? (
-            <div dangerouslySetInnerHTML={{ __html: heroArtHtml }} />
-          ) : (
-            <div style={{ display: 'flex', alignItems: 'center', justifyContent: 'center' }}>
-              <div style={{ width: '100%', borderRadius: 'var(--do-radius-2xl)', overflow: 'hidden', boxShadow: 'var(--do-shadow-lg)' }}>
-                <SystemsDisconnectedGraphic connected variant="light" />
-              </div>
-            </div>
+      <div className="wrap hero-center">
+        <span className="eyebrow">{badge}</span>
+        <h1 className="h1">
+          {parts.map((part, i) =>
+            i % 2 === 0
+              ? <span key={i}>{part}</span>
+              : <span key={i} className="h1 em" style={{ color: 'var(--do-cerulean)', fontFamily: 'var(--do-font-heading)', display: 'inline' }}>{part}</span>
           )}
+        </h1>
+        <p className="lede">{intro}</p>
+        <div className="hero-cta">
+          <Link href="/contact" className="btn btn--primary">
+            Book a free call <ArrowRight size={18} />
+          </Link>
+          <Link href={serviceUrl} className="btn btn--outline">
+            {serviceLabel}
+          </Link>
         </div>
+        <a href={BOOKING_URL} target="_blank" rel="noopener noreferrer" className="direct">Or <a href={BOOKING_URL} target="_blank" rel="noopener noreferrer">book a call directly</a></a>
       </div>
+      {heroArtHtml ? (
+        <div className="wrap hero-art" dangerouslySetInnerHTML={{ __html: heroArtHtml }} />
+      ) : (
+        <div className="wrap hero-art" style={{ display: 'flex', alignItems: 'center', justifyContent: 'center' }}>
+          <div style={{ width: '100%', borderRadius: 'var(--do-radius-2xl)', overflow: 'hidden', boxShadow: 'var(--do-shadow-lg)' }}>
+            <SystemsDisconnectedGraphic connected variant="light" />
+          </div>
+        </div>
+      )}
     </section>
 
     {/* LOCAL CONTEXT */}
     <section className="g-white" style={{ borderBottom: '1px solid var(--do-border-subtle)' }}>

[0m
I need to fix the nested `<a>` tag issue in the direct link. Let me correct that:
[0m← [0mEdit components/LocationPage.tsx
Index: D:\apps\worktrees\decoded-ops-website\web-h-build-d17\components\LocationPage.tsx
===================================================================
--- D:\apps\worktrees\decoded-ops-website\web-h-build-d17\components\LocationPage.tsx
+++ D:\apps\worktrees\decoded-ops-website\web-h-build-d17\components\LocationPage.tsx
@@ -80,9 +80,9 @@
     <Link href={serviceUrl} className="btn btn--outline">
       {serviceLabel}
     </Link>
   </div>
-  <a href={BOOKING_URL} target="_blank" rel="noopener noreferrer" className="direct">Or <a href={BOOKING_URL} target="_blank" rel="noopener noreferrer">book a call directly</a></a>
+  <p className="direct">Or <a href={BOOKING_URL} target="_blank" rel="noopener noreferrer">book a call directly</a></p>
 </div>
 {heroArtHtml ? (
   <div className="wrap hero-art" dangerouslySetInnerHTML={{ __html: heroArtHtml }} />
 ) : (

[0m
[0m✗ [0mEdit app/d17-locations.css failed
[91m[1mError: [0mCould not find oldString in the file. It must match exactly, including whitespace, indentation, and line endings.
Now let me add the CSS rules to `d17-locations.css`. I need to add `.hero-center` centering, `.hero-art` width rules, and the prose typography rules:
[0m→ [0mRead app/d17-locations.css[90m [offset=17, limit=5][0m
[0m
[0m← [0mEdit app/d17-locations.css
Index: D:\apps\worktrees\decoded-ops-website\web-h-build-d17\app\d17-locations.css
===================================================================
--- D:\apps\worktrees\decoded-ops-website\web-h-build-d17\app\d17-locations.css
+++ D:\apps\worktrees\decoded-ops-website\web-h-build-d17\app\d17-locations.css
@@ -14,12 +14,17 @@
   color:inherit; background:color-mix(in srgb, var(--do-amber) 26%, transparent);
   border-radius:3px; padding:0 .25em; white-space:nowrap }
 
 /* ─── page layout (live IA, 23 Sep): local block, steps, trust list, nearby ─── */
+.hero-center{ text-align:center; max-width:760px; margin-inline:auto }
+.hero-center h1{ max-width:none; margin-inline:auto }
+.hero-center .lede{ margin:18px auto 0; max-width:58ch }
+.hero-center .eyebrow{ margin-inline:auto }
+.hero-center .hero-cta{ display:flex; gap:12px; flex-wrap:wrap; justify-content:center; margin-top:28px }
 .hero-center .hero-cta{ margin-top:28px }
+.hero-art{ margin-top:44px; max-width:880px; margin-inline:auto }
 .direct{ display:block; margin-top:14px; font-size:var(--do-text-sm); color:var(--do-text-subtle) }
 .direct a{ color:var(--do-text-primary); font-weight:600 }
-.hero-art{ margin-top:44px }
 .chips{ display:flex; flex-wrap:wrap; gap:8px; margin:22px 0 0; padding:0; list-style:none }
 .chips li{ font-size:var(--do-text-xs); font-weight:600; color:var(--do-text-primary);
   border:1px solid color-mix(in srgb, var(--do-cerulean) 40%, transparent);
   background:color-mix(in srgb, var(--do-sky-blue) 14%, transparent); border-radius:99px; padding:6px 12px }

[0m
[0m← [0mEdit app/d17-locations.css
Index: D:\apps\worktrees\decoded-ops-website\web-h-build-d17\app\d17-locations.css
===================================================================
--- D:\apps\worktrees\decoded-ops-website\web-h-build-d17\app\d17-locations.css
+++ D:\apps\worktrees\decoded-ops-website\web-h-build-d17\app\d17-locations.css
@@ -19,9 +19,8 @@
 .hero-center h1{ max-width:none; margin-inline:auto }
 .hero-center .lede{ margin:18px auto 0; max-width:58ch }
 .hero-center .eyebrow{ margin-inline:auto }
 .hero-center .hero-cta{ display:flex; gap:12px; flex-wrap:wrap; justify-content:center; margin-top:28px }
-.hero-center .hero-cta{ margin-top:28px }
 .hero-art{ margin-top:44px; max-width:880px; margin-inline:auto }
 .direct{ display:block; margin-top:14px; font-size:var(--do-text-sm); color:var(--do-text-subtle) }
 .direct a{ color:var(--do-text-primary); font-weight:600 }
 .chips{ display:flex; flex-wrap:wrap; gap:8px; margin:22px 0 0; padding:0; list-style:none }

[0m
I have a duplicate rule. Let me fix it:
[0m→ [0mRead app/d17-locations.css[90m [offset=345][0m
Now let me add the prose rules. I'll add them before the final `.prose section` rule:
[0m
[0m← [0mEdit app/d17-locations.css
Index: D:\apps\worktrees\decoded-ops-website\web-h-build-d17\app\d17-locations.css
===================================================================
--- D:\apps\worktrees\decoded-ops-website\web-h-build-d17\app\d17-locations.css
+++ D:\apps\worktrees\decoded-ops-website\web-h-build-d17\app\d17-locations.css
@@ -352,4 +352,20 @@
 
 /* legal pages: the global `section{ padding:88px 0 }` was also hitting the nested
    .prose sections, leaving ~180px gaps between clauses in the old mockup */
 .prose section{ padding:0 }
+
+/* ─── prose typography — privacy + cookies (port from page-style.css, 24 Sep 2026) ─── */
+.prose{ max-width:72ch; margin-inline:auto }
+.prose h2{ font-size:var(--do-text-xl); font-weight:700; margin-bottom:12px }
+.prose h3{ font-size:var(--do-text-base); font-weight:700; margin:18px 0 8px }
+.prose p{ color:var(--do-text-secondary); line-height:var(--do-leading-relaxed); margin-bottom:12px }
+.prose ul{ color:var(--do-text-secondary); line-height:var(--do-leading-relaxed);
+  padding-left:22px; margin-bottom:12px; list-style:disc }
+.prose li{ margin-bottom:6px }
+.prose b{ color:var(--do-text-primary) }
+.prose .contact-box{ background:var(--do-surface-raised); border:1px solid var(--do-border-subtle);
+  border-radius:var(--do-radius-xl); padding:20px 24px; margin-top:14px }
+.prose .contact-box p{ margin:0 }
+.prose .note{ font-size:var(--do-text-xs); color:var(--do-text-subtle); margin-top:4px }
+.prose .cookie-group{ margin-bottom:20px }
+.prose .cookie-group h3{ margin-top:0 }

[0m
Let me verify the MapPin import is still used somewhere in the component:
[0m✱ [0mGrep "MapPin"[90m in components/LocationPage.tsx · 1 match[0m
[0m
[0m← [0mEdit components/LocationPage.tsx
Index: D:\apps\worktrees\decoded-ops-website\web-h-build-d17\components\LocationPage.tsx
===================================================================
--- D:\apps\worktrees\decoded-ops-website\web-h-build-d17\components\LocationPage.tsx
+++ D:\apps\worktrees\decoded-ops-website\web-h-build-d17\components\LocationPage.tsx
@@ -1,6 +1,6 @@
 import Link from 'next/link';
-import { ArrowRight, MapPin } from 'lucide-react';
+import { ArrowRight } from 'lucide-react';
 import { BOOKING_URL } from '@/lib/constants';
 import { SystemsDisconnectedGraphic } from '@/components/graphics/SystemsDisconnectedGraphic';
 
 interface PainPoint {

[0m
`MapPin` is no longer used. Let me remove it:
Let me verify the file compiles and check for any issues:
[0m→ [0mRead components/LocationPage.tsx[90m [limit=10][0m
[0m
[0m# [0mTodos
[✓] Read mockup files and page-style.css files for context
[✓] Fix town pages hero (fractional-cto + tech-audit) for mobile
[✓] Port prose rules from page-style.css to app/d17-locations.css for privacy + cookies
[✓] Read and update privacy/page.tsx and cookies/page.tsx if needed
[•] Run tsc --noEmit
[ ] Commit changes
[ ] Write lane reports
[0m
Let me add the section margin for prose. The mockup specifies `margin-bottom: 36px` for privacy sections:
[0m← [0mEdit app/d17-locations.css
Index: D:\apps\worktrees\decoded-ops-website\web-h-build-d17\app\d17-locations.css
===================================================================
--- D:\apps\worktrees\decoded-ops-website\web-h-build-d17\app\d17-locations.css
+++ D:\apps\worktrees\decoded-ops-website\web-h-build-d17\app\d17-locations.css
@@ -355,8 +355,10 @@
 .prose section{ padding:0 }
 
 /* ─── prose typography — privacy + cookies (port from page-style.css, 24 Sep 2026) ─── */
 .prose{ max-width:72ch; margin-inline:auto }
+.prose section{ margin-bottom:36px }
+.prose section:last-child{ margin-bottom:0 }
 .prose h2{ font-size:var(--do-text-xl); font-weight:700; margin-bottom:12px }
 .prose h3{ font-size:var(--do-text-base); font-weight:700; margin:18px 0 8px }
 .prose p{ color:var(--do-text-secondary); line-height:var(--do-leading-relaxed); margin-bottom:12px }
 .prose ul{ color:var(--do-text-secondary); line-height:var(--do-leading-relaxed);

[0m
Now let me run the TypeScript check:
[0m$ [0mnpx tsc --noEmit 2>&1 | head -50
head: The term 'head' is not recognized as a name of a cmdlet, function, script file, or executable program.
Check the spelling of the name, or if a path was included, verify that the path is correct and try again.
[0m
[0m$ [0mnpx tsc --noEmit 2>&1 | Select-Object -First 50
(no output)
[0m
[0m# [0mTodos
[✓] Read mockup files and page-style.css files for context
[✓] Fix town pages hero (fractional-cto + tech-audit) for mobile
[✓] Port prose rules from page-style.css to app/d17-locations.css for privacy + cookies
[✓] Read and update privacy/page.tsx and cookies/page.tsx if needed
[✓] Run tsc --noEmit
[•] Commit changes
[ ] Write lane reports
[0m
Clean tsc. Now let me commit and write the lane reports.
[0m$ [0mgit status
On branch web-h-build-d17
Your branch is ahead of 'origin/staging' by 4 commits.
  (use "git push" to publish your local commits)

Changes not staged for commit:
  (use "git add <file>..." to update what will be committed)
  (use "git restore <file>..." to discard changes in working directory)
	modified:   app/d17-locations.css
	modified:   components/LocationPage.tsx
	modified:   data/route-slugs.json

no changes added to commit (use "git add" and/or "git commit -a")
[0m
[0m$ [0mgit diff data/route-slugs.json | Select-Object -First 20
warning: in the working copy of 'data/route-slugs.json', LF will be replaced by CRLF the next time Git touches it
[0m
That's just a line-ending change, not related to my work. Let me restore it and commit only my files:
[0m$ [0mgit restore data/route-slugs.json && git add app/d17-locations.css components/LocationPage.tsx && git commit -m "fix(web): locations hero + legal prose parity with D17 mockups (WO-INF-061)

- LocationPage hero: replaced 2-column grid with centered single-column
  layout matching mockup .hero-center + .hero-art pattern. Hero text is
  now centred, art full-width below. Fixes 521-555px overflow at 390px.
- d17-locations.css: added .hero-center centering rules, .hero-art
  max-width, and full .prose typography rules (h2/h3/p/ul/li/b sizing,
  margins, colours) ported from privacy.page-style.css and
  cookies.page-style.css. Clause sections get 36px margin-bottom.
- Removed unused MapPin import from LocationPage."
[web-h-build-d17 dfe7ffb] fix(web): locations hero + legal prose parity with D17 mockups (WO-INF-061)
 2 files changed, 51 insertions(+), 39 deletions(-)
[0m
Now let me write the lane reports:
[0m$ [0mmkdir -p .context/lane-reports
New-Item: An item with the specified name D:\apps\worktrees\decoded-ops-website\web-h-build-d17\.context\lane-reports already exists.
[0m
[0m← [0mWrite .context/lane-reports/LANE-RESULT-web-h-build-d17-fix1.json
Wrote file successfully.
[0m
[0m← [0mWrite .context/lane-reports/LANE-NOTES-web-h-build-d17-fix1.md
Wrote file successfully.
[0m
Now commit the lane reports:
[0m$ [0mgit add .context/lane-reports/ && git commit -m "chore: lane reports for web-h-build-d17-fix1"
warning: in the working copy of '.context/lane-reports/LANE-NOTES-web-h-build-d17-fix1.md', LF will be replaced by CRLF the next time Git touches it
warning: in the working copy of '.context/lane-reports/LANE-RESULT-web-h-build-d17-fix1.json', LF will be replaced by CRLF the next time Git touches it
[web-h-build-d17 168d92a] chore: lane reports for web-h-build-d17-fix1
 2 files changed, 54 insertions(+)
 create mode 100644 .context/lane-reports/LANE-NOTES-web-h-build-d17-fix1.md
 create mode 100644 .context/lane-reports/LANE-RESULT-web-h-build-d17-fix1.json
[0m
[0m$ [0mgit log --oneline -3
168d92a chore: lane reports for web-h-build-d17-fix1
dfe7ffb fix(web): locations hero + legal prose parity with D17 mockups (WO-INF-061)
97b329f chore: brief + mockup page styles for web-h fix1
[0m
[0m$ [0mgit status
On branch web-h-build-d17
Your branch is ahead of 'origin/staging' by 6 commits.
  (use "git push" to publish your local commits)

nothing to commit, working tree clean
[0m
[0m# [0mTodos
[✓] Read mockup files and page-style.css files for context
[✓] Fix town pages hero (fractional-cto + tech-audit) for mobile
[✓] Port prose rules from page-style.css to app/d17-locations.css for privacy + cookies
[✓] Read and update privacy/page.tsx and cookies/page.tsx if needed
[✓] Run tsc --noEmit
[✓] Commit changes
[✓] Write lane reports
[0m
Lane complete. Two commits on `web-h-build-d17`:

**`dfe7ffb` — fix(web): locations hero + legal prose parity with D17 mockups**
- `components/LocationPage.tsx`: Replaced 2-column hero grid with single-column centered layout (`.hero-center` text above, `.hero-art` full-width below). Fixes the 521-555px overflow at 390px viewport.
- `app/d17-locations.css`: Added `.hero-center` centering rules, `.hero-art` max-width, and full `.prose` typography rules (h2/h3/p/ul/li sizing, margins, disc bullets, 72ch max-width, clause section spacing) ported from the page-style.css mockups.
- Removed unused `MapPin` import.

**`168d92a` — lane reports**
