[0m
> build · mimo-v2.5
[0m
[0m→ [0mRead .context/lane-briefs/web-pricing-v12.md
[0m
[0m# [0mTodos
[ ] Replace data/pricing-v11.json with canonical file
[ ] Update app/pricing/page.tsx (meta, guarantee, small biz card, table-foot)
[ ] Update app/clarity/page.tsx - £1,500 -> £750
[ ] Update app/locations/tech-audit/page.tsx - £1,500 -> £750
[ ] Update app/opengraph-image.tsx - £1,500 -> £750
[ ] Update app/retained/page.tsx - £950 -> £900
[ ] Update app/small-business/page.tsx - £595 -> £600
[ ] Update components/Header.tsx - £595 -> £600
[ ] Grep for remaining old prices and fix
[ ] Verify: tsc --noEmit and npm run build
[ ] Commit and write lane report
[0m
[0m→ [0mRead C:/Users/CraigBlackman/OneDrive - Decoded Ops/decoded-ops-ai/decoded-ops/Business/DO_Pricing_v11_Canonical.json
[0m→ [0mRead data/pricing-v11.json
[0m→ [0mRead app/pricing/page.tsx
[0m→ [0mRead app/clarity/page.tsx
[0m→ [0mRead app/locations/tech-audit/page.tsx
[0m→ [0mRead app/opengraph-image.tsx
[0m→ [0mRead app/retained/page.tsx
[0m→ [0mRead app/small-business/page.tsx
[0m→ [0mRead components/Header.tsx
[0m
[0m# [0mTodos
[•] Replace data/pricing-v11.json with canonical file
[ ] Update app/pricing/page.tsx (meta, guarantee, small biz card, table-foot)
[ ] Update app/clarity/page.tsx - £1,500 -> £750
[ ] Update app/locations/tech-audit/page.tsx - £1,500 -> £750
[ ] Update app/opengraph-image.tsx - £1,500 -> £750
[ ] Update app/retained/page.tsx - £950 -> £900
[ ] Update app/small-business/page.tsx - £595 -> £600
[ ] Update components/Header.tsx - £595 -> £600
[ ] Grep for remaining old prices and fix
[ ] Verify: tsc --noEmit and npm run build
[ ] Commit and write lane report
[0m
Now I have all the files. Let me start making changes.
[0m← [0mWrite data/pricing-v11.json
Wrote file successfully.
[0m
[0m# [0mTodos
[✓] Replace data/pricing-v11.json with canonical file
[•] Update app/pricing/page.tsx (meta, guarantee, small biz card, table-foot)
[ ] Update app/clarity/page.tsx - £1,500 -> £750
[ ] Update app/locations/tech-audit/page.tsx - £1,500 -> £750
[ ] Update app/opengraph-image.tsx - £1,500 -> £750
[ ] Update app/retained/page.tsx - £950 -> £900
[ ] Update app/small-business/page.tsx - £595 -> £600
[ ] Update components/Header.tsx - £595 -> £600
[ ] Grep for remaining old prices and fix
[ ] Verify: tsc --noEmit and npm run build
[ ] Commit and write lane report
[0m
[0m← [0mEdit app/pricing/page.tsx
Index: D:\apps\worktrees\decoded-ops-website\web-pricing-v12\app\pricing\page.tsx
===================================================================
--- D:\apps\worktrees\decoded-ops-website\web-pricing-v12\app\pricing\page.tsx
+++ D:\apps\worktrees\decoded-ops-website\web-pricing-v12\app\pricing\page.tsx
@@ -10,21 +10,21 @@
 const { consultancy, small_business } = pricingData;
 
 export const metadata: Metadata = {
   title: 'Fractional CTO Pricing | Decoded Ops',
-  description: 'Fractional CTO pricing in plain numbers. The Clarity Audit starts at £1,500, retained support from £950 a month, and project work is quoted after a call.',
+  description: 'Fractional CTO pricing in plain numbers. The Clarity Audit starts at £750, retained support from £900 a month, and project work is quoted after a call.',
   alternates: { canonical: '/pricing' },
   openGraph: {
     type: 'website',
     title: 'Fractional CTO Pricing | Decoded Ops',
-    description: 'Fractional CTO pricing in plain numbers. The Clarity Audit starts at £1,500, retained support from £950 a month, and project work is quoted after a call.',
+    description: 'Fractional CTO pricing in plain numbers. The Clarity Audit starts at £750, retained support from £900 a month, and project work is quoted after a call.',
     url: 'https://decodedops.co.uk/pricing',
     images: OG_IMAGE,
   },
   twitter: {
     card: 'summary_large_image',
     title: 'Fractional CTO Pricing | Decoded Ops',
-    description: 'Fractional CTO pricing in plain numbers. The Clarity Audit starts at £1,500, retained support from £950 a month, and project work is quoted after a call.',
+    description: 'Fractional CTO pricing in plain numbers. The Clarity Audit starts at £750, retained support from £900 a month, and project work is quoted after a call.',
     images: [OG_IMAGE_PATH],
   },
 };
 

[0m
[0m← [0mEdit app/pricing/page.tsx
Index: D:\apps\worktrees\decoded-ops-website\web-pricing-v12\app\pricing\page.tsx
===================================================================
--- D:\apps\worktrees\decoded-ops-website\web-pricing-v12\app\pricing\page.tsx
+++ D:\apps\worktrees\decoded-ops-website\web-pricing-v12\app\pricing\page.tsx
@@ -34,9 +34,9 @@
 {
   '@type': 'WebPage',
   name: 'Pricing',
   url: 'https://decodedops.co.uk/pricing',
-  description: 'Plain pricing for the consultancy. The Clarity Audit is from £1,500. Everything else is quoted after a conversation about your operation.',
+  description: 'Plain pricing for the consultancy. The Clarity Audit is from £750. Everything else is quoted after a conversation about your operation.',
   provider: { '@type': 'Organization', name: 'Decoded Ops', url: 'https://decodedops.co.uk' },
 },
 {
   '@type': 'Offer',

[0m
[0m← [0mEdit app/pricing/page.tsx
Index: D:\apps\worktrees\decoded-ops-website\web-pricing-v12\app\pricing\page.tsx
===================================================================
--- D:\apps\worktrees\decoded-ops-website\web-pricing-v12\app\pricing\page.tsx
+++ D:\apps\worktrees\decoded-ops-website\web-pricing-v12\app\pricing\page.tsx
@@ -155,9 +155,9 @@
 <section className="g-tint">
   <div className="container">
     <p className="eyebrow">Guarantee &middot; DO-ART-203</p>
     <h2>The 3x Clarity Guarantee.</h2>
-    <p className="lead" style={{ marginTop: 16 }}>Clarity Audit, £1,500 fixed. If it doesn&rsquo;t find three
+    <p className="lead" style={{ marginTop: 16 }}>Clarity Audit, from £750. If it doesn&rsquo;t find three
       times the fee, it&rsquo;s refunded.</p>
 
     <div className="plate-scroll" style={{ marginTop: 34 }}>
       <div className="plate-frame">

[0m
[0m← [0mEdit app/pricing/page.tsx
Index: D:\apps\worktrees\decoded-ops-website\web-pricing-v12\app\pricing\page.tsx
===================================================================
--- D:\apps\worktrees\decoded-ops-website\web-pricing-v12\app\pricing\page.tsx
+++ D:\apps\worktrees\decoded-ops-website\web-pricing-v12\app\pricing\page.tsx
@@ -161,9 +161,9 @@
 
 <div className="plate-scroll" style={{ marginTop: 34 }}>
   <div className="plate-frame">
     <Artwork mode="measure" tone="dark" p="gt" title="The 3x Clarity Guarantee"
-           sub="Clarity Audit, £1,500 fixed"
+           sub="Clarity Audit, from £750"
            no="DO-ART-203" rev="02" cls="DECODED OPS · ISSUED">
 
       <g className="sk-fade sk-s1" opacity=".5">
         <line x1="430" y1="212" x2="430" y2="560" className="p-scyan" strokeWidth=".8"

[0m
[0m← [0mEdit app/pricing/page.tsx
Index: D:\apps\worktrees\decoded-ops-website\web-pricing-v12\app\pricing\page.tsx
===================================================================
--- D:\apps\worktrees\decoded-ops-website\web-pricing-v12\app\pricing\page.tsx
+++ D:\apps\worktrees\decoded-ops-website\web-pricing-v12\app\pricing\page.tsx
@@ -177,9 +177,9 @@
     fixed</text>
   <rect x="430" y="228" width="240" height="62" rx="6" fill="url(#gt-bar)"
         className="p-node" strokeWidth="1"/>
   <text x="458" y="270" className="p-ink" fontFamily="Outfit,sans-serif"
-        fontWeight="700" fontSize="30">£1,500</text>
+        fontWeight="700" fontSize="30">from £750</text>
 </g>
 
 <g className="sk-fade sk-s4" filter="url(#gt-shadow)">
   <text x="60" y="392" className="p-mono" fontSize="17" letterSpacing="1.6"

[0m
[0m← [0mEdit app/pricing/page.tsx
Index: D:\apps\worktrees\decoded-ops-website\web-pricing-v12\app\pricing\page.tsx
===================================================================
--- D:\apps\worktrees\decoded-ops-website\web-pricing-v12\app\pricing\page.tsx
+++ D:\apps\worktrees\decoded-ops-website\web-pricing-v12\app\pricing\page.tsx
@@ -188,9 +188,9 @@
     recoverable cost or lost revenue</text>
   <rect x="430" y="368" width="720" height="62" rx="6" fill="url(#gt-amber-b)"
         className="p-node-a" strokeWidth="1.4"/>
   <text x="458" y="410" className="p-accent-ink" fontFamily="Outfit,sans-serif"
-        fontWeight="700" fontSize="30">£4,500+</text>
+        fontWeight="700" fontSize="30">3× the fee</text>
 </g>
 
 <g className="sk-fade sk-s6">
   <line x1="60" y1="500" x2="1540" y2="500" className="p-scyan" strokeWidth=".6"

[0m
[0m← [0mEdit app/pricing/page.tsx
Index: D:\apps\worktrees\decoded-ops-website\web-pricing-v12\app\pricing\page.tsx
===================================================================
--- D:\apps\worktrees\decoded-ops-website\web-pricing-v12\app\pricing\page.tsx
+++ D:\apps\worktrees\decoded-ops-website\web-pricing-v12\app\pricing\page.tsx
@@ -224,9 +224,9 @@
   <p style={{ color: 'var(--do-text-muted)', fontSize: 'var(--do-text-sm)', lineHeight: 1.75, marginTop: 8 }}>
     A 3-hour remote diagnostic. Written priorities within five working days.
     Feeds directly into the Clarity Audit if you decide to go further.
   </p>
-  <span className="price" style={{ marginTop: 16, display: 'inline-block' }}>£595 fixed</span>
+  <span className="price" style={{ marginTop: 16, display: 'inline-block' }}>£600 fixed</span>
   <div style={{ marginTop: 20 }}>
     <Link className="btn btn-primary" href="/contact">Book your Clarity Check</Link>
   </div>
 </div>

[0m
[0m← [0mEdit app/pricing/page.tsx
Index: D:\apps\worktrees\decoded-ops-website\web-pricing-v12\app\pricing\page.tsx
===================================================================
--- D:\apps\worktrees\decoded-ops-website\web-pricing-v12\app\pricing\page.tsx
+++ D:\apps\worktrees\decoded-ops-website\web-pricing-v12\app\pricing\page.tsx
@@ -230,10 +230,9 @@
         <Link className="btn btn-primary" href="/contact">Book your Clarity Check</Link>
       </div>
     </div>
 
-    <p className="table-foot" style={{ marginTop: 28 }}>Sub-£1m businesses use the same services at the &ldquo;from&rdquo; prices above.
-      There is no separate small-business pricing ladder. See <Link href="/small-business"
+    <p className="table-foot" style={{ marginTop: 28 }}>Prices are set by the size of the business, and businesses under £500k have their own, lower starting prices. Anyone under £1m can start with the Clarity Check. See <Link href="/small-business"
         style={{ color: 'var(--do-text-cerulean)', fontWeight: 600 }}>small business services</Link> for details.</p>
   </div>
 </section>
 

[0m
Now making all the pricing page edits:
[0m← [0mEdit app/clarity/page.tsx
Index: D:\apps\worktrees\decoded-ops-website\web-pricing-v12\app\clarity\page.tsx
===================================================================
--- D:\apps\worktrees\decoded-ops-website\web-pricing-v12\app\clarity\page.tsx
+++ D:\apps\worktrees\decoded-ops-website\web-pricing-v12\app\clarity\page.tsx
@@ -7,21 +7,21 @@
 import { OG_IMAGE, OG_IMAGE_PATH } from '@/lib/seo';
 
 export const metadata: Metadata = {
   title: 'Technology Audit for Small Business | Decoded Ops',
-  description: 'A technology audit for small business: one day on site, a written report within five days and the Clarity Guarantee. From £1,500.',
+  description: 'A technology audit for small business: one day on site, a written report within five days and the Clarity Guarantee. From £750.',
   alternates: { canonical: '/clarity' },
   openGraph: {
     type: 'website',
     title: 'Technology Audit for Small Business | Decoded Ops',
-    description: 'A technology audit for small business: one day on site, a written report within five days and the Clarity Guarantee. From £1,500.',
+    description: 'A technology audit for small business: one day on site, a written report within five days and the Clarity Guarantee. From £750.',
     url: 'https://decodedops.co.uk/clarity',
     images: OG_IMAGE,
   },
   twitter: {
     card: 'summary_large_image',
     title: 'Technology Audit for Small Business | Decoded Ops',
-    description: 'A technology audit for small business: one day on site, a written report within five days and the Clarity Guarantee. From £1,500.',
+    description: 'A technology audit for small business: one day on site, a written report within five days and the Clarity Guarantee. From £750.',
     images: [OG_IMAGE_PATH],
   },
 };
 

[0m
Now the clarity page - £1,500 -> £750:
[0m← [0mEdit app/clarity/page.tsx
Index: D:\apps\worktrees\decoded-ops-website\web-pricing-v12\app\clarity\page.tsx
===================================================================
--- D:\apps\worktrees\decoded-ops-website\web-pricing-v12\app\clarity\page.tsx
+++ D:\apps\worktrees\decoded-ops-website\web-pricing-v12\app\clarity\page.tsx
@@ -60,9 +60,9 @@
 <div className="wrap">
   <span className="eyebrow">Clarity Audit</span>
   <h1>One day on site. One written plan.</h1>
   <p className="lede">A free 60-minute call, then one full day inside your business. I follow six
-    areas from start to finish, rather than just discussing them. £1,500, covered by the
+    areas from start to finish, rather than just discussing them. From £750, covered by the
     3&times; guarantee below: if the report doesn&apos;t find at least three times the fee, it&apos;s
     refunded in full. A written report within five working days, walked through with you in person.</p>
   <div className={s.heroCta}>
     <Link className="btn btn--primary" href="/contact">Book a free 60-min call</Link>

[0m
[0m← [0mEdit app/locations/tech-audit/page.tsx
Index: D:\apps\worktrees\decoded-ops-website\web-pricing-v12\app\locations\tech-audit\page.tsx
===================================================================
--- D:\apps\worktrees\decoded-ops-website\web-pricing-v12\app\locations\tech-audit\page.tsx
+++ D:\apps\worktrees\decoded-ops-website\web-pricing-v12\app\locations\tech-audit\page.tsx
@@ -67,9 +67,9 @@
 <div style={{ maxWidth: 720 }}>
   <span className="eyebrow" style={{ marginBottom: 22 }}>Technology Audit</span>
   <h1 className="h1">Independent technology audit, <em>anywhere in the UK</em></h1>
   <p className="lede">
-    An independent audit that tells you exactly what your systems are costing you, and what to do about it. From £1,500.
+    An independent audit that tells you exactly what your systems are costing you, and what to do about it. From £750.
   </p>
   <div style={{ display: 'inline-flex', alignItems: 'center', gap: 8, padding: '8px 16px', borderRadius: 'var(--do-radius-full)', background: 'color-mix(in srgb, var(--do-prussian-blue) 5%, transparent)', border: '1px solid color-mix(in srgb, var(--do-prussian-blue) 10%, transparent)', marginBottom: 32 }}>
     <span style={{ fontSize: 'var(--do-text-sm)', fontWeight: 'var(--do-weight-semibold)', color: 'var(--do-text-primary)' }}>3× Clarity Guarantee</span>
     <span style={{ fontSize: 'var(--do-text-sm)', color: 'var(--do-text-muted)' }}>If I don&apos;t find 3× the fee in recoverable cost or lost revenue, you get a full refund</span>

[0m
Now tech-audit page:
[0m← [0mEdit app/locations/tech-audit/page.tsx
Index: D:\apps\worktrees\decoded-ops-website\web-pricing-v12\app\locations\tech-audit\page.tsx
===================================================================
--- D:\apps\worktrees\decoded-ops-website\web-pricing-v12\app\locations\tech-audit\page.tsx
+++ D:\apps\worktrees\decoded-ops-website\web-pricing-v12\app\locations\tech-audit\page.tsx
@@ -132,9 +132,9 @@
 
 {/* STICKY CTA CARD */}
 <div style={{ position: 'sticky', top: 112 }}>
   <div className="card" style={{ padding: 32 }}>
-    <div style={{ fontSize: 'var(--do-text-2xl)', fontWeight: 'var(--do-weight-bold)', color: 'var(--do-text-on-dark)', marginBottom: 8 }}>Book a Clarity Audit, from £1,500</div>
+    <div style={{ fontSize: 'var(--do-text-2xl)', fontWeight: 'var(--do-weight-bold)', color: 'var(--do-text-on-dark)', marginBottom: 8 }}>Book a Clarity Audit, from £750</div>
     <p style={{ fontSize: 'var(--do-text-sm)', color: '#dfe6ea', lineHeight: 1.75, marginBottom: 24 }}>
       The first conversation is free and there&apos;s no obligation. Just a call about what&apos;s happening in your business and whether I can help.
     </p>
     <div style={{ display: 'flex', flexDirection: 'column', gap: 12, marginBottom: 32 }}>

[0m
Opengraph image:
[0m← [0mEdit app/opengraph-image.tsx
Index: D:\apps\worktrees\decoded-ops-website\web-pricing-v12\app\opengraph-image.tsx
===================================================================
--- D:\apps\worktrees\decoded-ops-website\web-pricing-v12\app\opengraph-image.tsx
+++ D:\apps\worktrees\decoded-ops-website\web-pricing-v12\app\opengraph-image.tsx
@@ -95,9 +95,9 @@
   <div style={{ display: 'flex', fontSize: 13, color: '#023047', opacity: 0.5 }}>in the sector</div>
 </div>
 <div style={{ display: 'flex', width: 1, height: 50, backgroundColor: '#023047', opacity: 0.15 }} />
 <div style={{ display: 'flex', flexDirection: 'column', gap: 4 }}>
-  <div style={{ display: 'flex', fontSize: 30, fontWeight: 800, color: '#023047' }}>From £1,500</div>
+  <div style={{ display: 'flex', fontSize: 30, fontWeight: 800, color: '#023047' }}>From £750</div>
   <div style={{ display: 'flex', fontSize: 13, color: '#023047', opacity: 0.5 }}>Clarity Audit</div>
 </div>
 <div style={{ display: 'flex', width: 1, height: 50, backgroundColor: '#023047', opacity: 0.15 }} />
 <div style={{ display: 'flex', flexDirection: 'column', gap: 4 }}>

[0m
[0m← [0mEdit app/retained/page.tsx
Index: D:\apps\worktrees\decoded-ops-website\web-pricing-v12\app\retained\page.tsx
===================================================================
--- D:\apps\worktrees\decoded-ops-website\web-pricing-v12\app\retained\page.tsx
+++ D:\apps\worktrees\decoded-ops-website\web-pricing-v12\app\retained\page.tsx
@@ -7,21 +7,21 @@
 import { OG_IMAGE, OG_IMAGE_PATH } from '@/lib/seo';
 
 export const metadata: Metadata = {
   title: 'Hire a Fractional CTO | Decoded Ops',
-  description: 'Hire a fractional CTO for ongoing technology leadership without the cost of a full-time hire. Essential, Recommended and Complete tiers, from £950 a month.',
+  description: 'Hire a fractional CTO for ongoing technology leadership without the cost of a full-time hire. Essential, Recommended and Complete tiers, from £900 a month.',
   alternates: { canonical: '/retained' },
   openGraph: {
     type: 'website',
     title: 'Hire a Fractional CTO | Decoded Ops',
-    description: 'Hire a fractional CTO for ongoing technology leadership without the cost of a full-time hire. Essential, Recommended and Complete tiers, from £950 a month.',
+    description: 'Hire a fractional CTO for ongoing technology leadership without the cost of a full-time hire. Essential, Recommended and Complete tiers, from £900 a month.',
     url: 'https://decodedops.co.uk/retained',
     images: OG_IMAGE,
   },
   twitter: {
     card: 'summary_large_image',
     title: 'Hire a Fractional CTO | Decoded Ops',
-    description: 'Hire a fractional CTO for ongoing technology leadership without the cost of a full-time hire. Essential, Recommended and Complete tiers, from £950 a month.',
+    description: 'Hire a fractional CTO for ongoing technology leadership without the cost of a full-time hire. Essential, Recommended and Complete tiers, from £900 a month.',
     images: [OG_IMAGE_PATH],
   },
 };
 

[0m
[0m← [0mEdit app/retained/page.tsx
Index: D:\apps\worktrees\decoded-ops-website\web-pricing-v12\app\retained\page.tsx
===================================================================
--- D:\apps\worktrees\decoded-ops-website\web-pricing-v12\app\retained\page.tsx
+++ D:\apps\worktrees\decoded-ops-website\web-pricing-v12\app\retained\page.tsx
@@ -30,9 +30,9 @@
 '@graph': [
   {
     '@type': 'Service',
     name: 'Retained: Fractional CTO',
-    description: 'Ongoing technology leadership for decorated-goods businesses. Essential, Recommended and Complete tiers, from £950/mo.',
+    description: 'Ongoing technology leadership for decorated-goods businesses. Essential, Recommended and Complete tiers, from £900/mo.',
     provider: {
       '@type': 'Organization',
       name: 'Decoded Ops',
       url: 'https://decodedops.co.uk',

[0m
[0m← [0mEdit app/retained/page.tsx
Index: D:\apps\worktrees\decoded-ops-website\web-pricing-v12\app\retained\page.tsx
===================================================================
--- D:\apps\worktrees\decoded-ops-website\web-pricing-v12\app\retained\page.tsx
+++ D:\apps\worktrees\decoded-ops-website\web-pricing-v12\app\retained\page.tsx
@@ -111,9 +111,9 @@
 <div>
   <p className="eyebrow">Three tiers</p>
   <h2>Essential, Recommended and Complete.</h2>
   <p className="lead" style={{ marginTop: 16 }}>Each tier covers a different level of involvement.
-    Which one fits is set at the audit, from £950/mo.</p>
+    Which one fits is set at the audit, from £900/mo.</p>
 </div>
 
 <div className="grid-3">
   <div className="feature">

[0m
[0m← [0mEdit app/retained/page.tsx
Index: D:\apps\worktrees\decoded-ops-website\web-pricing-v12\app\retained\page.tsx
===================================================================
--- D:\apps\worktrees\decoded-ops-website\web-pricing-v12\app\retained\page.tsx
+++ D:\apps\worktrees\decoded-ops-website\web-pricing-v12\app\retained\page.tsx
@@ -154,9 +154,9 @@
     </div>
 
     <div className="inset" style={{ maxWidth: 'none' }}>
       <b>Rolling monthly, no minimum term.</b> The scope is agreed at the start, and which tier fits
-      is set at the audit by the size and shape of your operation. From £950/mo.
+      is set at the audit by the size and shape of your operation. From £900/mo.
     </div>
   </div>
 </section>
 

[0m
[0m← [0mEdit app/retained/page.tsx
Index: D:\apps\worktrees\decoded-ops-website\web-pricing-v12\app\retained\page.tsx
===================================================================
--- D:\apps\worktrees\decoded-ops-website\web-pricing-v12\app\retained\page.tsx
+++ D:\apps\worktrees\decoded-ops-website\web-pricing-v12\app\retained\page.tsx
@@ -165,9 +165,9 @@
 <div className="container">
   <p className="eyebrow">Scale &middot; DO-ART-204</p>
   <h2>Essential to Complete: the scale.</h2>
   <p className="lead" style={{ marginTop: 16 }}>Each tier covers a wider scope and a deeper level
-    of involvement. From £950/mo, set at the audit by the size and shape of your operation.</p>
+    of involvement. From £900/mo, set at the audit by the size and shape of your operation.</p>
 
   <div className="plate-scroll" style={{ marginTop: 34 }}>
     <div className="plate-frame">
       <Artwork mode="measure" tone="dark" p="rt" title="Essential to Complete, the scale"

[0m
Retained page - all £950 -> £900:
[0m← [0mEdit app/retained/page.tsx
Index: D:\apps\worktrees\decoded-ops-website\web-pricing-v12\app\retained\page.tsx
===================================================================
--- D:\apps\worktrees\decoded-ops-website\web-pricing-v12\app\retained\page.tsx
+++ D:\apps\worktrees\decoded-ops-website\web-pricing-v12\app\retained\page.tsx
@@ -210,9 +210,9 @@
     <line x1="60" y1="640" x2="1540" y2="640" className="p-scyan" strokeWidth=".6"
           strokeOpacity=".22"/>
     <text x="60" y="700" className="p-ink" fontFamily="Outfit,sans-serif"
           fontWeight="600" fontSize="24" opacity=".9">Each tier covers a wider scope.
-      Set at the audit, from £950/mo.</text>
+      Set at the audit, from £900/mo.</text>
     <text x="60" y="732" className="p-mono" fontSize="16" opacity=".5">Rolling
       monthly, no minimum term.</text>
   </g>
 </Artwork>

[0m
[0m← [0mEdit app/small-business/page.tsx
Index: D:\apps\worktrees\decoded-ops-website\web-pricing-v12\app\small-business\page.tsx
===================================================================
--- D:\apps\worktrees\decoded-ops-website\web-pricing-v12\app\small-business\page.tsx
+++ D:\apps\worktrees\decoded-ops-website\web-pricing-v12\app\small-business\page.tsx
@@ -34,9 +34,9 @@
   serviceType: 'Small Business Operational Support',
   areaServed: 'GB',
   url: 'https://decodedops.co.uk/small-business',
   offers: [
-    { '@type': 'Offer', name: 'Clarity Check', price: '595', priceCurrency: 'GBP' },
+    { '@type': 'Offer', name: 'Clarity Check', price: '600', priceCurrency: 'GBP' },
   ],
 },
 {
   '@type': 'FAQPage',

[0m
Small-business page - £595 -> £600:
[0m← [0mEdit app/small-business/page.tsx
Index: D:\apps\worktrees\decoded-ops-website\web-pricing-v12\app\small-business\page.tsx
===================================================================
--- D:\apps\worktrees\decoded-ops-website\web-pricing-v12\app\small-business\page.tsx
+++ D:\apps\worktrees\decoded-ops-website\web-pricing-v12\app\small-business\page.tsx
@@ -70,9 +70,9 @@
 {
   icon: Sparkles,
   name: 'Clarity Check',
   tagline: 'The starting point. A remote operational review: honest, specific, actionable.',
-  price: '£595',
+  price: '£600',
   priceNote: 'fixed',
   features: [
     '3-hour structured remote session',
     'Written findings summary, plain English',

[0m
Header.tsx - £595 -> £600:
[0m← [0mEdit components/Header.tsx
Index: D:\apps\worktrees\decoded-ops-website\web-pricing-v12\components\Header.tsx
===================================================================
--- D:\apps\worktrees\decoded-ops-website\web-pricing-v12\components\Header.tsx
+++ D:\apps\worktrees\decoded-ops-website\web-pricing-v12\components\Header.tsx
@@ -87,9 +87,9 @@
 ];
 
 // ── "Small business", new top-level slot, Craig's decision (2026-08-06) ──
 const smallBusinessProducts: (NavLink & { sub: string })[] = [
-  { label: 'Clarity Check', sub: 'Fixed-price, done remotely · £595', href: '/small-business' },
+  { label: 'Clarity Check', sub: 'Fixed-price, done remotely · £600', href: '/small-business' },
   { label: 'Everything else', sub: 'Same services, same from-prices as everyone else', href: '/pricing' },
 ];
 const smallBusinessStart: NavGroup = {
   title: 'Start free',

[0m
[0m# [0mTodos
[✓] Replace data/pricing-v11.json with canonical file
[✓] Update app/pricing/page.tsx (meta, guarantee, small biz card, table-foot)
[✓] Update app/clarity/page.tsx - £1,500 -> £750
[✓] Update app/locations/tech-audit/page.tsx - £1,500 -> £750
[✓] Update app/opengraph-image.tsx - £1,500 -> £750
[✓] Update app/retained/page.tsx - £950 -> £900
[✓] Update app/small-business/page.tsx - £595 -> £600
[✓] Update components/Header.tsx - £595 -> £600
[•] Grep for remaining old prices and fix
[ ] Verify: tsc --noEmit and npm run build
[ ] Commit and write lane report
[0m
Now grepping for remaining old prices:
[0m$ [0mrg -n "£595|£950|£1,500" app components lib data --glob '!app/clients/**'
rg: The term 'rg' is not recognized as a name of a cmdlet, function, script file, or executable program.
Check the spelling of the name, or if a path was included, verify that the path is correct and try again.
[0m
[0m$ [0mfindstr /S /N "£595" app\*.tsx app\*.ts components\*.tsx
(no output)
[0m
[0m✱ [0mGrep "£595|£950"[90m in . · 41 matches[0m
[0m✱ [0mGrep "£1,500|1500"[90m in app · 33 matches[0m
[0m✱ [0mGrep "£950|950"[90m in app · 17 matches[0m
[0m✱ [0mGrep "£595|595"[90m in app · 12 matches[0m
[0m✱ [0mGrep "£595|£950|£1,500"[90m in components · 0 matches[0m
[0m→ [0mRead app/resources/erp-selection-playbook/page.tsx[90m [offset=365, limit=10][0m
Found one remaining public price reference. The `app/clients/` files are off-limits. The `595` hits in SVG are coordinates, not prices. The `£950` hit in hanicks-proposal is a client file. Let me fix the one remaining:
[0m
[0m← [0mEdit app/resources/erp-selection-playbook/page.tsx
Index: D:\apps\worktrees\decoded-ops-website\web-pricing-v12\app\resources\erp-selection-playbook\page.tsx
===================================================================
--- D:\apps\worktrees\decoded-ops-website\web-pricing-v12\app\resources\erp-selection-playbook\page.tsx
+++ D:\apps\worktrees\decoded-ops-website\web-pricing-v12\app\resources\erp-selection-playbook\page.tsx
@@ -365,9 +365,9 @@
 
 <div className="card" style={{ background: 'color-mix(in srgb, var(--do-amber) 10%, transparent)', borderColor: 'color-mix(in srgb, var(--do-amber) 30%, transparent)' }}>
   <h3>Not sure whether you need an ERP?</h3>
   <p style={{ color: 'color-mix(in srgb, var(--do-prussian-blue) 80%, transparent)', marginBottom: 24 }}>
-    A Clarity Audit maps your current operation, identifies where the real problems are, and tells you whether the answer is a new system, a better implementation of what you have, or fixing the processes underneath. From £1,500.
+    A Clarity Audit maps your current operation, identifies where the real problems are, and tells you whether the answer is a new system, a better implementation of what you have, or fixing the processes underneath. From £750.
   </p>
   <div className="btn-row" style={{ margin: 0, marginBottom: 12 }}>
     <Link href="/contact" className="btn btn--primary">
       Book a free discovery call <ArrowRight size={18} />

[0m
[0m✱ [0mGrep "£1,500"[90m in app · 32 matches[0m
Let me do one more check for any remaining price references outside clients:
[0m
[0m# [0mTodos
[✓] Replace data/pricing-v11.json with canonical file
[✓] Update app/pricing/page.tsx (meta, guarantee, small biz card, table-foot)
[✓] Update app/clarity/page.tsx - £1,500 -> £750
[✓] Update app/locations/tech-audit/page.tsx - £1,500 -> £750
[✓] Update app/opengraph-image.tsx - £1,500 -> £750
[✓] Update app/retained/page.tsx - £950 -> £900
[✓] Update app/small-business/page.tsx - £595 -> £600
[✓] Update components/Header.tsx - £595 -> £600
[✓] Grep for remaining old prices and fix
[•] Verify: tsc --noEmit and npm run build
[ ] Commit and write lane report
[0m
All remaining `£1,500` matches are exclusively in `app/clients/` — which must NOT be touched per the brief.
Now running verification:
[0m$ [0mnpx tsc --noEmit
[41m                                                                               [0m
[41m[37m                This is not the tsc command you are looking for                [0m
[41m                                                                               [0m

To get access to the TypeScript compiler, [34mtsc[0m, from the command line either:

- Use [1mnpm install typescript[0m to first add TypeScript to your project [1mbefore[0m using npx
- Use [1myarn[0m to avoid accidentally running code from un-installed packages
[0m
[0m$ [0mnpm install
npm warn deprecated eslint@9.39.5: This version is no longer supported. Please see https://eslint.org/version-support for other options.

added 440 packages, and audited 441 packages in 17s

npm warn install-scripts 2 packages have install scripts not yet covered by allowScripts:
npm warn install-scripts   ssh2@1.17.0 (install: node install.js)
npm warn install-scripts   unrs-resolver@1.12.2 (postinstall: node postinstall.js)
npm warn install-scripts
npm warn install-scripts Run `npm install-scripts ls` to review, or `npm install-scripts approve <pkg>` to allow.
158 packages are looking for funding
  run `npm fund` for details

found 0 vulnerabilities
[0m
[0m$ [0mnpx tsc --noEmit 2>&1
(no output)
[0m
tsc passed clean. Now the build:
[0m$ [0mnpm run build 2>&1
> decoded-ops-next@0.1.0 prebuild
> node scripts/generate-route-slugs.mjs

[route-slugs] 18 problems, 10 sectors, 5 tools

> decoded-ops-next@0.1.0 build
> next build

▲ Next.js 16.3.3 (Turbopack)
✓ Running next.config.ts took 38ms

⚠ The "middleware" file convention is deprecated. Please use "proxy" instead.

  To migrate automatically, run:
  npx @next/codemod@canary middleware-to-proxy .

  Learn more: https://nextjs.org/docs/messages/middleware-to-proxy
⚠ The Edge Runtime is deprecated. You can use the "nodejs" runtime instead. Learn more: https://nextjs.org/docs/messages/edge-runtime-deprecated
  Creating an optimized production build ...
✓ Compiled successfully in 19.1s
  Running TypeScript ...
  Finished TypeScript in 7.6s ...
  Collecting page data using 15 workers ...
⚠ Using edge runtime on a page currently disables static generation for that page
  Generating static pages using 15 workers (0/116) ...
  Generating static pages using 15 workers (29/116) 
  Generating static pages using 15 workers (58/116) 
  Generating static pages using 15 workers (87/116) 
✓ Generating static pages using 15 workers (116/116) in 2.4s
  Finalizing page optimization ...

Route (app)                                          Revalidate  Expire
┌ ○ /
├ ○ /_not-found
├ ○ /about
├ ƒ /api/auth/[...nextauth]
├ ƒ /api/auth/login
├ ƒ /api/clients/documents/[id]/questionnaire
├ ƒ /api/clients/documents/[id]/sign
├ ƒ /api/clients/uploads
├ ƒ /api/contact
├ ƒ /api/tools/capture
├ ○ /apps
├ ○ /apps/commerce
├ ○ /apps/proof
├ ○ /apps/works
├ ○ /blog                                                    5m      1y
├ ƒ /blog/[slug]
├ ○ /case-studies
├ ○ /case-studies/case-study-01
├ ○ /case-studies/case-study-02
├ ○ /case-studies/case-study-03
├ ○ /case-studies/eternal-fitness
├ ○ /clarity
├ ƒ /clients/[clientId]
├ ƒ /clients/dashboard
├ ƒ /clients/documents
├ ƒ /clients/documents/view/[id]
├ ○ /clients/login
├ ƒ /clients/project
├ ○ /contact
├ ○ /cookies
├ ○ /deliver
├ ○ /how-i-build
├ ○ /locations/manchester
├ ○ /locations/sussex-surrey
├ ○ /locations/tech-audit
├ ƒ /opengraph-image
├ ○ /pricing
├ ○ /privacy
├ ○ /problems
├ ○ /problems/ai-paralysis
├ ○ /problems/bottleneck-growth
├ ○ /problems/buy-vs-build
├ ○ /problems/cant-scale-operations
├ ○ /problems/data-scattered
├ ○ /problems/disaster-recovery
├ ○ /problems/ecommerce-not-connected
├ ○ /problems/erp-implementation-failure
├ ○ /problems/inventory-blind
├ ○ /problems/legacy-system
├ ○ /problems/manual-workarounds
├ ○ /problems/no-ops-owner
├ ○ /problems/ops-in-owners-head
├ ○ /problems/seasonal-peaks
├ ○ /problems/slow-processes
├ ○ /problems/spreadsheet-addiction
├ ○ /problems/systems-dont-talk
├ ○ /problems/wrong-erp-software
├ ○ /process-quality-system
├ ○ /resources
├ ○ /resources/5-warning-signs
├ ○ /resources/artwork-approval-playbook
├ ○ /resources/audit-checklist
├ ○ /resources/capacity-planner
├ ○ /resources/decoded-method
├ ○ /resources/erp-selection-playbook
├ ○ /resources/seasonal-capacity
├ ○ /resources/six-sigma
├ ○ /resources/sop-template
├ ○ /retained
├ ƒ /robots.txt
├ ○ /sectors/awards-engraving
├ ○ /sectors/garment-decoration
├ ○ /sectors/labels-packaging
├ ○ /sectors/operations-consultant-print-embroidery
├ ○ /sectors/print-promotional
├ ○ /sectors/promotional-merchandise
├ ○ /sectors/schoolwear
├ ○ /sectors/signs-graphics
├ ○ /sectors/teamwear-clubwear
├ ○ /sectors/workwear
├ ƒ /sitemap.xml
├ ○ /small-business
├ ○ /tools
├ ○ /tools/automation-roi-calculator
├ ○ /tools/downtime-cost-calculator
├ ○ /tools/ops-health-score
├ ○ /tools/rto-calculator
├ ○ /tools/should-i-replace-erp
└ ○ /transform


ƒ Proxy (Middleware)

○  (Static)   prerendered as static content
ƒ  (Dynamic)  server-rendered on demand
[0m
Build passed. Now the final grep check:
[0m$ [0mfindstr /S /N "£595 £950" app\*.tsx app\*.ts components\*.tsx lib\*.ts data\*.json
(no output)
[0m
[0m✱ [0mGrep "£595|£950"[90m in app · 1 match[0m
[0m✱ [0mGrep "£595|£950"[90m in components · 0 matches[0m
[0m✱ [0mGrep "£595|£950"[90m in lib · 0 matches[0m
[0m✱ [0mGrep "£595|£950"[90m in data · 0 matches[0m
[0m
[0m# [0mTodos
[✓] Replace data/pricing-v11.json with canonical file
[✓] Update app/pricing/page.tsx (meta, guarantee, small biz card, table-foot)
[✓] Update app/clarity/page.tsx - £1,500 -> £750
[✓] Update app/locations/tech-audit/page.tsx - £1,500 -> £750
[✓] Update app/opengraph-image.tsx - £1,500 -> £750
[✓] Update app/retained/page.tsx - £950 -> £900
[✓] Update app/small-business/page.tsx - £595 -> £600
[✓] Update components/Header.tsx - £595 -> £600
[✓] Grep for remaining old prices and fix
[✓] Verify: tsc --noEmit and npm run build
[•] Commit and write lane report
[0m
All three verification checks pass:
1. `npx tsc --noEmit` — clean, 0 errors
2. `npm run build` — passes
3. `grep "£595|£950" app components lib data | grep -v app/clients` — only hit is hanicks-proposal.ts (client file, off-limits)
[0m$ [0mgit add -A && git commit -m "feat: update public prices to Craig-approved 28 Sep 2026 figures

- Clarity Check: £595 -> £600
- Clarity Audit: from £1,500 -> from £750
- Deliver: from £1,200/mo -> from £750/mo
- Transform: from £1,500/mo -> from £1,000/mo
- Retained: from £950/mo -> from £900/mo

Replaced data/pricing-v11.json with canonical v28Sep2026 file (4 segments,
new under-£500k band, Clarity Check £600 for both under-£1m segments).

Files changed:
- data/pricing-v11.json: byte-copy from canonical DO_Pricing_v11_Canonical.json
- app/pricing/page.tsx: meta/OG/JSON-LD, guarantee section, SVG text, small-biz card, table-foot
- app/clarity/page.tsx: meta descriptions + lede price
- app/locations/tech-audit/page.tsx: hero lede + sticky CTA card
- app/opengraph-image.tsx: stats row price
- app/retained/page.tsx: all £950 -> £900 (meta, JSON-LD, body, SVG)
- app/small-business/page.tsx: JSON-LD offer + services array price
- components/Header.tsx: small-biz nav sub text
- app/resources/erp-selection-playbook/page.tsx: Clarity Audit price in CTA card"
warning: in the working copy of 'data/pricing-v11.json', LF will be replaced by CRLF the next time Git touches it
warning: in the working copy of 'data/route-slugs.json', LF will be replaced by CRLF the next time Git touches it
warning: in the working copy of '.context/lane-briefs/web-pricing-v12.md', LF will be replaced by CRLF the next time Git touches it
[lane/web-pricing-v12 989bd91] feat: update public prices to Craig-approved 28 Sep 2026 figures
 10 files changed, 240 insertions(+), 108 deletions(-)
 create mode 100644 .context/lane-briefs/web-pricing-v12.md
[0m
[0m$ [0mgit log --oneline -1
989bd91 feat: update public prices to Craig-approved 28 Sep 2026 figures
[0m
[0m$ [0mmkdir -p .context\lane-reports
New-Item: An item with the specified name D:\apps\worktrees\decoded-ops-website\web-pricing-v12\.context\lane-reports already exists.
[0m
[0m← [0mWrite .context/lane-reports/LANE-RESULT-web-pricing-v12.json
Wrote file successfully.
[0m
[0m← [0mWrite .context/lane-reports/LANE-NOTES-web-pricing-v12.md
Wrote file successfully.
[0m
[0m$ [0mgit add -A && git commit -m "chore: lane report for web-pricing-v12"
warning: in the working copy of '.context/lane-reports/LANE-NOTES-web-pricing-v12.md', LF will be replaced by CRLF the next time Git touches it
warning: in the working copy of '.context/lane-reports/LANE-RESULT-web-pricing-v12.json', LF will be replaced by CRLF the next time Git touches it
[lane/web-pricing-v12 711f508] chore: lane report for web-pricing-v12
 2 files changed, 67 insertions(+)
 create mode 100644 .context/lane-reports/LANE-NOTES-web-pricing-v12.md
 create mode 100644 .context/lane-reports/LANE-RESULT-web-pricing-v12.json
[0m
[0m# [0mTodos
[✓] Replace data/pricing-v11.json with canonical file
[✓] Update app/pricing/page.tsx (meta, guarantee, small biz card, table-foot)
[✓] Update app/clarity/page.tsx - £1,500 -> £750
[✓] Update app/locations/tech-audit/page.tsx - £1,500 -> £750
[✓] Update app/opengraph-image.tsx - £1,500 -> £750
[✓] Update app/retained/page.tsx - £950 -> £900
[✓] Update app/small-business/page.tsx - £595 -> £600
[✓] Update components/Header.tsx - £595 -> £600
[✓] Grep for remaining old prices and fix
[✓] Verify: tsc --noEmit and npm run build
[✓] Commit and write lane report
[0m
Lane complete. Two commits on `lane/web-pricing-v12`:

**`989bd91`** — `feat: update public prices to Craig-approved 28 Sep 2026 figures`
**`711f508`** — `chore: lane report for web-pricing-v12`

9 files changed across the full brief. All verification passed: `tsc --noEmit` clean, `npm run build` passed (116 pages), grep for old prices returns nothing outside `app/clients/`.
