[0m
> build · mimo-v2.5
[0m
[0m→ [0mRead .context/lane-briefs/web-c-build-d17-fix2.md
[0m→ [0mRead .context/lane-briefs/web-c-build-d17.md
[0m→ [0mRead app/contact/ContactClient.tsx
[0m→ [0mRead app/contact/page.tsx
[0m✱ [0mGlob "app/contact/**/*.css"[90m in . · 0 matches[0m
[0m→ [0mRead app/d17-art.module.css
[0m✱ [0mGrep "@media.*640|min-width.*640|max-width.*640"[90m in app · 2 matches[0m
[0m✱ [0mGrep "grid-template-columns.*1fr 1fr|grid--2|grid--3"[90m in app · 13 matches[0m
Now let me check what responsive patterns already exist in globals.css and understand the grid/wrap classes:
[0m✱ [0mGrep "\.wrap\b|\.grid\b|\.grid--"[90m in app · 2 matches[0m
[0m✱ [0mGrep "\.wrap\s*\{"[90m in . · 6 matches[0m
Let me check how `wrap` and `g-off` work, and what the current globals.css structure looks like:
[0m✱ [0mGrep "\.g-off|\.g-navy"[90m in . · 36 matches[0m
[0m
[0m← [0mEdit app/contact/ContactClient.tsx
Index: D:\apps\worktrees\decoded-ops-website\web-c-build-d17\app\contact\ContactClient.tsx
===================================================================
--- D:\apps\worktrees\decoded-ops-website\web-c-build-d17\app\contact\ContactClient.tsx
+++ D:\apps\worktrees\decoded-ops-website\web-c-build-d17\app\contact\ContactClient.tsx
@@ -70,9 +70,9 @@
 <>
   {/* HERO */}
   <section className="g-off">
     <div className="wrap">
-      <div style={{ display: 'grid', gridTemplateColumns: '1fr 1fr', gap: 'clamp(48px, 8vw, 64px)', alignItems: 'center' }}>
+      <div className={d17.contactHero}>
         <div>
           <span className="eyebrow" style={{ marginBottom: 22 }}>Get in touch</span>
           <h1 className="h1">Start with a free <em>60-minute call.</em></h1>
           <p className="lede">

[0m
Now I have a clear picture. The fix needs:

1. Hero grid (line 74): `gridTemplateColumns: '1fr 1fr'` inline → add CSS class, stack below 640px
2. Form name+email row (line 140): same issue
3. Form wrapper (line 116): needs `min-width:0` / overflow containment
4. Check DO-ART-920 panel and other sections

DO-ART-920 already has responsive rules at 760px in the module CSS. The "What to expect" grid uses `grid grid--3` which stacks at 760px. The main issue is the hero and form inline grids.

Let me commit the fix first, then verify:
[0m← [0mEdit app/contact/ContactClient.tsx
Index: D:\apps\worktrees\decoded-ops-website\web-c-build-d17\app\contact\ContactClient.tsx
===================================================================
--- D:\apps\worktrees\decoded-ops-website\web-c-build-d17\app\contact\ContactClient.tsx
+++ D:\apps\worktrees\decoded-ops-website\web-c-build-d17\app\contact\ContactClient.tsx
@@ -70,9 +70,9 @@
 <>
   {/* HERO */}
   <section className="g-off">
     <div className="wrap">
-      <div className={d17.contactHero}>
+      <div className={d17.contactHero} style={{ gap: 'clamp(48px, 8vw, 64px)', alignItems: 'center' }}>
         <div>
           <span className="eyebrow" style={{ marginBottom: 22 }}>Get in touch</span>
           <h1 className="h1">Start with a free <em>60-minute call.</em></h1>
           <p className="lede">

[0m
Now fix the form wrapper and form grid:
[0m← [0mEdit app/contact/ContactClient.tsx
Index: D:\apps\worktrees\decoded-ops-website\web-c-build-d17\app\contact\ContactClient.tsx
===================================================================
--- D:\apps\worktrees\decoded-ops-website\web-c-build-d17\app\contact\ContactClient.tsx
+++ D:\apps\worktrees\decoded-ops-website\web-c-build-d17\app\contact\ContactClient.tsx
@@ -112,9 +112,9 @@
   </div>
 </div>
 
 {/* Form */}
-<div style={{ background: 'var(--do-white)', borderRadius: 'var(--do-radius-2xl)', border: '1px solid var(--do-border-subtle)', boxShadow: 'var(--do-shadow-sm)', padding: 32 }}>
+<div className={d17.contactFormCard}>
   <div style={{ display: 'inline-flex', alignItems: 'center', gap: 8, padding: '6px 14px', borderRadius: 'var(--do-radius-full)', background: 'color-mix(in srgb, var(--do-prussian-blue) 10%, transparent)', border: '1px solid color-mix(in srgb, var(--do-prussian-blue) 20%, transparent)', marginBottom: 24 }}>
     <MessageSquare size={12} style={{ color: 'var(--do-text-primary)' }} />
     <span style={{ fontSize: 'var(--do-text-xs)', fontWeight: 'var(--do-weight-semibold)', textTransform: 'uppercase', letterSpacing: 'var(--do-tracking-wider)', color: 'var(--do-text-primary)' }}>Send a message</span>
   </div>

[0m
[0m← [0mEdit app/contact/ContactClient.tsx
Index: D:\apps\worktrees\decoded-ops-website\web-c-build-d17\app\contact\ContactClient.tsx
===================================================================
--- D:\apps\worktrees\decoded-ops-website\web-c-build-d17\app\contact\ContactClient.tsx
+++ D:\apps\worktrees\decoded-ops-website\web-c-build-d17\app\contact\ContactClient.tsx
@@ -136,9 +136,9 @@
   </div>
 )}
 
 <form style={{ display: 'flex', flexDirection: 'column', gap: 16 }} onSubmit={handleSubmit}>
-  <div style={{ display: 'grid', gridTemplateColumns: '1fr 1fr', gap: 16 }}>
+  <div className={d17.contactFormRow}>
     <div>
       <label style={{ display: 'block', fontSize: 'var(--do-text-sm)', fontWeight: 'var(--do-weight-medium)', color: 'var(--do-text-primary)', marginBottom: 6 }}>Your name</label>
       <input
         type="text"

[0m
Now add the CSS classes to the module file. I'll add them before the responsive section:
[0m← [0mEdit app/d17-art.module.css
Index: D:\apps\worktrees\decoded-ops-website\web-c-build-d17\app\d17-art.module.css
===================================================================
--- D:\apps\worktrees\decoded-ops-website\web-c-build-d17\app\d17-art.module.css
+++ D:\apps\worktrees\decoded-ops-website\web-c-build-d17\app\d17-art.module.css
@@ -329,8 +329,13 @@
 @keyframes d17Draw { from { stroke-dashoffset: 1 } to { stroke-dashoffset: 0 } }
 @keyframes d17Grow { from { transform: scaleY(0) } }
 @keyframes d17Pop { from { opacity: 0; transform: scale(.4) } }
 
+/* ─── contact page mobile overflow fix ─── */
+.contactHero { display: grid; grid-template-columns: 1fr 1fr }
+.contactFormCard { background: var(--do-white); border-radius: var(--do-radius-2xl); border: 1px solid var(--do-border-subtle); box-shadow: var(--do-shadow-sm); padding: 32px; min-width: 0; overflow: hidden }
+.contactFormRow { display: grid; grid-template-columns: 1fr 1fr; gap: 16px }
+
 /* ─── responsive ─── */
 @media (max-width: 760px) {
   .a917 { grid-template-columns: 1fr; padding: 28px 18px 26px; gap: 26px }
   .a917::before { background: linear-gradient(180deg, var(--do-prussian-blue) 0%, color-mix(in srgb, var(--do-prussian-blue) 72%, transparent) 100%) }

[0m
[0m→ [0mRead app/d17-art.module.css[90m [offset=370][0m
Now add the responsive rules at the end of the file:
[0m
[0m← [0mEdit app/d17-art.module.css
Index: D:\apps\worktrees\decoded-ops-website\web-c-build-d17\app\d17-art.module.css
===================================================================
--- D:\apps\worktrees\decoded-ops-website\web-c-build-d17\app\d17-art.module.css
+++ D:\apps\worktrees\decoded-ops-website\web-c-build-d17\app\d17-art.module.css
@@ -380,4 +380,9 @@
   .a920 .note { right: 16px; top: 18px; width: 190px }
   .a920 .copy { padding: 230px 20px 76px }
   .a920 .d17MarkAbs { left: 20px; right: auto }
 }
+@media (max-width: 640px) {
+  .contactHero { grid-template-columns: 1fr }
+  .contactFormRow { grid-template-columns: 1fr }
+  .contactFormCard { padding: 20px }
+}

[0m
[0m→ [0mRead app/contact/ContactClient.tsx[90m [offset=69, limit=55][0m
Let me verify the edit looks correct and then run tsc:
[0m→ [0mRead app/contact/ContactClient.tsx[90m [limit=20, offset=138][0m
Good, the edits look correct. Now let me commit and verify:
[0m
[0m$ [0mnpx tsc --noEmit 2>&1
(no output)
[0m
tsc clean. Now commit:
[0m$ [0mgit add app/contact/ContactClient.tsx app/d17-art.module.css && git commit -m "fix(web): contact page stacks on mobile (no horizontal overflow)"
warning: in the working copy of 'app/d17-art.module.css', LF will be replaced by CRLF the next time Git touches it
[web-c-build-d17 8101f0d] fix(web): contact page stacks on mobile (no horizontal overflow)
 2 files changed, 13 insertions(+), 3 deletions(-)
[0m
[0m$ [0mgit log --oneline -1
8101f0d fix(web): contact page stacks on mobile (no horizontal overflow)
[0m
[0m$ [0mmkdir -p .context/lane-reports
New-Item: An item with the specified name D:\apps\worktrees\decoded-ops-website\web-c-build-d17\.context\lane-reports already exists.
[0m
[0m← [0mWrite .context/lane-reports/LANE-RESULT-web-c-build-d17-fix2.json
Wrote file successfully.
[0m
[0m← [0mWrite .context/lane-reports/LANE-NOTES-web-c-build-d17-fix2.md
Wrote file successfully.
[0m
[0m$ [0mgit add .context/lane-reports/ && git commit -m "docs: lane report for web-c-build-d17-fix2"
warning: in the working copy of '.context/lane-reports/LANE-NOTES-web-c-build-d17-fix2.md', LF will be replaced by CRLF the next time Git touches it
warning: in the working copy of '.context/lane-reports/LANE-RESULT-web-c-build-d17-fix2.json', LF will be replaced by CRLF the next time Git touches it
[web-c-build-d17 54f6fa6] docs: lane report for web-c-build-d17-fix2
 2 files changed, 61 insertions(+)
 create mode 100644 .context/lane-reports/LANE-NOTES-web-c-build-d17-fix2.md
 create mode 100644 .context/lane-reports/LANE-RESULT-web-c-build-d17-fix2.json
[0m
[0m$ [0mgit log --oneline -3
54f6fa6 docs: lane report for web-c-build-d17-fix2
8101f0d fix(web): contact page stacks on mobile (no horizontal overflow)
8cfbeb3 chore: lane brief web-c-build-d17-fix2
[0m
Done. Two commits:

1. **`8101f0d`** `fix(web): contact page stacks on mobile (no horizontal overflow)` — moved the hero grid and form name/email row from inline `gridTemplateColumns: '1fr 1fr'` to CSS module classes (`.contactHero`, `.contactFormRow`, `.contactFormCard`) with a `@media (max-width: 640px)` breakpoint that stacks both to single column. Form card gets `min-width: 0; overflow: hidden`. DO-ART-920 and "What to expect" cards were already responsive.

2. **`54f6fa6`** lane reports committed.

`npx tsc --noEmit` clean. No desktop layout or copy changes.
