[0m
> build · mimo-v2.5
[0m
[0m→ [0mRead .context/lane-briefs/BRIEF-web066-art976.md
[0m
[0m$ [0mdir /b /a .context
Get-ChildItem: A positional parameter cannot be found that accepts argument '.context'.
[0m
[0m→ [0mRead app/problems/systems-dont-talk/page.tsx
[0m
[0m$ [0mdir /b /a .context
Get-ChildItem: A positional parameter cannot be found that accepts argument '.context'.
[0m
[0m$ [0mGet-ChildItem -Path ".context" -Force -Directory | Select-Object -ExpandProperty Name
_archive
lane-briefs
lane-reports
lanes
plate-batch-2026-08-07
tools
worktree-salvage
[0m
[0m✱ [0mGrep "--do-amber|--do-yellow|--amber|--yellow"[90m in app · 100 matches[0m
Good — `--do-amber` is the token. Now I'll make all three changes.
[0m
[0m← [0mEdit app/problems/systems-dont-talk/page.tsx
Index: D:\apps\worktrees\decoded-ops-website\web066-art976\app\problems\systems-dont-talk\page.tsx
===================================================================
--- D:\apps\worktrees\decoded-ops-website\web066-art976\app\problems\systems-dont-talk\page.tsx
+++ D:\apps\worktrees\decoded-ops-website\web066-art976\app\problems\systems-dont-talk\page.tsx
@@ -66,13 +66,13 @@
 <path class="ln-d" d="M280 160 V200"/>
 <path class="ln-d" d="M420 160 V200"/>
 <path class="ln-d" d="M210 310 V280"/>
 <path class="ln-d" d="M350 310 V280"/>
-<g class="m-rise" style="animation-delay:0.10s"><rect class="bx" x="60" y="106" width="160" height="54" rx="10"/><text class="t" x="140" y="140" text-anchor="middle" style="font-size:16px;font-weight:700">Orders</text></g>
-<g class="m-rise" style="animation-delay:0.18s"><rect class="bx" x="200" y="106" width="160" height="54" rx="10"/><text class="t" x="280" y="140" text-anchor="middle" style="font-size:16px;font-weight:700">Accounts</text></g>
-<g class="m-rise" style="animation-delay:0.26s"><rect class="bx" x="340" y="106" width="160" height="54" rx="10"/><text class="t" x="420" y="140" text-anchor="middle" style="font-size:16px;font-weight:700">Artwork</text></g>
-<g class="m-rise" style="animation-delay:0.34s"><rect class="bx" x="130" y="310" width="160" height="54" rx="10"/><text class="t" x="210" y="344" text-anchor="middle" style="font-size:16px;font-weight:700">Despatch</text></g>
-<g class="m-rise" style="animation-delay:0.42s"><rect class="bx" x="270" y="310" width="160" height="54" rx="10"/><text class="t" x="350" y="344" text-anchor="middle" style="font-size:16px;font-weight:700">Website</text></g>
+<g class="m-rise" style="animation-delay:0.10s"><rect class="bx" x="80" y="106" width="120" height="54" rx="10"/><text class="t" x="140" y="140" text-anchor="middle" style="font-size:16px;font-weight:700">Orders</text></g>
+<g class="m-rise" style="animation-delay:0.18s"><rect class="bx" x="220" y="106" width="120" height="54" rx="10"/><text class="t" x="280" y="140" text-anchor="middle" style="font-size:16px;font-weight:700">Accounts</text></g>
+<g class="m-rise" style="animation-delay:0.26s"><rect class="bx" x="360" y="106" width="120" height="54" rx="10"/><text class="t" x="420" y="140" text-anchor="middle" style="font-size:16px;font-weight:700">Artwork</text></g>
+<g class="m-rise" style="animation-delay:0.34s"><rect class="bx" x="150" y="310" width="120" height="54" rx="10"/><text class="t" x="210" y="344" text-anchor="middle" style="font-size:16px;font-weight:700">Despatch</text></g>
+<g class="m-rise" style="animation-delay:0.42s"><rect class="bx" x="290" y="310" width="120" height="54" rx="10"/><text class="t" x="350" y="344" text-anchor="middle" style="font-size:16px;font-weight:700">Website</text></g>
 <g class="m-pop" style="animation-delay:1.0s">
   <rect class="bx-x2" x="160" y="200" width="240" height="80" rx="12"/>
   <text class="t-h" x="280" y="236" text-anchor="middle" style="font-size:20px">The bridges</text>
   <text class="t-d" x="280" y="264" text-anchor="middle" style="font-size:16px">are people</text>

[0m
[0m← [0mEdit app/problems/systems-dont-talk/page.tsx
Index: D:\apps\worktrees\decoded-ops-website\web066-art976\app\problems\systems-dont-talk\page.tsx
===================================================================
--- D:\apps\worktrees\decoded-ops-website\web066-art976\app\problems\systems-dont-talk\page.tsx
+++ D:\apps\worktrees\decoded-ops-website\web066-art976\app\problems\systems-dont-talk\page.tsx
@@ -76,12 +76,12 @@
     <rect class="bx-x2" x="160" y="200" width="240" height="80" rx="12"/>
     <text class="t-h" x="280" y="236" text-anchor="middle" style="font-size:20px">The bridges</text>
     <text class="t-d" x="280" y="264" text-anchor="middle" style="font-size:16px">are people</text>
   </g>
-  <g class="m-pop" style="animation-delay:1.3s">
-    <text class="t-a" x="80" y="230" style="font-size:28px">👤</text>
-    <text class="t-a" x="260" y="190" style="font-size:28px">👤</text>
-    <text class="t-a" x="440" y="230" style="font-size:28px">👤</text>
+  <g class="m-pop" style="animation-delay:1.3s" fill="none" stroke="var(--do-amber, #FFB703)" stroke-width="2" stroke-linecap="round">
+    <g transform="translate(94 206)"><circle cx="0" cy="0" r="7"/><path d="M-12 24 C-12 13 -6 9 0 9 C6 9 12 13 12 24"/></g>
+    <g transform="translate(222 180)"><circle cx="0" cy="0" r="7"/><path d="M-12 24 C-12 13 -6 9 0 9 C6 9 12 13 12 24"/></g>
+    <g transform="translate(466 206)"><circle cx="0" cy="0" r="7"/><path d="M-12 24 C-12 13 -6 9 0 9 C6 9 12 13 12 24"/></g>
   </g>
   <text class="t-d" x="26" y="404" style="font-size:15px">Each island knows only what it is told. <tspan class="t-a">Nobody sees the whole picture.</tspan></text>
 </svg>
 <div class="sx-foot">

[0m
[0m$ [0mgit grep -nP "[\x{1F300}-\x{1FAFF}\x{2600}-\x{27BF}]" -- app components lib ':!app/clients' 2>&1
app/deco-page.module.css:80:.baColNow li::before{ content:'✕'; color:var(--do-orange) }
app/deco-page.module.css:81:.baColAfter li::before{ content:'✓'; color:var(--do-text-primary) }
[0m
Now run the emoji sweep and tsc in parallel.
[0m$ [0mnpx tsc --noEmit 2>&1
(no output)
[0m
tsc clean. The only sweep hits are `✕` and `✓` in CSS pseudo-elements — not emoji-presentation, safe to leave. Now build.
[0m$ [0mnpm run build 2>&1
> decoded-ops-next@0.1.0 prebuild
> node scripts/generate-route-slugs.mjs

[route-slugs] 18 problems, 10 sectors, 5 tools

> decoded-ops-next@0.1.0 build
> next build

▲ Next.js 16.3.3 (Turbopack)
✓ Running next.config.ts took 28ms

⚠ The "middleware" file convention is deprecated. Please use "proxy" instead.

  To migrate automatically, run:
  npx @next/codemod@canary middleware-to-proxy .

  Learn more: https://nextjs.org/docs/messages/middleware-to-proxy
⚠ The Edge Runtime is deprecated. You can use the "nodejs" runtime instead. Learn more: https://nextjs.org/docs/messages/edge-runtime-deprecated
  Creating an optimized production build ...
✓ Compiled successfully in 17.2s
  Running TypeScript ...
  Finished TypeScript in 6.7s ...
  Collecting page data using 15 workers ...
⚠ Using edge runtime on a page currently disables static generation for that page
  Generating static pages using 15 workers (0/173) ...
  Generating static pages using 15 workers (43/173) 
  Generating static pages using 15 workers (86/173) 
  Generating static pages using 15 workers (129/173) 
✓ Generating static pages using 15 workers (173/173) in 1091ms
  Finalizing page optimization ...

Route (app)                                          Revalidate  Expire
┌ ○ /
├ ○ /_not-found
├ ○ /about
├ ƒ /api/auth/[...nextauth]
├ ƒ /api/auth/login
├ ƒ /api/clients/documents/[id]/questionnaire
├ ƒ /api/clients/documents/[id]/sign
├ ƒ /api/clients/uploads
├ ƒ /api/contact
├ ƒ /api/tools/capture
├ ○ /apps
├ ○ /apps/commerce
├ ○ /apps/proof
├ ○ /apps/works
├ ○ /blog                                                    5m      1y
├ ƒ /blog/[slug]
├ ○ /case-studies
├ ○ /case-studies/case-study-01
├ ○ /case-studies/case-study-02
├ ○ /case-studies/case-study-03
├ ○ /case-studies/eternal-fitness
├ ○ /clarity
├ ƒ /clients/[clientId]
├ ƒ /clients/dashboard
├ ƒ /clients/documents
├ ƒ /clients/documents/view/[id]
├ ○ /clients/login
├ ƒ /clients/project
├ ○ /contact
├ ○ /cookies
├ ○ /deliver
├ ○ /how-i-build
├ ○ /locations/fractional-cto
├   /locations/fractional-cto/[location]
│ ├ ● /locations/fractional-cto/chichester
│ ├ ● /locations/fractional-cto/worthing
│ ├ ● /locations/fractional-cto/horsham
│ └ ● [+26 more paths]
├ ○ /locations/tech-audit
├   /locations/tech-audit/[location]
│ ├ ● /locations/tech-audit/chichester
│ ├ ● /locations/tech-audit/worthing
│ ├ ● /locations/tech-audit/horsham
│ └ ● [+26 more paths]
├ ƒ /opengraph-image
├ ○ /pricing
├ ○ /privacy
├ ○ /problems
├ ○ /problems/ai-paralysis
├ ○ /problems/bottleneck-growth
├ ○ /problems/buy-vs-build
├ ○ /problems/cant-scale-operations
├ ○ /problems/data-scattered
├ ○ /problems/disaster-recovery
├ ○ /problems/ecommerce-not-connected
├ ○ /problems/erp-implementation-failure
├ ○ /problems/inventory-blind
├ ○ /problems/legacy-system
├ ○ /problems/manual-workarounds
├ ○ /problems/no-ops-owner
├ ○ /problems/ops-in-owners-head
├ ○ /problems/seasonal-peaks
├ ○ /problems/slow-processes
├ ○ /problems/spreadsheet-addiction
├ ○ /problems/systems-dont-talk
├ ○ /problems/wrong-erp-software
├ ○ /process-quality-system
├ ○ /resources
├ ○ /resources/5-warning-signs
├ ○ /resources/artwork-approval-playbook
├ ○ /resources/audit-checklist
├ ○ /resources/capacity-planner
├ ○ /resources/decoded-method
├ ○ /resources/erp-selection-playbook
├ ○ /resources/seasonal-capacity
├ ○ /resources/six-sigma
├ ○ /resources/sop-template
├ ○ /retained
├ ƒ /robots.txt
├ ○ /sectors/awards-engraving
├ ○ /sectors/garment-decoration
├ ○ /sectors/labels-packaging
├ ○ /sectors/operations-consultant-print-embroidery
├ ○ /sectors/print-promotional
├ ○ /sectors/promotional-merchandise
├ ○ /sectors/schoolwear
├ ○ /sectors/signs-graphics
├ ○ /sectors/teamwear-clubwear
├ ○ /sectors/workwear
├ ƒ /sitemap.xml
├ ○ /small-business
├ ○ /tools
├ ○ /tools/automation-roi-calculator
├ ○ /tools/downtime-cost-calculator
├ ○ /tools/ops-health-score
├ ○ /tools/rto-calculator
├ ○ /tools/should-i-replace-erp
└ ○ /transform


ƒ Proxy (Middleware)

○  (Static)   prerendered as static content
●  (SSG)      prerendered as static HTML (uses generateStaticParams)
ƒ  (Dynamic)  server-rendered on demand
[0m
Build passes. Now commit and write the lane report.
[0m$ [0mgit add -A && git commit -m "fix(art): DO-ART-976 line-icon people, non-overlapping islands (BUG-WEB-037)"
warning: in the working copy of 'data/route-slugs.json', LF will be replaced by CRLF the next time Git touches it
warning: in the working copy of '.context/lane-briefs/BRIEF-web066-art976.md', LF will be replaced by CRLF the next time Git touches it
[web066-art976 dd1c1d5] fix(art): DO-ART-976 line-icon people, non-overlapping islands (BUG-WEB-037)
 2 files changed, 38 insertions(+), 9 deletions(-)
 create mode 100644 .context/lane-briefs/BRIEF-web066-art976.md
[0m
[0m$ [0mgit show --stat HEAD
commit dd1c1d51d9761e18f1e095901db707708264af56
Author: craigblackman1-rgb <craig.blackman1@gmail.com>
Date:   Fri Sep 25 18:07:19 2026 +0100

    fix(art): DO-ART-976 line-icon people, non-overlapping islands (BUG-WEB-037)

 .context/lane-briefs/BRIEF-web066-art976.md | 29 +++++++++++++++++++++++++++++
 app/problems/systems-dont-talk/page.tsx     | 18 +++++++++---------
 2 files changed, 38 insertions(+), 9 deletions(-)
[0m
[0m$ [0mgit diff HEAD~1 HEAD -- app/problems/systems-dont-talk/page.tsx
diff --git a/app/problems/systems-dont-talk/page.tsx b/app/problems/systems-dont-talk/page.tsx
index 7400d77..d14fce4 100644
--- a/app/problems/systems-dont-talk/page.tsx
+++ b/app/problems/systems-dont-talk/page.tsx
@@ -67,20 +67,20 @@ const heroArt976 = `<figure class="d17 sx px a976" data-od-id="hero-evidence" da
     <path class="ln-d" d="M420 160 V200"/>
     <path class="ln-d" d="M210 310 V280"/>
     <path class="ln-d" d="M350 310 V280"/>
-    <g class="m-rise" style="animation-delay:0.10s"><rect class="bx" x="60" y="106" width="160" height="54" rx="10"/><text class="t" x="140" y="140" text-anchor="middle" style="font-size:16px;font-weight:700">Orders</text></g>
-    <g class="m-rise" style="animation-delay:0.18s"><rect class="bx" x="200" y="106" width="160" height="54" rx="10"/><text class="t" x="280" y="140" text-anchor="middle" style="font-size:16px;font-weight:700">Accounts</text></g>
-    <g class="m-rise" style="animation-delay:0.26s"><rect class="bx" x="340" y="106" width="160" height="54" rx="10"/><text class="t" x="420" y="140" text-anchor="middle" style="font-size:16px;font-weight:700">Artwork</text></g>
-    <g class="m-rise" style="animation-delay:0.34s"><rect class="bx" x="130" y="310" width="160" height="54" rx="10"/><text class="t" x="210" y="344" text-anchor="middle" style="font-size:16px;font-weight:700">Despatch</text></g>
-    <g class="m-rise" style="animation-delay:0.42s"><rect class="bx" x="270" y="310" width="160" height="54" rx="10"/><text class="t" x="350" y="344" text-anchor="middle" style="font-size:16px;font-weight:700">Website</text></g>
+    <g class="m-rise" style="animation-delay:0.10s"><rect class="bx" x="80" y="106" width="120" height="54" rx="10"/><text class="t" x="140" y="140" text-anchor="middle" style="font-size:16px;font-weight:700">Orders</text></g>
+    <g class="m-rise" style="animation-delay:0.18s"><rect class="bx" x="220" y="106" width="120" height="54" rx="10"/><text class="t" x="280" y="140" text-anchor="middle" style="font-size:16px;font-weight:700">Accounts</text></g>
+    <g class="m-rise" style="animation-delay:0.26s"><rect class="bx" x="360" y="106" width="120" height="54" rx="10"/><text class="t" x="420" y="140" text-anchor="middle" style="font-size:16px;font-weight:700">Artwork</text></g>
+    <g class="m-rise" style="animation-delay:0.34s"><rect class="bx" x="150" y="310" width="120" height="54" rx="10"/><text class="t" x="210" y="344" text-anchor="middle" style="font-size:16px;font-weight:700">Despatch</text></g>
+    <g class="m-rise" style="animation-delay:0.42s"><rect class="bx" x="290" y="310" width="120" height="54" rx="10"/><text class="t" x="350" y="344" text-anchor="middle" style="font-size:16px;font-weight:700">Website</text></g>
     <g class="m-pop" style="animation-delay:1.0s">
       <rect class="bx-x2" x="160" y="200" width="240" height="80" rx="12"/>
       <text class="t-h" x="280" y="236" text-anchor="middle" style="font-size:20px">The bridges</text>
       <text class="t-d" x="280" y="264" text-anchor="middle" style="font-size:16px">are people</text>
     </g>
-    <g class="m-pop" style="animation-delay:1.3s">
-      <text class="t-a" x="80" y="230" style="font-size:28px">👤</text>
-      <text class="t-a" x="260" y="190" style="font-size:28px">👤</text>
-      <text class="t-a" x="440" y="230" style="font-size:28px">👤</text>
+    <g class="m-pop" style="animation-delay:1.3s" fill="none" stroke="var(--do-amber, #FFB703)" stroke-width="2" stroke-linecap="round">
+      <g transform="translate(94 206)"><circle cx="0" cy="0" r="7"/><path d="M-12 24 C-12 13 -6 9 0 9 C6 9 12 13 12 24"/></g>
+      <g transform="translate(222 180)"><circle cx="0" cy="0" r="7"/><path d="M-12 24 C-12 13 -6 9 0 9 C6 9 12 13 12 24"/></g>
+      <g transform="translate(466 206)"><circle cx="0" cy="0" r="7"/><path d="M-12 24 C-12 13 -6 9 0 9 C6 9 12 13 12 24"/></g>
     </g>
     <text class="t-d" x="26" y="404" style="font-size:15px">Each island knows only what it is told. <tspan class="t-a">Nobody sees the whole picture.</tspan></text>
   </svg>
[0m
Commit is correct. Now write the lane report files and commit them.
[0m$ [0mmkdir -p .context/lane-reports
New-Item: An item with the specified name D:\apps\worktrees\decoded-ops-website\web066-art976\.context\lane-reports already exists.
[0m
[0m← [0mWrite .context/lane-reports/LANE-RESULT-web066-art976.json
Wrote file successfully.
[0m
[0m← [0mWrite .context/lane-reports/LANE-NOTES-web066-art976.md
Wrote file successfully.
[0m
[0m$ [0mgit add .context/lane-reports/LANE-RESULT-web066-art976.json .context/lane-reports/LANE-NOTES-web066-art976.md && git commit -m "chore: lane report for web066-art976"
warning: in the working copy of '.context/lane-reports/LANE-NOTES-web066-art976.md', LF will be replaced by CRLF the next time Git touches it
warning: in the working copy of '.context/lane-reports/LANE-RESULT-web066-art976.json', LF will be replaced by CRLF the next time Git touches it
[web066-art976 5908c58] chore: lane report for web066-art976
 2 files changed, 17 insertions(+)
 create mode 100644 .context/lane-reports/LANE-NOTES-web066-art976.md
 create mode 100644 .context/lane-reports/LANE-RESULT-web066-art976.json
[0m
Done. Two commits on `web066-art976`:

1. `dd1c1d5` — fix(art): DO-ART-976 line-icon people, non-overlapping islands (BUG-WEB-037)
2. `5908c58` — chore: lane report for web066-art976

**Summary:** Narrowed five SVG island rects from 160px to 120px wide (x +20 each) to eliminate 20px overlaps. Replaced three `👤` emoji with stroke-only SVG person icons using `var(--do-amber)`. tsc clean, build passes, emoji sweep clear.
