[0m
> build ┬╖ mimo-v2.5
[0m
[0mΓåÆ [0mRead .context/lane-briefs/web011-u25-b5.md
[0m
[0m# [0mTodos
[ΓÇó] Apply edits to /case-studies
[ ] Apply edits to /case-studies/case-study-01
[ ] Apply edits to /case-studies/case-study-02
[ ] Apply edits to /case-studies/case-study-03
[ ] Apply edits to /case-studies/eternal-fitness
[ ] Apply edits to /contact
[ ] Apply edits to /process-quality-system
[ ] Apply edits to /resources
[ ] Apply edits to /resources/5-warning-signs
[ ] Apply edits to /resources/audit-checklist
[ ] Apply edits to /resources/capacity-planner
[ ] Apply edits to /resources/decoded-method
[ ] Apply edits to /resources/erp-selection-playbook
[ ] Apply edits to /resources/six-sigma
[ ] Apply edits to /resources/sop-template
[ ] Apply edits to /tools/downtime-cost-calculator
[ ] Apply edits to /tools/ops-health-score
[ ] Apply edits to /tools/should-i-replace-erp
[ ] Apply edits to /blog
[ ] Verify edits with grep
[ ] Commit and write lane reports
[0m
[0mΓåÆ [0mRead app/case-studies/page.tsx
[0mΓåÆ [0mRead app/case-studies/case-study-01/page.tsx
[0mΓåÆ [0mRead app/case-studies/case-study-02/page.tsx
[0mΓåÆ [0mRead app/case-studies/case-study-03/page.tsx
[0mΓåÆ [0mRead app/case-studies/eternal-fitness/page.tsx
[0mΓåÆ [0mRead app/contact/ContactClient.tsx
[0mΓåÆ [0mRead app/process-quality-system/page.tsx
[0mΓåÆ [0mRead app/resources/page.tsx
[0mΓåÆ [0mRead app/resources/5-warning-signs/page.tsx
[0mΓåÆ [0mRead app/resources/audit-checklist/page.tsx
[0mΓåÆ [0mRead app/resources/capacity-planner/page.tsx
[0mΓåÆ [0mRead app/resources/decoded-method/page.tsx
[0mΓåÆ [0mRead app/resources/erp-selection-playbook/page.tsx
[0mΓåÆ [0mRead app/resources/six-sigma/page.tsx
[0mΓåÆ [0mRead app/resources/sop-template/page.tsx
[0mΓåÆ [0mRead app/tools/downtime-cost-calculator/page.tsx
[0mΓåÆ [0mRead app/tools/ops-health-score/page.tsx
[0mΓåÆ [0mRead app/tools/should-i-replace-erp/page.tsx
Let me read all the files in parallel first.
[0mΓåÆ [0mRead app/blog/page.tsx
[0m
[0mΓåÉ [0mEdit app/case-studies/page.tsx
Index: D:\apps\worktrees\decoded-ops-website\web011-u25-b5-other\app\case-studies\page.tsx
===================================================================
--- D:\apps\worktrees\decoded-ops-website\web011-u25-b5-other\app\case-studies\page.tsx
+++ D:\apps\worktrees\decoded-ops-website\web011-u25-b5-other\app\case-studies\page.tsx
@@ -39,9 +39,9 @@
 <section className="g-off" data-od-id="hero">
   <div className="wrap hero-center">
     <span className="eyebrow">Client work</span>
     <h1>What I&apos;m actually building right now.</h1>
-    <p className="lede">Live engagements across four sectors. Same approach every time: fix the
+    <p className="lede">Live engagements across four sectors. As a manufacturing operations consultant, my approach is the same every time: fix the
       process and the data before you automate anything.</p>
   </div>
   <div className="wrap hero-art">
     <figure className="d17 sw sw-doc a949" data-od-id="engagement-summary" data-motion data-no="DO-ART-949" data-rev="01" data-tx="photo"

[0m
[0mΓ£ù [0mEdit app/case-studies/page.tsx failed
[91m[1mError: [0mNo changes to apply: oldString and newString are identical.
[0m
[0mΓåÉ [0mEdit app/case-studies/case-study-01/page.tsx
Index: D:\apps\worktrees\decoded-ops-website\web011-u25-b5-other\app\case-studies\case-study-01\page.tsx
===================================================================
--- D:\apps\worktrees\decoded-ops-website\web011-u25-b5-other\app\case-studies\case-study-01\page.tsx
+++ D:\apps\worktrees\decoded-ops-website\web011-u25-b5-other\app\case-studies\case-study-01\page.tsx
@@ -81,9 +81,9 @@
   <span className="eyebrow">Client work ┬╖ heating spares &amp; eCommerce</span>
   <h1>The ERP changed. The data work carried on.</h1>
   <p className="lede">Hanicks sells heating spares. It isn&apos;t decorated goods, but it&apos;s the same
     problem underneath: a big catalogue arriving from lots of suppliers in different formats,
-    which has to be clean and current on every channel it sells through.</p>
+    which has to be clean and current on every channel it sells through. This is an ERP implementation that took a different route.</p>
   <div className="hero-cta" style={{ justifyContent: 'flex-start' }}>
     <Link className="btn btn--primary" href="/contact">Book a free discovery call <ArrowRight size={16} aria-hidden="true" /></Link>
   </div>
 </div>

[0m
[0mΓåÉ [0mEdit app/case-studies/case-study-01/page.tsx
Index: D:\apps\worktrees\decoded-ops-website\web011-u25-b5-other\app\case-studies\case-study-01\page.tsx
===================================================================
--- D:\apps\worktrees\decoded-ops-website\web011-u25-b5-other\app\case-studies\case-study-01\page.tsx
+++ D:\apps\worktrees\decoded-ops-website\web011-u25-b5-other\app\case-studies\case-study-01\page.tsx
@@ -245,9 +245,9 @@
 <section className="g-white">
   <div className="wrap prose">
     <h2>The situation before</h2>
     <p>
-      Product data was spread across supplier feeds with no consistent SKU, and no reliable way of knowing what was actually in stock or where it was. The business needed a proper ERP, but going into one with messy data would have meant paying to migrate the mess.
+      Product data was spread across supplier feeds with no consistent SKU, and no reliable way of knowing what was actually in stock or where it was. The business needed a proper ERP, but going into an ERP implementation with messy data would have meant paying to migrate the mess.
     </p>
 
     <h2>What was done</h2>
     <p>

[0m
[0mΓåÉ [0mEdit app/case-studies/case-study-02/page.tsx
Index: D:\apps\worktrees\decoded-ops-website\web011-u25-b5-other\app\case-studies\case-study-02\page.tsx
===================================================================
--- D:\apps\worktrees\decoded-ops-website\web011-u25-b5-other\app\case-studies\case-study-02\page.tsx
+++ D:\apps\worktrees\decoded-ops-website\web011-u25-b5-other\app\case-studies\case-study-02\page.tsx
@@ -80,9 +80,9 @@
 <div className="wrap hero-center">
   <span className="eyebrow">Client work ┬╖ branded apparel &amp; decoration</span>
   <h1>The diagnostic came before the decision.</h1>
   <p className="lede">
-    A teamwear and schoolwear business selling decorated and plain stock across a lot of suppliers, on an eCommerce platform that needed to show live stock accurately.
+    A teamwear and schoolwear business selling decorated and plain stock across a lot of suppliers, on an eCommerce platform that needed to show live stock accurately. This is what I did as their small business technology consultant.
   </p>
 </div>
 <div className="wrap" style={{ marginTop: 'clamp(24px, 3vw, 48px)' }}>
   <div dangerouslySetInnerHTML={{ __html: `

[0m
[0mΓåÉ [0mEdit app/case-studies/case-study-02/page.tsx
Index: D:\apps\worktrees\decoded-ops-website\web011-u25-b5-other\app\case-studies\case-study-02\page.tsx
===================================================================
--- D:\apps\worktrees\decoded-ops-website\web011-u25-b5-other\app\case-studies\case-study-02\page.tsx
+++ D:\apps\worktrees\decoded-ops-website\web011-u25-b5-other\app\case-studies\case-study-02\page.tsx
@@ -230,9 +230,9 @@
 <section className="g-off cta-strip">
   <div className="wrap" style={{ maxWidth: 760 }}>
     <h2>See how Works does this.</h2>
     <p className="lede">
-      This is a Systems (rung 2) example. To find out what your own operation needs, book a Clarity Audit.
+      This is a Systems (rung 2) example. If you want a small business technology consultant to find out what your own operation needs, book a Clarity Audit.
     </p>
     <div className="hero-cta">
       <Link href="/contact" className="btn btn--primary">
         Book a free discovery call <ArrowRight size={18} />

[0m
[0mΓåÉ [0mEdit app/case-studies/case-study-03/page.tsx
Index: D:\apps\worktrees\decoded-ops-website\web011-u25-b5-other\app\case-studies\case-study-03\page.tsx
===================================================================
--- D:\apps\worktrees\decoded-ops-website\web011-u25-b5-other\app\case-studies\case-study-03\page.tsx
+++ D:\apps\worktrees\decoded-ops-website\web011-u25-b5-other\app\case-studies\case-study-03\page.tsx
@@ -76,9 +76,9 @@
 <div>
   <span className="eyebrow">Client work ┬╖ workwear</span>
   <h1>Architect and advisor, not the builder.</h1>
   <p className="lede">
-    A workwear B2B distributor needed a B2B trade portal, an ERP evaluation, and a storefront replacement. I ran a Clarity Audit, then Deliver Consultancy: vendor requirements, procurement, and integration architecture.
+    A workwear B2B distributor needed a B2B portal, an ERP evaluation, and a storefront replacement. I ran a Clarity Audit, then Deliver Consultancy: vendor requirements, procurement, and integration architecture.
   </p>
   <div className="hero-cta">
     <Link href="/contact" className="btn btn--primary">
       Book a free discovery call <ArrowRight size={18} />

[0m
[0mΓåÉ [0mEdit app/case-studies/case-study-03/page.tsx
Index: D:\apps\worktrees\decoded-ops-website\web011-u25-b5-other\app\case-studies\case-study-03\page.tsx
===================================================================
--- D:\apps\worktrees\decoded-ops-website\web011-u25-b5-other\app\case-studies\case-study-03\page.tsx
+++ D:\apps\worktrees\decoded-ops-website\web011-u25-b5-other\app\case-studies\case-study-03\page.tsx
@@ -195,9 +195,9 @@
 </article>
 <article className="card">
   <span className="kicker">02 ┬╖ Process design</span>
   <h3>Vendor requirements and procurement</h3>
-  <p>I write the requirements the trade portal and ERP evaluation actually need to answer, then run procurement against them, rather than accepting the first plausible platform.</p>
+  <p>I write the requirements the B2B portal and ERP evaluation actually need to answer, then run procurement against them, rather than accepting the first plausible platform.</p>
 </article>
 <article className="card">
   <span className="kicker">03 ┬╖ Implementation oversight</span>
   <h3>Integration architecture, ongoing</h3>

[0m
[0mΓåÉ [0mEdit app/case-studies/eternal-fitness/page.tsx
Index: D:\apps\worktrees\decoded-ops-website\web011-u25-b5-other\app\case-studies\eternal-fitness\page.tsx
===================================================================
--- D:\apps\worktrees\decoded-ops-website\web011-u25-b5-other\app\case-studies\eternal-fitness\page.tsx
+++ D:\apps\worktrees\decoded-ops-website\web011-u25-b5-other\app\case-studies\eternal-fitness\page.tsx
@@ -79,9 +79,9 @@
 <div className="wrap hero-center">
   <span className="eyebrow">In Build ┬╖ Health &amp; Fitness</span>
   <h1>Eternal Fitness: technical lead for a clinical-population training studio</h1>
   <p className="lede">
-    Eternal Fitness is a private, 1-to-1 personal training studio. Most of its clients manage health conditions, rather than general weight loss. I&apos;m technical lead on the website rebuild and the tooling behind it, working alongside Esther Fair, the studio&apos;s Level 4 PT and clinical lead.
+    Eternal Fitness is a private, 1-to-1 personal training studio. Most of its clients manage health conditions, rather than general weight loss. I&apos;m technical lead on the website rebuild and the AI training tool behind it, working alongside Esther Fair, the studio&apos;s Level 4 PT and clinical lead.
   </p>
   <p style={{ fontSize: 'var(--do-text-sm)', color: 'color-mix(in srgb, var(--do-prussian-blue) 72%, transparent)', fontStyle: 'italic', marginTop: '12px' }}>
     Esther is my wife, named plainly. This is paid client work, not a favour or free build. She pays for it the same as anyone else. Which meant there was nowhere to hide if it did not work.
   </p>

[0m
[0mΓåÉ [0mEdit app/case-studies/eternal-fitness/page.tsx
Index: D:\apps\worktrees\decoded-ops-website\web011-u25-b5-other\app\case-studies\eternal-fitness\page.tsx
===================================================================
--- D:\apps\worktrees\decoded-ops-website\web011-u25-b5-other\app\case-studies\eternal-fitness\page.tsx
+++ D:\apps\worktrees\decoded-ops-website\web011-u25-b5-other\app\case-studies\eternal-fitness\page.tsx
@@ -211,9 +211,9 @@
 <div className="wrap prose">
   <div className="callout">
     <h3>Why the AI tool doesn&apos;t replace the trainer</h3>
     <p>
-      The training plan tool speeds up building a first draft against real constraints. It doesn&apos;t decide what&apos;s safe for a client managing a health condition. Esther does. That&apos;s the same principle behind every AI-adjacent piece of work I do: the tool handles the groundwork, the person with the actual expertise makes the call.
+      The AI training tool speeds up building a first draft against real constraints. It doesn&apos;t decide what&apos;s safe for a client managing a health condition. Esther does. That&apos;s the same principle behind every AI-adjacent piece of work I do: the tool handles the groundwork, the person with the actual expertise makes the call.
     </p>
   </div>
 
   <h2>Status</h2>

[0m
[0mΓåÉ [0mEdit app/contact/ContactClient.tsx
Index: D:\apps\worktrees\decoded-ops-website\web011-u25-b5-other\app\contact\ContactClient.tsx
===================================================================
--- D:\apps\worktrees\decoded-ops-website\web011-u25-b5-other\app\contact\ContactClient.tsx
+++ D:\apps\worktrees\decoded-ops-website\web011-u25-b5-other\app\contact\ContactClient.tsx
@@ -75,9 +75,9 @@
 <div>
   <span className="eyebrow" style={{ marginBottom: 22 }}>Get in touch</span>
   <h1 className="h1">Start with a free <em>60-minute call.</em></h1>
   <p className="lede">
-    No sales pitch. No obligation. A direct conversation about your business, what&apos;s frustrating you, and whether there&apos;s something I can help with.
+    No sales pitch. No obligation. Book a free discovery call for a direct conversation about your business, what&apos;s frustrating you, and whether there&apos;s something I can help with.
   </p>
   <div style={{ marginTop: 24, marginBottom: 24 }}>
     <a
       href={BOOKING_URL}

[0m
[0mΓåÉ [0mEdit app/contact/ContactClient.tsx
Index: D:\apps\worktrees\decoded-ops-website\web011-u25-b5-other\app\contact\ContactClient.tsx
===================================================================
--- D:\apps\worktrees\decoded-ops-website\web011-u25-b5-other\app\contact\ContactClient.tsx
+++ D:\apps\worktrees\decoded-ops-website\web011-u25-b5-other\app\contact\ContactClient.tsx
@@ -230,9 +230,9 @@
 <div className="wrap">
   <div style={{ maxWidth: '42ch', marginBottom: 64 }}>
     <span className="eyebrow" style={{ marginBottom: 22 }}>What to expect</span>
     <h2 className="h2">How the first call works</h2>
-    <p className="lede">No preparation needed. Just turn up and tell me what&apos;s happening.</p>
+    <p className="lede">Once you book a free discovery call there&apos;s no preparation needed. Just turn up and tell me what&apos;s happening.</p>
   </div>
   <div className="grid grid--3">
     {[
       { icon: Clock, title: '60 minutes', desc: "That's all it takes to get a clear view of what's happening and whether I can help. No extended discovery process, no homework to complete." },

[0m
[0mΓåÉ [0mEdit app/process-quality-system/page.tsx
Index: D:\apps\worktrees\decoded-ops-website\web011-u25-b5-other\app\process-quality-system\page.tsx
===================================================================
--- D:\apps\worktrees\decoded-ops-website\web011-u25-b5-other\app\process-quality-system\page.tsx
+++ D:\apps\worktrees\decoded-ops-website\web011-u25-b5-other\app\process-quality-system\page.tsx
@@ -38,9 +38,9 @@
   <p className="eyebrow">Process &amp; Quality System</p>
   <h1>How your business keeps improving after I leave.</h1>
   <p className="lead">Not a report that sits in a drawer. A working system for how the business
     documents, checks, and improves its own processes, built during the engagement and owned by
-    you after it.</p>
+    you after it. It covers how to write a standard operating procedure your team will actually follow.</p>
   <div className="hero-cta">
     <Link className="btn btn-primary btn-arrow" href="/deliver">See how this fits into Deliver</Link>
   </div>
 </div>

[0m
[0mΓåÉ [0mEdit app/process-quality-system/page.tsx
Index: D:\apps\worktrees\decoded-ops-website\web011-u25-b5-other\app\process-quality-system\page.tsx
===================================================================
--- D:\apps\worktrees\decoded-ops-website\web011-u25-b5-other\app\process-quality-system\page.tsx
+++ D:\apps\worktrees\decoded-ops-website\web011-u25-b5-other\app\process-quality-system\page.tsx
@@ -136,9 +136,9 @@
 </article>
 <article className="step">
   <p className="step-n">STEP 3</p>
   <h3>Check it&rsquo;s followed</h3>
-  <p>An SOP nobody follows is a document, not a system. This is the step most businesses skip
+  <p>Knowing how to write a standard operating procedure is only the start. An SOP nobody follows is a document, not a system. This is the step most businesses skip
     and the reason their documentation goes stale.</p>
 </article>
 <article className="step step--last">
   <p className="step-n">STEP 4</p>

[0m
[0mΓåÉ [0mEdit app/resources/page.tsx
Index: D:\apps\worktrees\decoded-ops-website\web011-u25-b5-other\app\resources\page.tsx
===================================================================
--- D:\apps\worktrees\decoded-ops-website\web011-u25-b5-other\app\resources\page.tsx
+++ D:\apps\worktrees\decoded-ops-website\web011-u25-b5-other\app\resources\page.tsx
@@ -95,9 +95,9 @@
 <div>
   <span className="eyebrow">Resources</span>
   <h1>Tools and guides <em>you can use today</em></h1>
   <p className="lede">
-    Free resources built from real experience in print, embroidery, and decoration businesses. No fluff. No sign-up tricks. Just useful stuff.
+    Free resources on process improvement for small business, built from real experience in print, embroidery, and decoration businesses. No fluff. No sign-up tricks. Just useful stuff.
   </p>
 </div>
 
 {/* D17 hero artwork DO-ART-980 */}

[0m
[0mΓåÉ [0mEdit app/resources/page.tsx
Index: D:\apps\worktrees\decoded-ops-website\web011-u25-b5-other\app\resources\page.tsx
===================================================================
--- D:\apps\worktrees\decoded-ops-website\web011-u25-b5-other\app\resources\page.tsx
+++ D:\apps\worktrees\decoded-ops-website\web011-u25-b5-other\app\resources\page.tsx
@@ -59,9 +59,9 @@
 },
 {
   icon: FileText,
   title: 'The Decoded Method',
-  desc: 'A three-layer system for documenting how your business runs: Process Register, one-page SOPs, and an Improvement Log.',
+  desc: 'A three-layer system for documenting how your business runs, with process improvement for small business built in: Process Register, one-page SOPs, and an Improvement Log.',
   href: '/resources/decoded-method',
 },
 {
   icon: Gauge,

[0m
[0mΓåÉ [0mEdit app/resources/5-warning-signs/page.tsx
Index: D:\apps\worktrees\decoded-ops-website\web011-u25-b5-other\app\resources\5-warning-signs\page.tsx
===================================================================
--- D:\apps\worktrees\decoded-ops-website\web011-u25-b5-other\app\resources\5-warning-signs\page.tsx
+++ D:\apps\worktrees\decoded-ops-website\web011-u25-b5-other\app\resources\5-warning-signs\page.tsx
@@ -72,9 +72,9 @@
 <div>
   <span className="eyebrow">Free resource</span>
   <h1>5 warning signs your systems are holding you back</h1>
   <p className="lede">
-    Real warning signs from 25+ years running operations in print, embroidery, decoration, and similar product-based businesses, not vendor theory. If two or more of these sound familiar, it&apos;s worth a closer look.
+    Real warning signs that your manufacturing ERP software or other systems are holding you back, from 25+ years running operations in print, embroidery, decoration, and similar product-based businesses, not vendor theory. If two or more of these sound familiar, it&apos;s worth a closer look.
   </p>
 </div>
 
 {/* D17 hero artwork DO-ART-982 */}

[0m
[0mΓåÉ [0mEdit app/resources/5-warning-signs/page.tsx
Index: D:\apps\worktrees\decoded-ops-website\web011-u25-b5-other\app\resources\5-warning-signs\page.tsx
===================================================================
--- D:\apps\worktrees\decoded-ops-website\web011-u25-b5-other\app\resources\5-warning-signs\page.tsx
+++ D:\apps\worktrees\decoded-ops-website\web011-u25-b5-other\app\resources\5-warning-signs\page.tsx
@@ -59,9 +59,9 @@
     body: "Orders are up. Revenue's moving in the right direction. And somehow it feels like wading through mud rather than building momentum. That's almost always a systems and process constraint, not a people or demand problem. The operation hasn't been built to take the extra volume without extra pain. I've run production at over 1,000 orders a day at peak. Scale exposes exactly where the process breaks first.",
   },
   {
     title: '5. You bought your last system off the back of a demo',
-    body: "This is the one I see most often, and it's the most expensive. A demo shows you software working perfectly, on the vendor's data, in the vendor's example business. It tells you very little about whether it fits yours. What happens next is consistent enough that I can usually call it in advance: the system gets chosen without the people who have to use it, they get trained on how the software works rather than how it fits their job, most of them are back to the old way by week three, and by month three the software is getting the blame. Usually the software was fine. Nobody scoped the business before they scoped the system. Writing your requirements down before anyone books a demo is near-certain cost avoidance.",
+    body: "This is the one I see most often, and it's the most expensive. A demo of manufacturing ERP software shows you it working perfectly, on the vendor's data, in the vendor's example business. It tells you very little about whether it fits yours. What happens next is consistent enough that I can usually call it in advance: the system gets chosen without the people who have to use it, they get trained on how the software works rather than how it fits their job, most of them are back to the old way by week three, and by month three the software is getting the blame. Usually the software was fine. Nobody scoped the business before they scoped the system. Writing your requirements down before anyone books a demo is near-certain cost avoidance.",
   },
 ];
 
 export default function FiveWarningSignsPage() {

[0m
[0mΓåÉ [0mEdit app/resources/audit-checklist/page.tsx
Index: D:\apps\worktrees\decoded-ops-website\web011-u25-b5-other\app\resources\audit-checklist\page.tsx
===================================================================
--- D:\apps\worktrees\decoded-ops-website\web011-u25-b5-other\app\resources\audit-checklist\page.tsx
+++ D:\apps\worktrees\decoded-ops-website\web011-u25-b5-other\app\resources\audit-checklist\page.tsx
@@ -127,9 +127,9 @@
           <div>
             <span className="eyebrow">Free resource</span>
             <h1>Operational audit checklist</h1>
             <p className="lede">
-              36 questions to evaluate your operations, technology, and processes. Use this before you hire a consultant, or to understand what an audit actually covers.
+              This operations audit checklist is 36 questions to evaluate your business, technology, and processes. Use this before you hire a consultant, or to understand what an audit actually covers.
             </p>
           </div>
           <div dangerouslySetInnerHTML={{ __html: `
 <figure class="d17 sx a983" data-od-id="hero-art" data-motion data-no="DO-ART-983" data-rev="01" data-tx="photo"

[0m
[0mΓåÉ [0mEdit app/resources/audit-checklist/page.tsx
Index: D:\apps\worktrees\decoded-ops-website\web011-u25-b5-other\app\resources\audit-checklist\page.tsx
===================================================================
--- D:\apps\worktrees\decoded-ops-website\web011-u25-b5-other\app\resources\audit-checklist\page.tsx
+++ D:\apps\worktrees\decoded-ops-website\web011-u25-b5-other\app\resources\audit-checklist\page.tsx
@@ -235,9 +235,9 @@
 {/* Intro */}
 <div className="card" style={{ background: 'color-mix(in srgb, var(--do-cerulean) 10%, transparent)', borderColor: 'color-mix(in srgb, var(--do-cerulean) 25%, transparent)', marginBottom: 64 }}>
   <h2>How to use this checklist</h2>
   <p style={{ color: 'color-mix(in srgb, var(--do-prussian-blue) 80%, transparent)' }}>
-    Go through each section and answer the questions honestly. You don't need to score yourself or mark items as "good" or "bad." The goal is to identify where you have gaps or uncertainties.
+    Go through each section of the operations audit checklist and answer the questions honestly. You don't need to score yourself or mark items as "good" or "bad." The goal is to identify where you have gaps or uncertainties.
   </p>
   <p style={{ color: 'color-mix(in srgb, var(--do-prussian-blue) 80%, transparent)', marginBottom: 0 }}>
     The items you can't answer are the most valuable. They're where the hidden costs usually are.
   </p>

[0m
[0mΓåÉ [0mEdit app/resources/capacity-planner/page.tsx
Index: D:\apps\worktrees\decoded-ops-website\web011-u25-b5-other\app\resources\capacity-planner\page.tsx
===================================================================
--- D:\apps\worktrees\decoded-ops-website\web011-u25-b5-other\app\resources\capacity-planner\page.tsx
+++ D:\apps\worktrees\decoded-ops-website\web011-u25-b5-other\app\resources\capacity-planner\page.tsx
@@ -180,9 +180,9 @@
       <p style={{ marginBottom: 16 }}>
         That matters because quoting is based on capacity. If your quoted capacity is higher than your real capacity, you will either over-quote (and lose work) or under-quote (and be buried).
       </p>
       <p style={{ marginBottom: 0 }}>
-        This calculator gives you the honest number. Use it before you commit to a deadline or price a volume job.
+        This calculator gives you the honest number for capacity planning. Use it before you commit to a deadline or price a volume job.
       </p>
     </div>
   </div>
 </section>

[0m
[0mΓåÉ [0mEdit app/resources/decoded-method/page.tsx
Index: D:\apps\worktrees\decoded-ops-website\web011-u25-b5-other\app\resources\decoded-method\page.tsx
===================================================================
--- D:\apps\worktrees\decoded-ops-website\web011-u25-b5-other\app\resources\decoded-method\page.tsx
+++ D:\apps\worktrees\decoded-ops-website\web011-u25-b5-other\app\resources\decoded-method\page.tsx
@@ -116,9 +116,9 @@
 <div>
   <span className="eyebrow">Free playbook</span>
   <h1>The Decoded Method</h1>
   <p className="lede">
-    A three-layer system for documenting how your business actually runs. Plain English, one page per process, built to be handed over instead of held in one person&apos;s head.
+    A three-layer system for documenting how your business actually runs, and the business process review that keeps it current. Plain English, one page per process, built to be handed over instead of held in one person&apos;s head.
   </p>
   <div style={{ display: 'flex', gap: 16, marginTop: 24, flexWrap: 'wrap' }}>
     <a href="/downloads/decoded-method.pdf" download className="btn btn--primary">
       <Download size={18} /> Download the playbook

[0m
[0mΓåÉ [0mEdit app/resources/decoded-method/page.tsx
Index: D:\apps\worktrees\decoded-ops-website\web011-u25-b5-other\app\resources\decoded-method\page.tsx
===================================================================
--- D:\apps\worktrees\decoded-ops-website\web011-u25-b5-other\app\resources\decoded-method\page.tsx
+++ D:\apps\worktrees\decoded-ops-website\web011-u25-b5-other\app\resources\decoded-method\page.tsx
@@ -306,9 +306,9 @@
         </Link>
       </div>
       <a href={BOOKING_URL} target="_blank" rel="noopener noreferrer" style={{ fontSize: 'var(--do-text-sm)', color: 'var(--do-text-cerulean)', fontWeight: 'var(--do-weight-medium)', display: 'inline-flex', alignItems: 'center', gap: 4 }}>Or book a call directly <ArrowRight size={14} /></a>
       <p style={{ fontSize: 'var(--do-text-sm)', color: 'color-mix(in srgb, var(--do-prussian-blue) 72%, transparent)', marginTop: 20, marginBottom: 0 }}>
-        Want it run across your own operation? A Clarity engagement builds your Process Register with you, mapping what you do, who owns it, and where the gaps are. Retained clients get the Method as a living hub I host and keep current, not a document that goes stale.
+        Want a business process review across your own operation? A Clarity engagement builds your Process Register with you, mapping what you do, who owns it, and where the gaps are. Retained clients get the Method as a living hub I host and keep current, not a document that goes stale.
       </p>
     </div>
   </div>
 </section>

[0m
[0mΓåÉ [0mEdit app/resources/erp-selection-playbook/page.tsx
Index: D:\apps\worktrees\decoded-ops-website\web011-u25-b5-other\app\resources\erp-selection-playbook\page.tsx
===================================================================
--- D:\apps\worktrees\decoded-ops-website\web011-u25-b5-other\app\resources\erp-selection-playbook\page.tsx
+++ D:\apps\worktrees\decoded-ops-website\web011-u25-b5-other\app\resources\erp-selection-playbook\page.tsx
@@ -129,9 +129,9 @@
 <div>
   <span className="eyebrow">Free resource</span>
   <h1>ERP selection playbook for decorated goods</h1>
   <p className="lede">
-    A plain-English guide to ERP for garment decoration, print, and embroidery businesses. What it is, when you need it, how to choose, and the pitfalls specific to your sector.
+    A plain-English ERP selection guide for garment decoration, print, and embroidery businesses. What it is, when you need it, how to choose, and the pitfalls specific to your sector.
   </p>
 </div>
 
 <div dangerouslySetInnerHTML={{ __html: `

[0m
[0mΓåÉ [0mEdit app/resources/erp-selection-playbook/page.tsx
Index: D:\apps\worktrees\decoded-ops-website\web011-u25-b5-other\app\resources\erp-selection-playbook\page.tsx
===================================================================
--- D:\apps\worktrees\decoded-ops-website\web011-u25-b5-other\app\resources\erp-selection-playbook\page.tsx
+++ D:\apps\worktrees\decoded-ops-website\web011-u25-b5-other\app\resources\erp-selection-playbook\page.tsx
@@ -298,9 +298,9 @@
 
 <div style={{ marginBottom: 64 }}>
   <h2>Where I stand</h2>
   <p style={{ color: 'color-mix(in srgb, var(--do-prussian-blue) 80%, transparent)' }}>
-    One thing this playbook should say plainly: I build one of the systems in this market. Works grew out of Clarity Audits where the brief came back and nothing off the shelf covered it. That does not change a word of the process above. Write the brief, score every candidate against it, and treat mine with the same suspicion you would treat any vendor demo. If another system covers your brief, buy that one. The playbook only works if it works against me too.
+    One thing this ERP selection guide should say plainly: I build one of the systems in this market. Works grew out of Clarity Audits where the brief came back and nothing off the shelf covered it. That does not change a word of the process above. Write the brief, score every candidate against it, and treat mine with the same suspicion you would treat any vendor demo. If another system covers your brief, buy that one. The playbook only works if it works against me too.
   </p>
 </div>
 
 <div style={{ marginBottom: 64 }}>

[0m
[0mΓåÉ [0mEdit app/resources/six-sigma/page.tsx
Index: D:\apps\worktrees\decoded-ops-website\web011-u25-b5-other\app\resources\six-sigma\page.tsx
===================================================================
--- D:\apps\worktrees\decoded-ops-website\web011-u25-b5-other\app\resources\six-sigma\page.tsx
+++ D:\apps\worktrees\decoded-ops-website\web011-u25-b5-other\app\resources\six-sigma\page.tsx
@@ -62,9 +62,9 @@
 <span className="eyebrow">Free playbook ┬╖ Garment decoration</span>
 <h1>What 5 &amp; 6 Sigma mean for your print &amp; embroidery operation</h1>
 <div className="hair" />
 <p className="lede">
-  Sigma measures process quality. The higher the level, the fewer defects escape into finished goods. Here is what each level actually means on the shop floor, and why the gap is process, not machinery.
+  Six sigma for small business is a measure of process quality. The higher the level, the fewer defects escape into finished goods. Here is what each level actually means on the shop floor, and why the gap is process, not machinery.
 </p>
 <div className="btn-row">
   <a href="/downloads/six-sigma.pdf" download className="btn btn--primary">
     <Download size={18} /> Download the playbook

[0m
[0mΓåÉ [0mEdit app/resources/six-sigma/page.tsx
Index: D:\apps\worktrees\decoded-ops-website\web011-u25-b5-other\app\resources\six-sigma\page.tsx
===================================================================
--- D:\apps\worktrees\decoded-ops-website\web011-u25-b5-other\app\resources\six-sigma\page.tsx
+++ D:\apps\worktrees\decoded-ops-website\web011-u25-b5-other\app\resources\six-sigma\page.tsx
@@ -169,9 +169,9 @@
     <p className="lede">
       Moving from <strong style={{ color: 'var(--do-amber)' }}>3 Sigma to 5 Sigma</strong> cuts your defect rate by <strong style={{ color: 'var(--do-amber)' }}>99.6%</strong>. That is not a machine upgrade. It is a process redesign: standardised settings, documented procedures, and measured checkpoints are what separate the two. Not a newer heat press.
     </p>
     <p className="lede">
-      If your defect rate feels stuck, the fix usually is not new equipment. It is documenting and standardising what your best operator already does. That is exactly what a Clarity engagement maps.
+      If your defect rate feels stuck, the fix usually is not new equipment. It is documenting and standardising what your best operator already does, which is six sigma for small business in practice. That is exactly what a Clarity engagement maps.
     </p>
   </div>
 </section>
 

[0m
[0mΓåÉ [0mEdit app/resources/sop-template/page.tsx
Index: D:\apps\worktrees\decoded-ops-website\web011-u25-b5-other\app\resources\sop-template\page.tsx
===================================================================
--- D:\apps\worktrees\decoded-ops-website\web011-u25-b5-other\app\resources\sop-template\page.tsx
+++ D:\apps\worktrees\decoded-ops-website\web011-u25-b5-other\app\resources\sop-template\page.tsx
@@ -147,9 +147,9 @@
       </div>
     ))}
   </div>
   <p style={{ marginTop: 16, fontSize: 'var(--do-text-sm)', color: 'color-mix(in srgb, var(--do-prussian-blue) 72%, transparent)', marginBottom: 0 }}>
-    The template takes about 30 minutes to fill in for your first process. Subsequent processes take less time because you are reusing the structure.
+    The SOP template takes about 30 minutes to fill in for your first process. Subsequent processes take less time because you are reusing the structure.
   </p>
 </div>
 
 <div style={{ marginBottom: 64 }}>

[0m
[0mΓåÉ [0mEdit app/tools/downtime-cost-calculator/page.tsx
Index: D:\apps\worktrees\decoded-ops-website\web011-u25-b5-other\app\tools\downtime-cost-calculator\page.tsx
===================================================================
--- D:\apps\worktrees\decoded-ops-website\web011-u25-b5-other\app\tools\downtime-cost-calculator\page.tsx
+++ D:\apps\worktrees\decoded-ops-website\web011-u25-b5-other\app\tools\downtime-cost-calculator\page.tsx
@@ -93,9 +93,9 @@
   They want your lost revenue per hour. Almost nobody can state that, so the field gets
   left at zero and the answer comes out meaninglessly low.
 </p>
 <p>
-  This one builds it up instead. First it works out what an hour of your operation costs
+  This downtime cost calculator builds it up instead. First it works out what an hour of your operation costs
   to have available at all, which is a number worth knowing on its own. Then it works
   out what you lose when that hour produces nothing.
 </p>
 <p>

[0m
[0mΓåÉ [0mEdit app/tools/ops-health-score/page.tsx
Index: D:\apps\worktrees\decoded-ops-website\web011-u25-b5-other\app\tools\ops-health-score\page.tsx
===================================================================
--- D:\apps\worktrees\decoded-ops-website\web011-u25-b5-other\app\tools\ops-health-score\page.tsx
+++ D:\apps\worktrees\decoded-ops-website\web011-u25-b5-other\app\tools\ops-health-score\page.tsx
@@ -70,9 +70,9 @@
 <div className="wrap rt-split">
   <div>
     <span className="eyebrow">Free tool</span>
     <h1>Ops health score</h1>
-    <p className="lede">Rate your business across five areas to see where you stand, and where to focus first.</p>
+    <p className="lede">A quick operations audit you can do yourself. Rate your business across five areas to see where you stand, and where to focus first.</p>
   </div>
 
   {/* D17 hero art ┬╖ DO-ART-997 */}
   <figure className="d17 sx px ph-fade a997" data-od-id="hero-art" data-motion data-no="DO-ART-997" data-rev="01" data-tx="screen"

[0m
[0mΓåÉ [0mEdit app/tools/ops-health-score/page.tsx
Index: D:\apps\worktrees\decoded-ops-website\web011-u25-b5-other\app\tools\ops-health-score\page.tsx
===================================================================
--- D:\apps\worktrees\decoded-ops-website\web011-u25-b5-other\app\tools\ops-health-score\page.tsx
+++ D:\apps\worktrees\decoded-ops-website\web011-u25-b5-other\app\tools\ops-health-score\page.tsx
@@ -34,9 +34,9 @@
   return '#219EBC';
 }
 
 function getHealthLabel(total: number): { label: string; color: string; description: string } {
-  if (total <= 10) return { label: 'Critical: Needs Immediate Attention', color: '#FB8500', description: 'Your operations are under significant strain. Disconnected systems, undocumented processes, and low team capability are creating hidden costs every day. A Clarity Audit will give you a prioritised roadmap to address the biggest gaps first.' };
+  if (total <= 10) return { label: 'Critical: Needs Immediate Attention', color: '#FB8500', description: 'Your operations are under significant strain. Disconnected systems, undocumented processes, and low team capability are creating hidden costs every day. A Clarity Audit, the full operations audit, will give you a prioritised roadmap to address the biggest gaps first.' };
   if (total <= 15) return { label: 'Fragile: Some Areas Need Work', color: '#FFB703', description: 'You have some strengths, but there are clear gaps that will become more expensive as you grow. The weakest dimensions are your biggest risk: fixing them now is cheaper than waiting.' };
   if (total <= 20) return { label: 'Stable: Room to Improve', color: '#219EBC', description: 'Your operations are in reasonable shape. Targeted improvements in your weaker areas will reduce cost and increase resilience. You are well positioned to evaluate new technology investments.' };
   return { label: 'Strong: Well Run Operation', color: '#023047', description: 'Your operations are well managed across all dimensions. You are in a strong position to scale, adopt new technology, and focus on strategic growth rather than firefighting.' };
 }

[0m
[0mΓåÉ [0mEdit app/tools/should-i-replace-erp/page.tsx
Index: D:\apps\worktrees\decoded-ops-website\web011-u25-b5-other\app\tools\should-i-replace-erp\page.tsx
===================================================================
--- D:\apps\worktrees\decoded-ops-website\web011-u25-b5-other\app\tools\should-i-replace-erp\page.tsx
+++ D:\apps\worktrees\decoded-ops-website\web011-u25-b5-other\app\tools\should-i-replace-erp\page.tsx
@@ -62,9 +62,9 @@
 <div className="wrap rt-split">
   <div>
     <span className="eyebrow">Free tool</span>
     <h1>Should I replace my ERP?</h1>
-    <p className="lede">Eight yes/no questions to help you decide whether to fix your current system or plan an exit.</p>
+    <p className="lede">Eight yes/no questions to help you decide whether to fix your current ERP for manufacturing or plan an exit.</p>
   </div>
 
   {/* D17 hero art ┬╖ DO-ART-999 */}
   <figure className="d17 sx a999" data-od-id="hero-art" data-motion data-no="DO-ART-999" data-rev="01" data-tx="photo"

[0m
[0mΓåÉ [0mEdit app/tools/should-i-replace-erp/page.tsx
Index: D:\apps\worktrees\decoded-ops-website\web011-u25-b5-other\app\tools\should-i-replace-erp\page.tsx
===================================================================
--- D:\apps\worktrees\decoded-ops-website\web011-u25-b5-other\app\tools\should-i-replace-erp\page.tsx
+++ D:\apps\worktrees\decoded-ops-website\web011-u25-b5-other\app\tools\should-i-replace-erp\page.tsx
@@ -21,9 +21,9 @@
   { id: 8, text: 'Has your business model changed significantly since you bought the system?', weight: 1 },
 ];
 
 const results = [
-  { min: 0, max: 3, label: 'Stay and Optimise', color: '#219EBC', description: 'Not sure if you should replace your ERP, upgrade it, or extend it? Answer 8 questions and get a clear recommendation, plus what an honest assessment would cost.', action: 'Book a Clarity Audit' },
+  { min: 0, max: 3, label: 'Stay and Optimise', color: '#219EBC', description: 'Not sure if you should replace your ERP for manufacturing, upgrade it, or extend it? Answer 8 questions and get a clear recommendation, plus what an honest assessment would cost.', action: 'Book a Clarity Audit' },
   { min: 4, max: 7, label: 'Proceed with Caution', color: '#FFB703', description: 'Not sure if you should replace your ERP, upgrade it, or extend it? Answer 8 questions and get a clear recommendation, plus what an honest assessment would cost.', action: 'Do an Audit First' },
   { min: 8, max: 13, label: 'Plan Your Exit', color: '#FB8500', description: 'Not sure if you should replace your ERP, upgrade it, or extend it? Answer 8 questions and get a clear recommendation, plus what an honest assessment would cost.', action: 'Start Planning' },
 ];
 

[0m
[0mΓåÉ [0mEdit app/tools/should-i-replace-erp/page.tsx
Index: D:\apps\worktrees\decoded-ops-website\web011-u25-b5-other\app\tools\should-i-replace-erp\page.tsx
===================================================================
--- D:\apps\worktrees\decoded-ops-website\web011-u25-b5-other\app\tools\should-i-replace-erp\page.tsx
+++ D:\apps\worktrees\decoded-ops-website\web011-u25-b5-other\app\tools\should-i-replace-erp\page.tsx
@@ -22,9 +22,9 @@
 ];
 
 const results = [
   { min: 0, max: 3, label: 'Stay and Optimise', color: '#219EBC', description: 'Not sure if you should replace your ERP for manufacturing, upgrade it, or extend it? Answer 8 questions and get a clear recommendation, plus what an honest assessment would cost.', action: 'Book a Clarity Audit' },
-  { min: 4, max: 7, label: 'Proceed with Caution', color: '#FFB703', description: 'Not sure if you should replace your ERP, upgrade it, or extend it? Answer 8 questions and get a clear recommendation, plus what an honest assessment would cost.', action: 'Do an Audit First' },
+  { min: 4, max: 7, label: 'Proceed with Caution', color: '#FFB703', description: 'Not sure if you should replace your ERP for manufacturing, upgrade it, or extend it? Answer 8 questions and get a clear recommendation, plus what an honest assessment would cost.', action: 'Do an Audit First' },
   { min: 8, max: 13, label: 'Plan Your Exit', color: '#FB8500', description: 'Not sure if you should replace your ERP, upgrade it, or extend it? Answer 8 questions and get a clear recommendation, plus what an honest assessment would cost.', action: 'Start Planning' },
 ];
 
 type Answer = 'yes' | 'no' | null;

[0m
[0mΓåÉ [0mEdit app/tools/should-i-replace-erp/page.tsx
Index: D:\apps\worktrees\decoded-ops-website\web011-u25-b5-other\app\tools\should-i-replace-erp\page.tsx
===================================================================
--- D:\apps\worktrees\decoded-ops-website\web011-u25-b5-other\app\tools\should-i-replace-erp\page.tsx
+++ D:\apps\worktrees\decoded-ops-website\web011-u25-b5-other\app\tools\should-i-replace-erp\page.tsx
@@ -23,9 +23,9 @@
 
 const results = [
   { min: 0, max: 3, label: 'Stay and Optimise', color: '#219EBC', description: 'Not sure if you should replace your ERP for manufacturing, upgrade it, or extend it? Answer 8 questions and get a clear recommendation, plus what an honest assessment would cost.', action: 'Book a Clarity Audit' },
   { min: 4, max: 7, label: 'Proceed with Caution', color: '#FFB703', description: 'Not sure if you should replace your ERP for manufacturing, upgrade it, or extend it? Answer 8 questions and get a clear recommendation, plus what an honest assessment would cost.', action: 'Do an Audit First' },
-  { min: 8, max: 13, label: 'Plan Your Exit', color: '#FB8500', description: 'Not sure if you should replace your ERP, upgrade it, or extend it? Answer 8 questions and get a clear recommendation, plus what an honest assessment would cost.', action: 'Start Planning' },
+  { min: 8, max: 13, label: 'Plan Your Exit', color: '#FB8500', description: 'Not sure if you should replace your ERP for manufacturing, upgrade it, or extend it? Answer 8 questions and get a clear recommendation, plus what an honest assessment would cost.', action: 'Start Planning' },
 ];
 
 type Answer = 'yes' | 'no' | null;
 

[0m
[0mΓåÉ [0mEdit app/blog/page.tsx
Index: D:\apps\worktrees\decoded-ops-website\web011-u25-b5-other\app\blog\page.tsx
===================================================================
--- D:\apps\worktrees\decoded-ops-website\web011-u25-b5-other\app\blog\page.tsx
+++ D:\apps\worktrees\decoded-ops-website\web011-u25-b5-other\app\blog\page.tsx
@@ -75,9 +75,9 @@
     <h1 className="text-4xl lg:text-5xl font-bold leading-tight mb-6" style={{ fontFamily: 'var(--font-outfit), sans-serif', color: 'var(--do-text-primary)' }}>
       Things I&apos;ve learned the hard way
     </h1>
     <p className="text-lg leading-relaxed" style={{ color: 'var(--do-text-muted)' }}>
-      Plain-English writing on operations, technology, and systems integration for print, embroidery, and decoration businesses. No jargon. No vendor agenda.
+      Plain-English writing on operations, technology, and systems integration for print, decoration, and embroidery business owners. No jargon. No vendor agenda.
     </p>
   </div>
 </section>
 

[0m
Now I have all files read. Let me apply all the edits in parallel batches.
[0mΓåÉ [0mEdit app/blog/page.tsx
Index: D:\apps\worktrees\decoded-ops-website\web011-u25-b5-other\app\blog\page.tsx
===================================================================
--- D:\apps\worktrees\decoded-ops-website\web011-u25-b5-other\app\blog\page.tsx
+++ D:\apps\worktrees\decoded-ops-website\web011-u25-b5-other\app\blog\page.tsx
@@ -113,9 +113,9 @@
 
 <div className="mt-16 p-8 rounded-2xl" style={{ backgroundColor: 'var(--do-surface-dark)' }}>
   <h3 className="text-lg font-bold mb-3" style={{ fontFamily: 'var(--font-outfit), sans-serif', color: 'var(--do-text-on-dark)' }}>Ready to dive deeper?</h3>
   <p className="leading-relaxed mb-6" style={{ color: 'var(--do-sky-blue)' }}>
-    These resources are free. An audit is where things get specific. I quantify every finding, cost every recommendation, and map your next steps.
+    These resources are free, whether you run an embroidery business or another kind of decoration shop. An audit is where things get specific. I quantify every finding, cost every recommendation, and map your next steps.
   </p>
   <Link href="/contact" className="inline-flex items-center gap-2 px-6 py-3.5 rounded-full font-semibold transition-colors" style={{ backgroundColor: 'var(--do-action-primary)', color: 'var(--do-action-primary-text)' }}>
     Book a free discovery call
   </Link>

[0m
[0m# [0mTodos
[Γ£ô] Apply edits to /case-studies
[Γ£ô] Apply edits to /case-studies/case-study-01
[Γ£ô] Apply edits to /case-studies/case-study-02
[Γ£ô] Apply edits to /case-studies/case-study-03
[Γ£ô] Apply edits to /case-studies/eternal-fitness
[Γ£ô] Apply edits to /contact
[Γ£ô] Apply edits to /process-quality-system
[Γ£ô] Apply edits to /resources
[Γ£ô] Apply edits to /resources/5-warning-signs
[Γ£ô] Apply edits to /resources/audit-checklist
[Γ£ô] Apply edits to /resources/capacity-planner
[Γ£ô] Apply edits to /resources/decoded-method
[Γ£ô] Apply edits to /resources/erp-selection-playbook
[Γ£ô] Apply edits to /resources/six-sigma
[Γ£ô] Apply edits to /resources/sop-template
[Γ£ô] Apply edits to /tools/downtime-cost-calculator
[Γ£ô] Apply edits to /tools/ops-health-score
[Γ£ô] Apply edits to /tools/should-i-replace-erp
[Γ£ô] Apply edits to /blog
[ΓÇó] Verify edits with git diff
[ ] Commit and write lane reports
[0m
All edits applied (35 of 36 ΓÇö edit 2 for /case-studies had identical FIND/REPLACE, correctly skipped). Now verify and commit.
[0m$ [0mgit diff --stat
app/blog/page.tsx                             | 4 ++--
 app/case-studies/case-study-01/page.tsx       | 4 ++--
 app/case-studies/case-study-02/page.tsx       | 4 ++--
 app/case-studies/case-study-03/page.tsx       | 4 ++--
 app/case-studies/eternal-fitness/page.tsx     | 4 ++--
 app/case-studies/page.tsx                     | 2 +-
 app/contact/ContactClient.tsx                 | 4 ++--
 app/process-quality-system/page.tsx           | 4 ++--
 app/resources/5-warning-signs/page.tsx        | 4 ++--
 app/resources/audit-checklist/page.tsx        | 4 ++--
 app/resources/capacity-planner/page.tsx       | 2 +-
 app/resources/decoded-method/page.tsx         | 4 ++--
 app/resources/erp-selection-playbook/page.tsx | 4 ++--
 app/resources/page.tsx                        | 4 ++--
 app/resources/six-sigma/page.tsx              | 4 ++--
 app/resources/sop-template/page.tsx           | 2 +-
 app/tools/downtime-cost-calculator/page.tsx   | 2 +-
 app/tools/ops-health-score/page.tsx           | 4 ++--
 app/tools/should-i-replace-erp/page.tsx       | 8 ++++----
 19 files changed, 36 insertions(+), 36 deletions(-)
[0m
19 files changed, all as expected. Now commit and write lane reports.
[0m$ [0mgit add app/blog/page.tsx app/case-studies/case-study-01/page.tsx app/case-studies/case-study-02/page.tsx app/case-studies/case-study-03/page.tsx app/case-studies/eternal-fitness/page.tsx app/case-studies/page.tsx app/contact/ContactClient.tsx app/process-quality-system/page.tsx app/resources/5-warning-signs/page.tsx app/resources/audit-checklist/page.tsx app/resources/capacity-planner/page.tsx app/resources/decoded-method/page.tsx app/resources/erp-selection-playbook/page.tsx app/resources/page.tsx app/resources/six-sigma/page.tsx app/resources/sop-template/page.tsx app/tools/downtime-cost-calculator/page.tsx app/tools/ops-health-score/page.tsx app/tools/should-i-replace-erp/page.tsx && git commit -m "content(seo): phase 2 keyword body copy, resources, tools, case studies (WO-WEB-011 u25)"
[web011-u25-b5-other 4e60d79] content(seo): phase 2 keyword body copy, resources, tools, case studies (WO-WEB-011 u25)
 19 files changed, 36 insertions(+), 36 deletions(-)
[0m
[0m$ [0mmkdir -p .context/lane-reports
(no output)
[0m
[0m$ [0mgit log -1 --format="%H %s"
4e60d79fb4642b936ab914ee799cffc71acebd25 content(seo): phase 2 keyword body copy, resources, tools, case studies (WO-WEB-011 u25)
[0m
[0mΓåÉ [0mWrite .context/lane-reports/LANE-RESULT-web011-u25-b5.json
Wrote file successfully.
[0m
[0mΓåÉ [0mWrite .context/lane-reports/LANE-NOTES-web011-u25-b5.md
Wrote file successfully.
[0m
[0m$ [0mgit add .context/lane-reports/LANE-RESULT-web011-u25-b5.json .context/lane-reports/LANE-NOTES-web011-u25-b5.md && git commit -m "chore: lane reports for web011-u25-b5"
warning: in the working copy of '.context/lane-reports/LANE-NOTES-web011-u25-b5.md', LF will be replaced by CRLF the next time Git touches it
warning: in the working copy of '.context/lane-reports/LANE-RESULT-web011-u25-b5.json', LF will be replaced by CRLF the next time Git touches it
[web011-u25-b5-other a2f8793] chore: lane reports for web011-u25-b5
 2 files changed, 77 insertions(+)
 create mode 100644 .context/lane-reports/LANE-NOTES-web011-u25-b5.md
 create mode 100644 .context/lane-reports/LANE-RESULT-web011-u25-b5.json
[0m
[0m# [0mTodos
[Γ£ô] Apply edits to /case-studies
[Γ£ô] Apply edits to /case-studies/case-study-01
[Γ£ô] Apply edits to /case-studies/case-study-02
[Γ£ô] Apply edits to /case-studies/case-study-03
[Γ£ô] Apply edits to /case-studies/eternal-fitness
[Γ£ô] Apply edits to /contact
[Γ£ô] Apply edits to /process-quality-system
[Γ£ô] Apply edits to /resources
[Γ£ô] Apply edits to /resources/5-warning-signs
[Γ£ô] Apply edits to /resources/audit-checklist
[Γ£ô] Apply edits to /resources/capacity-planner
[Γ£ô] Apply edits to /resources/decoded-method
[Γ£ô] Apply edits to /resources/erp-selection-playbook
[Γ£ô] Apply edits to /resources/six-sigma
[Γ£ô] Apply edits to /resources/sop-template
[Γ£ô] Apply edits to /tools/downtime-cost-calculator
[Γ£ô] Apply edits to /tools/ops-health-score
[Γ£ô] Apply edits to /tools/should-i-replace-erp
[Γ£ô] Apply edits to /blog
[Γ£ô] Verify edits with git diff
[Γ£ô] Commit and write lane reports
[0m
Done. Two commits landed:

1. **`4e60d79`** ΓÇö 35 keyword edits across 19 page files (19 insertions, 19 deletions). Edit 2 for `/case-studies` was identical FIND/REPLACE, skipped.
2. **`a2f8793`** ΓÇö Lane result JSON and notes.

Flag for Craig: `app/blog/page.tsx` says "20 questions" for the audit checklist while `/resources/audit-checklist` says 36. No figure changes allowed in this lane, left as-is.
