[0m
> build · mimo-v2.5
[0m
[0m→ [0mRead .context/lane-briefs/BRIEF-web066-fix1.md
[0m
[0m$ [0mls -d .context/*
Get-ChildItem: Cannot bind parameter 'Depth'. Cannot convert value ".context/*" to type "System.UInt32". Error: "The input string '.context/*' was not in a correct format."
[0m
[0m→ [0mRead .context/lane-briefs/BRIEF-web066-fix1.md
[0m
[0m$ [0mGet-ChildItem -Path ".context" -Directory | Select-Object -ExpandProperty Name
_archive
lane-briefs
lane-reports
lanes
plate-batch-2026-08-07
tools
worktree-salvage
[0m
[0m✱ [0mGrep "translate\(222 180\)"[90m in app/problems/systems-dont-talk · 1 match[0m
[0m
[0m← [0mEdit app/problems/systems-dont-talk/page.tsx
Index: D:\apps\worktrees\decoded-ops-website\web066-art976\app\problems\systems-dont-talk\page.tsx
===================================================================
--- D:\apps\worktrees\decoded-ops-website\web066-art976\app\problems\systems-dont-talk\page.tsx
+++ D:\apps\worktrees\decoded-ops-website\web066-art976\app\problems\systems-dont-talk\page.tsx
@@ -78,9 +78,9 @@
     <text class="t-d" x="280" y="264" text-anchor="middle" style="font-size:16px">are people</text>
   </g>
   <g class="m-pop" style="animation-delay:1.3s" fill="none" stroke="var(--do-amber, #FFB703)" stroke-width="2" stroke-linecap="round">
     <g transform="translate(94 206)"><circle cx="0" cy="0" r="7"/><path d="M-12 24 C-12 13 -6 9 0 9 C6 9 12 13 12 24"/></g>
-    <g transform="translate(222 180)"><circle cx="0" cy="0" r="7"/><path d="M-12 24 C-12 13 -6 9 0 9 C6 9 12 13 12 24"/></g>
+    <g transform="translate(240 168)"><circle cx="0" cy="0" r="7"/><path d="M-12 24 C-12 13 -6 9 0 9 C6 9 12 13 12 24"/></g>
     <g transform="translate(466 206)"><circle cx="0" cy="0" r="7"/><path d="M-12 24 C-12 13 -6 9 0 9 C6 9 12 13 12 24"/></g>
   </g>
   <text class="t-d" x="26" y="404" style="font-size:15px">Each island knows only what it is told. <tspan class="t-a">Nobody sees the whole picture.</tspan></text>
 </svg>

[0m
[0m$ [0mnpx tsc --noEmit 2>&1
(no output)
[0m
[0m$ [0mnpm run build 2>&1
> decoded-ops-next@0.1.0 prebuild
> node scripts/generate-route-slugs.mjs

[route-slugs] 18 problems, 10 sectors, 5 tools

> decoded-ops-next@0.1.0 build
> next build

▲ Next.js 16.3.3 (Turbopack)
✓ Running next.config.ts took 19ms

⚠ The "middleware" file convention is deprecated. Please use "proxy" instead.

  To migrate automatically, run:
  npx @next/codemod@canary middleware-to-proxy .

  Learn more: https://nextjs.org/docs/messages/middleware-to-proxy
⚠ The Edge Runtime is deprecated. You can use the "nodejs" runtime instead. Learn more: https://nextjs.org/docs/messages/edge-runtime-deprecated
  Creating an optimized production build ...
✓ Compiled successfully in 2.0s
  Running TypeScript ...
  Finished TypeScript in 1589ms ...
  Collecting page data using 15 workers ...
⚠ Using edge runtime on a page currently disables static generation for that page
  Generating static pages using 15 workers (0/173) ...
  Generating static pages using 15 workers (43/173) 
  Generating static pages using 15 workers (86/173) 
  Generating static pages using 15 workers (129/173) 
✓ Generating static pages using 15 workers (173/173) in 949ms
  Finalizing page optimization ...

Route (app)                                          Revalidate  Expire
┌ ○ /
├ ○ /_not-found
├ ○ /about
├ ƒ /api/auth/[...nextauth]
├ ƒ /api/auth/login
├ ƒ /api/clients/documents/[id]/questionnaire
├ ƒ /api/clients/documents/[id]/sign
├ ƒ /api/clients/uploads
├ ƒ /api/contact
├ ƒ /api/tools/capture
├ ○ /apps
├ ○ /apps/commerce
├ ○ /apps/proof
├ ○ /apps/works
├ ○ /blog                                                    5m      1y
├ ƒ /blog/[slug]
├ ○ /case-studies
├ ○ /case-studies/case-study-01
├ ○ /case-studies/case-study-02
├ ○ /case-studies/case-study-03
├ ○ /case-studies/eternal-fitness
├ ○ /clarity
├ ƒ /clients/[clientId]
├ ƒ /clients/dashboard
├ ƒ /clients/documents
├ ƒ /clients/documents/view/[id]
├ ○ /clients/login
├ ƒ /clients/project
├ ○ /contact
├ ○ /cookies
├ ○ /deliver
├ ○ /how-i-build
├ ○ /locations/fractional-cto
├   /locations/fractional-cto/[location]
│ ├ ● /locations/fractional-cto/chichester
│ ├ ● /locations/fractional-cto/worthing
│ ├ ● /locations/fractional-cto/horsham
│ └ ● [+26 more paths]
├ ○ /locations/tech-audit
├   /locations/tech-audit/[location]
│ ├ ● /locations/tech-audit/chichester
│ ├ ● /locations/tech-audit/worthing
│ ├ ● /locations/tech-audit/horsham
│ └ ● [+26 more paths]
├ ƒ /opengraph-image
├ ○ /pricing
├ ○ /privacy
├ ○ /problems
├ ○ /problems/ai-paralysis
├ ○ /problems/bottleneck-growth
├ ○ /problems/buy-vs-build
├ ○ /problems/cant-scale-operations
├ ○ /problems/data-scattered
├ ○ /problems/disaster-recovery
├ ○ /problems/ecommerce-not-connected
├ ○ /problems/erp-implementation-failure
├ ○ /problems/inventory-blind
├ ○ /problems/legacy-system
├ ○ /problems/manual-workarounds
├ ○ /problems/no-ops-owner
├ ○ /problems/ops-in-owners-head
├ ○ /problems/seasonal-peaks
├ ○ /problems/slow-processes
├ ○ /problems/spreadsheet-addiction
├ ○ /problems/systems-dont-talk
├ ○ /problems/wrong-erp-software
├ ○ /process-quality-system
├ ○ /resources
├ ○ /resources/5-warning-signs
├ ○ /resources/artwork-approval-playbook
├ ○ /resources/audit-checklist
├ ○ /resources/capacity-planner
├ ○ /resources/decoded-method
├ ○ /resources/erp-selection-playbook
├ ○ /resources/seasonal-capacity
├ ○ /resources/six-sigma
├ ○ /resources/sop-template
├ ○ /retained
├ ƒ /robots.txt
├ ○ /sectors/awards-engraving
├ ○ /sectors/garment-decoration
├ ○ /sectors/labels-packaging
├ ○ /sectors/operations-consultant-print-embroidery
├ ○ /sectors/print-promotional
├ ○ /sectors/promotional-merchandise
├ ○ /sectors/schoolwear
├ ○ /sectors/signs-graphics
├ ○ /sectors/teamwear-clubwear
├ ○ /sectors/workwear
├ ƒ /sitemap.xml
├ ○ /small-business
├ ○ /tools
├ ○ /tools/automation-roi-calculator
├ ○ /tools/downtime-cost-calculator
├ ○ /tools/ops-health-score
├ ○ /tools/rto-calculator
├ ○ /tools/should-i-replace-erp
└ ○ /transform


ƒ Proxy (Middleware)

○  (Static)   prerendered as static content
●  (SSG)      prerendered as static HTML (uses generateStaticParams)
ƒ  (Dynamic)  server-rendered on demand
[0m
[0m$ [0mgit add -A && git commit -m "fix(art): DO-ART-976 middle person clear of bridges box (BUG-WEB-037)"
warning: in the working copy of 'data/route-slugs.json', LF will be replaced by CRLF the next time Git touches it
warning: in the working copy of '.context/lane-briefs/BRIEF-web066-fix1.md', LF will be replaced by CRLF the next time Git touches it
[web066-art976 141d3dd] fix(art): DO-ART-976 middle person clear of bridges box (BUG-WEB-037)
 2 files changed, 5 insertions(+), 1 deletion(-)
 create mode 100644 .context/lane-briefs/BRIEF-web066-fix1.md
[0m
[0m$ [0mgit log --oneline -1
141d3dd fix(art): DO-ART-976 middle person clear of bridges box (BUG-WEB-037)
[0m
[0m$ [0mgit diff HEAD~1 --stat
.context/lane-briefs/BRIEF-web066-fix1.md | 4 ++++
 app/problems/systems-dont-talk/page.tsx   | 2 +-
 2 files changed, 5 insertions(+), 1 deletion(-)
[0m
[0m✱ [0mGrep "translate\(222 180\)"[90m in . · 2 matches[0m
[0m
[0m← [0mWrite .context/lane-reports/LANE-RESULT-web066-fix1.json
Wrote file successfully.
[0m
[0m← [0mWrite .context/lane-reports/LANE-NOTES-web066-fix1.md
Wrote file successfully.
[0m
Now write the lane exit files.
[0m$ [0mgit add -A && git commit -m "chore: lane exit files for web066-fix1"
warning: in the working copy of '.context/lane-reports/LANE-NOTES-web066-fix1.md', LF will be replaced by CRLF the next time Git touches it
warning: in the working copy of '.context/lane-reports/LANE-RESULT-web066-fix1.json', LF will be replaced by CRLF the next time Git touches it
[web066-art976 eb7b0f1] chore: lane exit files for web066-fix1
 2 files changed, 13 insertions(+)
 create mode 100644 .context/lane-reports/LANE-NOTES-web066-fix1.md
 create mode 100644 .context/lane-reports/LANE-RESULT-web066-fix1.json
[0m
**Done.** Two commits on `web066-art976`:

1. `141d3dd` — `fix(art): DO-ART-976 middle person clear of bridges box (BUG-WEB-037)` — moved SVG `<g>` from `translate(222 180)` to `translate(240 168)` in `app/problems/systems-dont-talk/page.tsx:82`
2. `eb7b0f1` — lane exit files (`LANE-RESULT-web066-fix1.json`, `LANE-NOTES-web066-fix1.md`)

**Verify:** tsc clean (0 errors), build succeeded (173 pages), escape grep 0 hits in application code.
