[0m
> build · mimo-v2.5
[0m
[0m→ [0mRead .context/lane-briefs/BRIEF-web065-fix1.md
[0m→ [0mRead app/tools/ops-health-score/layout.tsx
[0m
[0m$ [0mgit show --stat a4d7835
commit a4d783579a3867a65f9129540d642fe5587b8eef
Author: craigblackman1-rgb <craig.blackman1@gmail.com>
Date:   Fri Sep 25 16:30:37 2026 +0100

    feat(seo): keyword-mapped titles and descriptions (CR-WEB-058)

 .context/lane-briefs/BRIEF-web058-onpage.md        |   18 +
 .context/lane-briefs/onpage-web058.json            | 2288 ++++++++++++++++++++
 app/about/page.tsx                                 |   12 +-
 app/apps/commerce/page.tsx                         |   12 +-
 app/apps/page.tsx                                  |   12 +-
 app/apps/proof/page.tsx                            |   12 +-
 app/apps/works/page.tsx                            |   12 +-
 app/blog/page.tsx                                  |   12 +-
 app/case-studies/case-study-01/page.tsx            |   12 +-
 app/case-studies/case-study-02/page.tsx            |   12 +-
 app/case-studies/case-study-03/page.tsx            |   12 +-
 app/case-studies/eternal-fitness/page.tsx          |   12 +-
 app/case-studies/page.tsx                          |   12 +-
 app/clarity/page.tsx                               |   12 +-
 app/contact/page.tsx                               |   12 +-
 app/cookies/page.tsx                               |   12 +-
 app/deliver/page.tsx                               |   12 +-
 app/how-i-build/page.tsx                           |   12 +-
 app/layout.tsx                                     |   12 +-
 app/locations/fractional-cto/[location]/page.tsx   |   12 +-
 app/locations/fractional-cto/page.tsx              |   12 +-
 app/locations/tech-audit/[location]/page.tsx       |   12 +-
 app/locations/tech-audit/page.tsx                  |   12 +-
 app/page.tsx                                       |   12 +-
 app/pricing/page.tsx                               |   12 +-
 app/privacy/page.tsx                               |   12 +-
 app/problems/ai-paralysis/page.tsx                 |   12 +-
 app/problems/bottleneck-growth/page.tsx            |   12 +-
 app/problems/buy-vs-build/page.tsx                 |   12 +-
 app/problems/cant-scale-operations/page.tsx        |   14 +-
 app/problems/data-scattered/page.tsx               |   12 +-
 app/problems/disaster-recovery/page.tsx            |   12 +-
 app/problems/ecommerce-not-connected/page.tsx      |   12 +-
 app/problems/erp-implementation-failure/page.tsx   |   12 +-
 app/problems/inventory-blind/page.tsx              |   12 +-
 app/problems/legacy-system/page.tsx                |   12 +-
 app/problems/manual-workarounds/page.tsx           |   12 +-
 app/problems/no-ops-owner/page.tsx                 |   12 +-
 app/problems/ops-in-owners-head/page.tsx           |   12 +-
 app/problems/page.tsx                              |   12 +-
 app/problems/seasonal-peaks/page.tsx               |   12 +-
 app/problems/slow-processes/page.tsx               |   12 +-
 app/problems/spreadsheet-addiction/page.tsx        |   12 +-
 app/problems/systems-dont-talk/page.tsx            |   12 +-
 app/problems/wrong-erp-software/page.tsx           |   12 +-
 app/process-quality-system/page.tsx                |   12 +-
 app/resources/5-warning-signs/page.tsx             |   12 +-
 app/resources/artwork-approval-playbook/page.tsx   |   12 +-
 app/resources/audit-checklist/page.tsx             |   14 +-
 app/resources/decoded-method/page.tsx              |   12 +-
 app/resources/erp-selection-playbook/page.tsx      |   12 +-
 app/resources/page.tsx                             |   12 +-
 app/resources/six-sigma/page.tsx                   |   12 +-
 app/resources/sop-template/page.tsx                |   12 +-
 app/retained/page.tsx                              |   12 +-
 app/sectors/awards-engraving/page.tsx              |   12 +-
 app/sectors/garment-decoration/page.tsx            |   12 +-
 app/sectors/labels-packaging/page.tsx              |   12 +-
 .../page.tsx                                       |   12 +-
 app/sectors/print-promotional/page.tsx             |   12 +-
 app/sectors/promotional-merchandise/page.tsx       |   12 +-
 app/sectors/schoolwear/page.tsx                    |   12 +-
 app/sectors/signs-graphics/page.tsx                |   12 +-
 app/sectors/teamwear-clubwear/page.tsx             |   12 +-
 app/sectors/workwear/page.tsx                      |   12 +-
 app/small-business/page.tsx                        |   12 +-
 app/tools/automation-roi-calculator/page.tsx       |   15 +-
 app/tools/downtime-cost-calculator/page.tsx        |   15 +-
 app/tools/ops-health-score/layout.tsx              |   14 +-
 app/tools/ops-health-score/page.tsx                |    1 +
 app/tools/page.tsx                                 |   12 +-
 app/tools/rto-calculator/page.tsx                  |   15 +-
 app/tools/should-i-replace-erp/layout.tsx          |   16 +-
 app/tools/should-i-replace-erp/page.tsx            |    1 +
 app/transform/page.tsx                             |   12 +-
 data/blog-index.json                               |  198 +-
 data/locations.ts                                  |  120 +
 scripts/check-onpage-seo.mjs                       |   81 +
 78 files changed, 3106 insertions(+), 472 deletions(-)
[0m
[0m→ [0mRead app/tools/should-i-replace-erp/layout.tsx
[0m
[0m$ [0mgit diff a4d7835~1 a4d7835 -- app/tools/ops-health-score/layout.tsx
diff --git a/app/tools/ops-health-score/layout.tsx b/app/tools/ops-health-score/layout.tsx
index 1b23aff..985d041 100644
--- a/app/tools/ops-health-score/layout.tsx
+++ b/app/tools/ops-health-score/layout.tsx
@@ -1,19 +1,17 @@
 import type { Metadata } from 'next';
 
 export const metadata: Metadata = {
-  title: 'Ops Health Score: Decoded Ops',
-  description: 'Rate your business across five operational dimensions: systems integration, processes, data quality, team capability, and technology strategy.',
-  alternates: { canonical: '/tools/ops-health-score' },
+  title: 'Ops Health Score | Decoded Ops',
+  description: 'Rate your business across five operational dimensions with the free Ops Health Score: systems integration, process, data quality and team capability.',
   openGraph: {
-    title: 'Ops Health Score: Decoded Ops',
-    description: 'Rate your operations across five dimensions and see where to focus first.',
+    title: 'Ops Health Score | Decoded Ops',
+    description: 'Rate your business across five operational dimensions with the free Ops Health Score: systems integration, process, data quality and team capability.',
     url: 'https://decodedops.co.uk/tools/ops-health-score',
-    images: [{ url: '/opengraph-image', width: 1200, height: 630 }],
   },
   twitter: {
     card: 'summary_large_image',
-    title: 'Ops Health Score: Decoded Ops',
-    description: 'Rate your operations across five dimensions and see where to focus first.',
+    title: 'Ops Health Score | Decoded Ops',
+    description: 'Rate your business across five operational dimensions with the free Ops Health Score: systems integration, process, data quality and team capability.',
   },
 };
[0m
[0m$ [0mgit diff a4d7835~1 a4d7835 -- app/tools/should-i-replace-erp/layout.tsx
diff --git a/app/tools/should-i-replace-erp/layout.tsx b/app/tools/should-i-replace-erp/layout.tsx
index 48a5f5f..0f1e64d 100644
--- a/app/tools/should-i-replace-erp/layout.tsx
+++ b/app/tools/should-i-replace-erp/layout.tsx
@@ -1,22 +1,20 @@
 import type { Metadata } from 'next';
 
 export const metadata: Metadata = {
-  title: 'Should I Replace My ERP? Free Decision Tool: Decoded Ops',
-  description:     'Not sure if you should replace your ERP, upgrade it, or extend it? Answer 8 questions and get a clear recommendation, plus what an honest assessment would cost.',
-  alternates: { canonical: '/tools/should-i-replace-erp' },
+  title: 'Should I Replace My ERP | Decoded Ops',
+  description: 'Not sure whether to replace your ERP, upgrade it or extend it. Answer eight questions and get a clear recommendation, plus what an honest assessment costs.',
   openGraph: {
-    title: 'Should I Replace My ERP? Free Decision Tool: Decoded Ops',
-    description:     'Not sure if you should replace your ERP, upgrade it, or extend it? Answer 8 questions and get a clear recommendation, plus what an honest assessment would cost.',
+    title: 'Should I Replace My ERP | Decoded Ops',
+    description: 'Not sure whether to replace your ERP, upgrade it or extend it. Answer eight questions and get a clear recommendation, plus what an honest assessment costs.',
     url: 'https://decodedops.co.uk/tools/should-i-replace-erp',
-    images: [{ url: '/opengraph-image', width: 1200, height: 630 }],
   },
   twitter: {
     card: 'summary_large_image',
-    title: 'Should I Replace My ERP? Free Decision Tool: Decoded Ops',
-    description:     'Not sure if you should replace your ERP, upgrade it, or extend it? Answer 8 questions and get a clear recommendation, plus what an honest assessment would cost.',
+    title: 'Should I Replace My ERP | Decoded Ops',
+    description: 'Not sure whether to replace your ERP, upgrade it or extend it. Answer eight questions and get a clear recommendation, plus what an honest assessment costs.',
   },
 };
 
-export default function ShouldReplaceERPLayout({ children }: { children: React.ReactNode }) {
+export default function ShouldIReplaceERPLayout({ children }: { children: React.ReactNode }) {
   return children;
 }
[0m
[0m✱ [0mGrep "export (const|function|default)"[90m in lib · 2 matches[0m
[0m→ [0mRead lib/seo.ts
[0m✱ [0mGlob "app/resources/capacity-planner/**/*"[90m in . · 1 match[0m
[0m✱ [0mGlob "app/resources/seasonal-capacity/**/*"[90m in . · 1 match[0m
[0m→ [0mRead app/resources/capacity-planner/page.tsx
[0m→ [0mRead app/resources/seasonal-capacity/page.tsx
[0m
[0m← [0mEdit app/tools/ops-health-score/layout.tsx
Index: D:\apps\worktrees\decoded-ops-website\web065-tech-seo\app\tools\ops-health-score\layout.tsx
===================================================================
--- D:\apps\worktrees\decoded-ops-website\web065-tech-seo\app\tools\ops-health-score\layout.tsx
+++ D:\apps\worktrees\decoded-ops-website\web065-tech-seo\app\tools\ops-health-score\layout.tsx
@@ -1,18 +1,22 @@
 import type { Metadata } from 'next';
+import { OG_IMAGE, OG_IMAGE_PATH } from '@/lib/seo';
 
 export const metadata: Metadata = {
   title: 'Ops Health Score | Decoded Ops',
   description: 'Rate your business across five operational dimensions with the free Ops Health Score: systems integration, process, data quality and team capability.',
+  alternates: { canonical: '/tools/ops-health-score' },
   openGraph: {
     title: 'Ops Health Score | Decoded Ops',
     description: 'Rate your business across five operational dimensions with the free Ops Health Score: systems integration, process, data quality and team capability.',
     url: 'https://decodedops.co.uk/tools/ops-health-score',
+    images: OG_IMAGE,
   },
   twitter: {
     card: 'summary_large_image',
     title: 'Ops Health Score | Decoded Ops',
     description: 'Rate your business across five operational dimensions with the free Ops Health Score: systems integration, process, data quality and team capability.',
+    images: [OG_IMAGE_PATH],
   },
 };
 
 export default function OpsHealthScoreLayout({ children }: { children: React.ReactNode }) {

[0m
[0m← [0mEdit app/tools/should-i-replace-erp/layout.tsx
Index: D:\apps\worktrees\decoded-ops-website\web065-tech-seo\app\tools\should-i-replace-erp\layout.tsx
===================================================================
--- D:\apps\worktrees\decoded-ops-website\web065-tech-seo\app\tools\should-i-replace-erp\layout.tsx
+++ D:\apps\worktrees\decoded-ops-website\web065-tech-seo\app\tools\should-i-replace-erp\layout.tsx
@@ -1,18 +1,22 @@
 import type { Metadata } from 'next';
+import { OG_IMAGE, OG_IMAGE_PATH } from '@/lib/seo';
 
 export const metadata: Metadata = {
   title: 'Should I Replace My ERP | Decoded Ops',
   description: 'Not sure whether to replace your ERP, upgrade it or extend it. Answer eight questions and get a clear recommendation, plus what an honest assessment costs.',
+  alternates: { canonical: '/tools/should-i-replace-erp' },
   openGraph: {
     title: 'Should I Replace My ERP | Decoded Ops',
     description: 'Not sure whether to replace your ERP, upgrade it or extend it. Answer eight questions and get a clear recommendation, plus what an honest assessment costs.',
     url: 'https://decodedops.co.uk/tools/should-i-replace-erp',
+    images: OG_IMAGE,
   },
   twitter: {
     card: 'summary_large_image',
     title: 'Should I Replace My ERP | Decoded Ops',
     description: 'Not sure whether to replace your ERP, upgrade it or extend it. Answer eight questions and get a clear recommendation, plus what an honest assessment costs.',
+    images: [OG_IMAGE_PATH],
   },
 };
 
 export default function ShouldIReplaceERPLayout({ children }: { children: React.ReactNode }) {

[0m
[0m← [0mEdit app/resources/capacity-planner/page.tsx
Index: D:\apps\worktrees\decoded-ops-website\web065-tech-seo\app\resources\capacity-planner\page.tsx
===================================================================
--- D:\apps\worktrees\decoded-ops-website\web065-tech-seo\app\resources\capacity-planner\page.tsx
+++ D:\apps\worktrees\decoded-ops-website\web065-tech-seo\app\resources\capacity-planner\page.tsx
@@ -3,8 +3,9 @@
 import { ArrowRight } from 'lucide-react';
 import { JsonLd } from '@/components/JsonLd';
 import { CapacityPlannerCalculator } from '@/components/calculators/CapacityPlannerCalculator';
 import { D17Motion } from '@/components/D17Motion';
+import { OG_IMAGE, OG_IMAGE_PATH } from '@/lib/seo';
 import '@/app/d17-global.css';
 import '@/app/d17-problems.css';
 import '@/app/d17-resources.css';
 

[0m
[0m← [0mEdit app/resources/capacity-planner/page.tsx
Index: D:\apps\worktrees\decoded-ops-website\web065-tech-seo\app\resources\capacity-planner\page.tsx
===================================================================
--- D:\apps\worktrees\decoded-ops-website\web065-tech-seo\app\resources\capacity-planner\page.tsx
+++ D:\apps\worktrees\decoded-ops-website\web065-tech-seo\app\resources\capacity-planner\page.tsx
@@ -20,22 +20,24 @@
   url: 'https://decodedops.co.uk/resources/capacity-planner',
 };
 
 export const metadata: Metadata = {
-  title: 'Capacity Planning Calculator: Decoded Ops',
+  title: { absolute: 'Capacity Planning Calculator for Print | Decoded Ops' },
   description:
-    'Work out how many jobs your setup can actually produce per week. Free tool for print, embroidery, and decoration businesses.',
+    'A free capacity planning calculator for print and embroidery businesses. Work out how many jobs your machines and team can take on each week.',
   alternates: { canonical: '/resources/capacity-planner' },
   openGraph: {
     type: 'website',
-    title: 'Capacity Planning Calculator: Decoded Ops',
-    description: 'Work out how many jobs your setup can actually produce per week. Free tool for print, embroidery, and decoration businesses.',
+    title: 'Capacity Planning Calculator for Print | Decoded Ops',
+    description: 'A free capacity planning calculator for print and embroidery businesses. Work out how many jobs your machines and team can take on each week.',
     url: 'https://decodedops.co.uk/resources/capacity-planner',
+    images: OG_IMAGE,
   },
   twitter: {
     card: 'summary_large_image',
-    title: 'Capacity Planning Calculator: Decoded Ops',
-    description: 'Work out how many jobs your setup can actually produce per week. Free tool for print, embroidery, and decoration businesses.',
+    title: 'Capacity Planning Calculator for Print | Decoded Ops',
+    description: 'A free capacity planning calculator for print and embroidery businesses. Work out how many jobs your machines and team can take on each week.',
+    images: [OG_IMAGE_PATH],
   },
 };
 
 export default function CapacityPlannerPage() {

[0m
[0m← [0mEdit app/resources/seasonal-capacity/page.tsx
Index: D:\apps\worktrees\decoded-ops-website\web065-tech-seo\app\resources\seasonal-capacity\page.tsx
===================================================================
--- D:\apps\worktrees\decoded-ops-website\web065-tech-seo\app\resources\seasonal-capacity\page.tsx
+++ D:\apps\worktrees\decoded-ops-website\web065-tech-seo\app\resources\seasonal-capacity\page.tsx
@@ -3,8 +3,9 @@
 import { ArrowRight } from 'lucide-react';
 import { JsonLd } from '@/components/JsonLd';
 import { SeasonalCapacityCalculator } from '@/components/calculators/SeasonalCapacityCalculator';
 import { D17Motion } from '@/components/D17Motion';
+import { OG_IMAGE, OG_IMAGE_PATH } from '@/lib/seo';
 import '@/app/d17-global.css';
 import '@/app/d17-problems.css';
 import '@/app/d17-resources.css';
 

[0m
[0m← [0mEdit app/resources/seasonal-capacity/page.tsx
Index: D:\apps\worktrees\decoded-ops-website\web065-tech-seo\app\resources\seasonal-capacity\page.tsx
===================================================================
--- D:\apps\worktrees\decoded-ops-website\web065-tech-seo\app\resources\seasonal-capacity\page.tsx
+++ D:\apps\worktrees\decoded-ops-website\web065-tech-seo\app\resources\seasonal-capacity\page.tsx
@@ -20,22 +20,24 @@
   url: 'https://decodedops.co.uk/resources/seasonal-capacity',
 };
 
 export const metadata: Metadata = {
-  title: 'Seasonal Capacity Calculator: Decoded Ops',
+  title: { absolute: 'Seasonal Capacity Calculator for Print | Decoded Ops' },
   description:
-    'See where your capacity gap or surplus lands across the year. Free tool for print, embroidery, and decoration businesses.',
+    'A free seasonal capacity calculator for print, embroidery and workwear businesses. See whether your busiest months fit your machines and your team.',
   alternates: { canonical: '/resources/seasonal-capacity' },
   openGraph: {
     type: 'website',
-    title: 'Seasonal Capacity Calculator: Decoded Ops',
-    description: 'See where your capacity gap or surplus lands across the year. Free tool for print, embroidery, and decoration businesses.',
+    title: 'Seasonal Capacity Calculator for Print | Decoded Ops',
+    description: 'A free seasonal capacity calculator for print, embroidery and workwear businesses. See whether your busiest months fit your machines and your team.',
     url: 'https://decodedops.co.uk/resources/seasonal-capacity',
+    images: OG_IMAGE,
   },
   twitter: {
     card: 'summary_large_image',
-    title: 'Seasonal Capacity Calculator: Decoded Ops',
-    description: 'See where your capacity gap or surplus lands across the year. Free tool for print, embroidery, and decoration businesses.',
+    title: 'Seasonal Capacity Calculator for Print | Decoded Ops',
+    description: 'A free seasonal capacity calculator for print, embroidery and workwear businesses. See whether your busiest months fit your machines and your team.',
+    images: [OG_IMAGE_PATH],
   },
 };
 
 export default function SeasonalCapacityPage() {

[0m
Now I have all the context. Let me make all four file edits in parallel.
Now let me grep the other files changed in a4d7835 for lost metadata.
[0m$ [0mgit show --stat a4d7835 --diff-filter=M -- "app/**/layout.tsx" "app/**/page.tsx" | Select-String "\.(tsx|ts)" | ForEach-Object { ($_ -split '\|')[0].Trim() } | Where-Object { $_ -ne '' -and $_ -notmatch '^\s*$' }
app/about/page.tsx
app/apps/commerce/page.tsx
app/apps/page.tsx
app/apps/proof/page.tsx
app/apps/works/page.tsx
app/blog/page.tsx
app/case-studies/case-study-01/page.tsx
app/case-studies/case-study-02/page.tsx
app/case-studies/case-study-03/page.tsx
app/case-studies/eternal-fitness/page.tsx
app/case-studies/page.tsx
app/clarity/page.tsx
app/contact/page.tsx
app/cookies/page.tsx
app/deliver/page.tsx
app/how-i-build/page.tsx
app/locations/fractional-cto/[location]/page.tsx
app/locations/fractional-cto/page.tsx
app/locations/tech-audit/[location]/page.tsx
app/locations/tech-audit/page.tsx
app/pricing/page.tsx
app/privacy/page.tsx
app/problems/ai-paralysis/page.tsx
app/problems/bottleneck-growth/page.tsx
app/problems/buy-vs-build/page.tsx
app/problems/cant-scale-operations/page.tsx
app/problems/data-scattered/page.tsx
app/problems/disaster-recovery/page.tsx
app/problems/ecommerce-not-connected/page.tsx
app/problems/erp-implementation-failure/page.tsx
app/problems/inventory-blind/page.tsx
app/problems/legacy-system/page.tsx
app/problems/manual-workarounds/page.tsx
app/problems/no-ops-owner/page.tsx
app/problems/ops-in-owners-head/page.tsx
app/problems/page.tsx
app/problems/seasonal-peaks/page.tsx
app/problems/slow-processes/page.tsx
app/problems/spreadsheet-addiction/page.tsx
app/problems/systems-dont-talk/page.tsx
app/problems/wrong-erp-software/page.tsx
app/process-quality-system/page.tsx
app/resources/5-warning-signs/page.tsx
app/resources/artwork-approval-playbook/page.tsx
app/resources/audit-checklist/page.tsx
app/resources/decoded-method/page.tsx
app/resources/erp-selection-playbook/page.tsx
app/resources/page.tsx
app/resources/six-sigma/page.tsx
app/resources/sop-template/page.tsx
app/retained/page.tsx
app/sectors/awards-engraving/page.tsx
app/sectors/garment-decoration/page.tsx
app/sectors/labels-packaging/page.tsx
.../operations-consultant-print-embroidery/page.tsx
app/sectors/print-promotional/page.tsx
app/sectors/promotional-merchandise/page.tsx
app/sectors/schoolwear/page.tsx
app/sectors/signs-graphics/page.tsx
app/sectors/teamwear-clubwear/page.tsx
app/sectors/workwear/page.tsx
app/small-business/page.tsx
app/tools/automation-roi-calculator/page.tsx
app/tools/downtime-cost-calculator/page.tsx
app/tools/ops-health-score/layout.tsx
app/tools/ops-health-score/page.tsx
app/tools/page.tsx
app/tools/rto-calculator/page.tsx
app/tools/should-i-replace-erp/layout.tsx
app/tools/should-i-replace-erp/page.tsx
app/transform/page.tsx
[0m
[0m$ [0m$files = @(
'app/about/page.tsx',
'app/apps/commerce/page.tsx',
'app/apps/page.tsx',
'app/apps/proof/page.tsx',
'app/apps/works/page.tsx',
'app/blog/page.tsx',
'app/case-studies/case-study-01/page.tsx',
'app/case-studies/case-study-02/page.tsx',
'app/case-studies/case-study-03/page.tsx',
'app/case-studies/eternal-fitness/page.tsx',
'app/case-studies/page.tsx',
'app/clarity/page.tsx',
'app/contact/page.tsx',
'app/cookies/page.tsx',
'app/deliver/page.tsx',
'app/how-i-build/page.tsx',
'app/locations/fractional-cto/[location]/page.tsx',
'app/locations/fractional-cto/page.tsx',
'app/locations/tech-audit/[location]/page.tsx',
'app/locations/tech-audit/page.tsx',
'app/pricing/page.tsx',
'app/privacy/page.tsx',
'app/problems/ai-paralysis/page.tsx',
'app/problems/bottleneck-growth/page.tsx',
'app/problems/buy-vs-build/page.tsx',
'app/problems/cant-scale-operations/page.tsx',
'app/problems/data-scattered/page.tsx',
'app/problems/disaster-recovery/page.tsx',
'app/problems/ecommerce-not-connected/page.tsx',
'app/problems/erp-implementation-failure/page.tsx',
'app/problems/inventory-blind/page.tsx',
'app/problems/legacy-system/page.tsx',
'app/problems/manual-workarounds/page.tsx',
'app/problems/no-ops-owner/page.tsx',
'app/problems/ops-in-owners-head/page.tsx',
'app/problems/page.tsx',
'app/problems/seasonal-peaks/page.tsx',
'app/problems/slow-processes/page.tsx',
'app/problems/spreadsheet-addiction/page.tsx',
'app/problems/systems-dont-talk/page.tsx',
'app/problems/wrong-erp-software/page.tsx',
'app/process-quality-system/page.tsx',
'app/resources/5-warning-signs/page.tsx',
'app/resources/artwork-approval-playbook/page.tsx',
'app/resources/audit-checklist/page.tsx',
'app/resources/decoded-method/page.tsx',
'app/resources/erp-selection-playbook/page.tsx',
'app/resources/page.tsx',
'app/resources/six-sigma/page.tsx',
'app/resources/sop-template/page.tsx',
'app/retained/page.tsx',
'app/sectors/awards-engraving/page.tsx',
'app/sectors/garment-decoration/page.tsx',
'app/sectors/labels-packaging/page.tsx',
'app/sectors/operations-consultant-print-embroidery/page.tsx',
'app/sectors/print-promotional/page.tsx',
'app/sectors/promotional-merchandise/page.tsx',
'app/sectors/schoolwear/page.tsx',
'app/sectors/signs-graphics/page.tsx',
'app/sectors/teamwear-clubwear/page.tsx',
'app/sectors/workwear/page.tsx',
'app/small-business/page.tsx',
'app/tools/automation-roi-calculator/page.tsx',
'app/tools/downtime-cost-calculator/page.tsx',
'app/tools/page.tsx',
'app/tools/rto-calculator/page.tsx',
'app/transform/page.tsx'
)
foreach ($f in $files) {
  $parent = (git show a4d7835~1`:encodeUri($f) 2>&1)
  $current = (git show a4d7835`:encodeUri($f) 2>&1)
  $hadAlternates = $parent -match 'alternates'
  $hasAlternates = $current -match 'alternates'
  $hadOgImages = $parent -match 'images.*OG_IMAGE|images:.*\[.*\]'
  $hasOgImages = $current -match 'images.*OG_IMAGE|images:.*\[.*\]'
  $hadOgUrl = $parent -match 'openGraph.*url|url.*decodedops'
  $hasOgUrl = $current -match 'openGraph.*url|url.*decodedops'
  if (($hadAlternates -and -not $hasAlternates) -or ($hadOgImages -and -not $hasOgImages) -or ($hadOgUrl -and -not $hasOgUrl)) {
    Write-Output "LOST: $f (alternates: $hadAlternates->$hasAlternates, ogImages: $hadOgImages->$hasOgImages, ogUrl: $hadOgUrl->$hasOgUrl)"
  }
}
Write-Output "DONE"
DONE
[0m
No other files lost metadata. Now verify with tsc and build.
[0m$ [0mnpx tsc --noEmit 2>&1
(no output)
[0m
[0m$ [0mnpm run build 2>&1
> decoded-ops-next@0.1.0 prebuild
> node scripts/generate-route-slugs.mjs

[route-slugs] 18 problems, 10 sectors, 5 tools

> decoded-ops-next@0.1.0 build
> next build

▲ Next.js 16.3.3 (Turbopack)
✓ Running next.config.ts took 26ms

⚠ The "middleware" file convention is deprecated. Please use "proxy" instead.

  To migrate automatically, run:
  npx @next/codemod@canary middleware-to-proxy .

  Learn more: https://nextjs.org/docs/messages/middleware-to-proxy
⚠ The Edge Runtime is deprecated. You can use the "nodejs" runtime instead. Learn more: https://nextjs.org/docs/messages/edge-runtime-deprecated
  Creating an optimized production build ...
✓ Compiled successfully in 2.6s
  Running TypeScript ...
  Finished TypeScript in 2.3s ...
  Collecting page data using 15 workers ...
⚠ Using edge runtime on a page currently disables static generation for that page
  Generating static pages using 15 workers (0/173) ...
  Generating static pages using 15 workers (43/173) 
  Generating static pages using 15 workers (86/173) 
  Generating static pages using 15 workers (129/173) 
✓ Generating static pages using 15 workers (173/173) in 1069ms
  Finalizing page optimization ...

Route (app)                                          Revalidate  Expire
┌ ○ /
├ ○ /_not-found
├ ○ /about
├ ƒ /api/auth/[...nextauth]
├ ƒ /api/auth/login
├ ƒ /api/clients/documents/[id]/questionnaire
├ ƒ /api/clients/documents/[id]/sign
├ ƒ /api/clients/uploads
├ ƒ /api/contact
├ ƒ /api/tools/capture
├ ○ /apps
├ ○ /apps/commerce
├ ○ /apps/proof
├ ○ /apps/works
├ ○ /blog                                                    5m      1y
├ ƒ /blog/[slug]
├ ○ /case-studies
├ ○ /case-studies/case-study-01
├ ○ /case-studies/case-study-02
├ ○ /case-studies/case-study-03
├ ○ /case-studies/eternal-fitness
├ ○ /clarity
├ ƒ /clients/[clientId]
├ ƒ /clients/dashboard
├ ƒ /clients/documents
├ ƒ /clients/documents/view/[id]
├ ○ /clients/login
├ ƒ /clients/project
├ ○ /contact
├ ○ /cookies
├ ○ /deliver
├ ○ /how-i-build
├ ○ /locations/fractional-cto
├   /locations/fractional-cto/[location]
│ ├ ● /locations/fractional-cto/chichester
│ ├ ● /locations/fractional-cto/worthing
│ ├ ● /locations/fractional-cto/horsham
│ └ ● [+26 more paths]
├ ○ /locations/tech-audit
├   /locations/tech-audit/[location]
│ ├ ● /locations/tech-audit/chichester
│ ├ ● /locations/tech-audit/worthing
│ ├ ● /locations/tech-audit/horsham
│ └ ● [+26 more paths]
├ ƒ /opengraph-image
├ ○ /pricing
├ ○ /privacy
├ ○ /problems
├ ○ /problems/ai-paralysis
├ ○ /problems/bottleneck-growth
├ ○ /problems/buy-vs-build
├ ○ /problems/cant-scale-operations
├ ○ /problems/data-scattered
├ ○ /problems/disaster-recovery
├ ○ /problems/ecommerce-not-connected
├ ○ /problems/erp-implementation-failure
├ ○ /problems/inventory-blind
├ ○ /problems/legacy-system
├ ○ /problems/manual-workarounds
├ ○ /problems/no-ops-owner
├ ○ /problems/ops-in-owners-head
├ ○ /problems/seasonal-peaks
├ ○ /problems/slow-processes
├ ○ /problems/spreadsheet-addiction
├ ○ /problems/systems-dont-talk
├ ○ /problems/wrong-erp-software
├ ○ /process-quality-system
├ ○ /resources
├ ○ /resources/5-warning-signs
├ ○ /resources/artwork-approval-playbook
├ ○ /resources/audit-checklist
├ ○ /resources/capacity-planner
├ ○ /resources/decoded-method
├ ○ /resources/erp-selection-playbook
├ ○ /resources/seasonal-capacity
├ ○ /resources/six-sigma
├ ○ /resources/sop-template
├ ○ /retained
├ ƒ /robots.txt
├ ○ /sectors/awards-engraving
├ ○ /sectors/garment-decoration
├ ○ /sectors/labels-packaging
├ ○ /sectors/operations-consultant-print-embroidery
├ ○ /sectors/print-promotional
├ ○ /sectors/promotional-merchandise
├ ○ /sectors/schoolwear
├ ○ /sectors/signs-graphics
├ ○ /sectors/teamwear-clubwear
├ ○ /sectors/workwear
├ ƒ /sitemap.xml
├ ○ /small-business
├ ○ /tools
├ ○ /tools/automation-roi-calculator
├ ○ /tools/downtime-cost-calculator
├ ○ /tools/ops-health-score
├ ○ /tools/rto-calculator
├ ○ /tools/should-i-replace-erp
└ ○ /transform


ƒ Proxy (Middleware)

○  (Static)   prerendered as static content
●  (SSG)      prerendered as static HTML (uses generateStaticParams)
ƒ  (Dynamic)  server-rendered on demand
[0m
tsc clean, build passed. Now commit and write reports.
[0m$ [0mgit add -A && git commit -m "fix(seo): restore canonicals/og images, calculator page metadata (CR-WEB-065)"
warning: in the working copy of 'app/tools/ops-health-score/layout.tsx', LF will be replaced by CRLF the next time Git touches it
warning: in the working copy of 'app/tools/should-i-replace-erp/layout.tsx', LF will be replaced by CRLF the next time Git touches it
warning: in the working copy of 'data/route-slugs.json', LF will be replaced by CRLF the next time Git touches it
warning: in the working copy of '.context/lane-briefs/BRIEF-web065-fix1.md', LF will be replaced by CRLF the next time Git touches it
[web065-tech-seo f6a29cf] fix(seo): restore canonicals/og images, calculator page metadata (CR-WEB-065)
 5 files changed, 46 insertions(+), 12 deletions(-)
 create mode 100644 .context/lane-briefs/BRIEF-web065-fix1.md
[0m
[0m$ [0mmkdir -p .context/lane-reports
New-Item: An item with the specified name D:\apps\worktrees\decoded-ops-website\web065-tech-seo\.context\lane-reports already exists.
[0m
[0m$ [0mgit log --oneline -1
f6a29cf fix(seo): restore canonicals/og images, calculator page metadata (CR-WEB-065)
[0m
[0m← [0mWrite .context/lane-reports/LANE-RESULT-web065-fix1.json
Wrote file successfully.
[0m
[0m← [0mWrite .context/lane-reports/LANE-NOTES-web065-fix1.md
Wrote file successfully.
[0m
[0m$ [0mgit add .context/lane-reports/LANE-RESULT-web065-fix1.json .context/lane-reports/LANE-NOTES-web065-fix1.md && git commit -m "docs: lane report for web065-fix1"
warning: in the working copy of '.context/lane-reports/LANE-NOTES-web065-fix1.md', LF will be replaced by CRLF the next time Git touches it
warning: in the working copy of '.context/lane-reports/LANE-RESULT-web065-fix1.json', LF will be replaced by CRLF the next time Git touches it
[web065-tech-seo daca81c] docs: lane report for web065-fix1
 2 files changed, 49 insertions(+)
 create mode 100644 .context/lane-reports/LANE-NOTES-web065-fix1.md
 create mode 100644 .context/lane-reports/LANE-RESULT-web065-fix1.json
[0m
Done. Two commits landed:

1. **`f6a29cf`** — fix(seo): restore canonicals/og images, calculator page metadata (CR-WEB-065)
2. **`daca81c`** — docs: lane report for web065-fix1

**Changes made:**
- Restored `alternates` and OG `images` to `ops-health-score/layout.tsx` and `should-i-replace-erp/layout.tsx`
- Set title/description/canonical/OG images on `capacity-planner/page.tsx` and `seasonal-capacity/page.tsx`
- Grep audit: no other files in commit a4d7835 lost metadata
- `npx tsc --noEmit`: clean | `npm run build`: passed
